Archive member included to satisfy reference by file (symbol)

/home/rjmendez/.platformio/packages/framework-arduinoasrmicro650x/cores/asr650x/projects/CubeCellLib.a(timeServer.o)
                              .pio/build/cubecell_board/src/main.cpp.o (TimerInit)
/home/rjmendez/.platformio/packages/framework-arduinoasrmicro650x/cores/asr650x/projects/CubeCellLib.a(asr_timer.o)
                              /home/rjmendez/.platformio/packages/framework-arduinoasrmicro650x/cores/asr650x/projects/CubeCellLib.a(timeServer.o) (Asr_Timer_RegisterAlarmCallback)
/home/rjmendez/.platformio/packages/framework-arduinoasrmicro650x/cores/asr650x/projects/CubeCellLib.a(AT_Command.o)
                              .pio/build/cubecell_board/src/main.cpp.o (printDevParam)
/home/rjmendez/.platformio/packages/framework-arduinoasrmicro650x/cores/asr650x/projects/CubeCellLib.a(ASR_Arduino.o)
                              /home/rjmendez/.platformio/packages/framework-arduinoasrmicro650x/cores/asr650x/projects/CubeCellLib.a(AT_Command.o) (getID)
/home/rjmendez/.platformio/packages/framework-arduinoasrmicro650x/cores/asr650x/projects/CubeCellLib.a(UART_1.o)
                              /home/rjmendez/.platformio/packages/framework-arduinoasrmicro650x/cores/asr650x/projects/CubeCellLib.a(ASR_Arduino.o) (UART_1_initVar)
/home/rjmendez/.platformio/packages/framework-arduinoasrmicro650x/cores/asr650x/projects/CubeCellLib.a(cyfitter_cfg.o)
                              /home/rjmendez/.platformio/packages/framework-arduinoasrmicro650x/cores/asr650x/projects/CubeCellLib.a(ASR_Arduino.o) (systime)
.pio/build/cubecell_board/lib839/libLoraWan102.a(LoRaMac.c.o)
                              /home/rjmendez/.platformio/packages/framework-arduinoasrmicro650x/cores/asr650x/projects/CubeCellLib.a(AT_Command.o) (OnRadioRxDone)
.pio/build/cubecell_board/lib839/libLoraWan102.a(LoRaMacClassB.c.o)
                              .pio/build/cubecell_board/lib839/libLoraWan102.a(LoRaMac.c.o) (LoRaMacClassBInit)
.pio/build/cubecell_board/lib839/libLoraWan102.a(LoRaMacConfirmQueue.c.o)
                              .pio/build/cubecell_board/lib839/libLoraWan102.a(LoRaMac.c.o) (LoRaMacConfirmQueueInit)
.pio/build/cubecell_board/lib839/libLoraWan102.a(LoRaMacCrypto.c.o)
                              .pio/build/cubecell_board/lib839/libLoraWan102.a(LoRaMac.c.o) (LoRaMacComputeMic)
.pio/build/cubecell_board/lib839/libLoraWan102.a(Region.c.o)
                              .pio/build/cubecell_board/lib839/libLoraWan102.a(LoRaMac.c.o) (RegionIsActive)
.pio/build/cubecell_board/lib839/libLoraWan102.a(RegionUS915.c.o)
                              .pio/build/cubecell_board/lib839/libLoraWan102.a(Region.c.o) (RegionUS915GetPhyParam)
.pio/build/cubecell_board/lib839/libLoraWan102.a(radio.c.o)
                              /home/rjmendez/.platformio/packages/framework-arduinoasrmicro650x/cores/asr650x/projects/CubeCellLib.a(AT_Command.o) (Radio)
.pio/build/cubecell_board/lib839/libLoraWan102.a(RegionCommon.c.o)
                              .pio/build/cubecell_board/lib839/libLoraWan102.a(RegionUS915.c.o) (RegionCommonGetJoinDc)
.pio/build/cubecell_board/libaa9/libLoRa.a(LoRaWan_APP.cpp.o)
                              /home/rjmendez/.platformio/packages/framework-arduinoasrmicro650x/cores/asr650x/projects/CubeCellLib.a(AT_Command.o) (lwan_dev_params_update)
.pio/build/cubecell_board/libaa9/libLoRa.a(LoRa_APP.cpp.o)
                              /home/rjmendez/.platformio/packages/framework-arduinoasrmicro650x/cores/asr650x/projects/CubeCellLib.a(AT_Command.o) (LoraRxTimeout)
.pio/build/cubecell_board/lib3c7/libRadSens.a(radSens1v2.cpp.o)
                              .pio/build/cubecell_board/src/main.cpp.o (ClimateGuard_RadSens1v2::ClimateGuard_RadSens1v2(unsigned char))
.pio/build/cubecell_board/libFrameworkArduino.a(HardwareSerial.cpp.o)
                              .pio/build/cubecell_board/src/main.cpp.o (HardwareSerial::begin(unsigned long, unsigned long, int, int, bool, unsigned long))
.pio/build/cubecell_board/libFrameworkArduino.a(Wire.cpp.o)
                              .pio/build/cubecell_board/lib3c7/libRadSens.a(radSens1v2.cpp.o) (TwoWire::read())
.pio/build/cubecell_board/libFrameworkArduino.a(basic.cpp.o)
                              .pio/build/cubecell_board/src/main.cpp.o (getBatteryVoltage())
.pio/build/cubecell_board/libFrameworkArduino.a(asr_board.c.o)
                              .pio/build/cubecell_board/lib839/libLoraWan102.a(radio.c.o) (SX126x)
.pio/build/cubecell_board/libFrameworkArduino.a(gpio.c.o)
                              .pio/build/cubecell_board/libFrameworkArduino.a(asr_board.c.o) (GpioInit)
.pio/build/cubecell_board/libFrameworkArduino.a(spi-board.c.o)
                              .pio/build/cubecell_board/libFrameworkArduino.a(asr_board.c.o) (SpiInit)
.pio/build/cubecell_board/libFrameworkArduino.a(ADC_SAR_Seq.c.o)
[...]
Memory Configuration

Name             Origin             Length             Attributes
rom              0x0000000000000000 0x0000000000020000 xr
ram              0x0000000020000000 0x0000000000004000 xrw
*default*        0x0000000000000000 0xffffffffffffffff

Linker script and memory map

LOAD /home/rjmendez/.platformio/packages/toolchain-gccarmnoneeabi/bin/../lib/gcc/arm-none-eabi/9.2.1/thumb/v6-m/nofp/crti.o
LOAD /home/rjmendez/.platformio/packages/toolchain-gccarmnoneeabi/bin/../lib/gcc/arm-none-eabi/9.2.1/thumb/v6-m/nofp/crtbegin.o
LOAD /home/rjmendez/.platformio/packages/toolchain-gccarmnoneeabi/bin/../lib/gcc/arm-none-eabi/9.2.1/../../../../arm-none-eabi/lib/thumb/v6-m/nofp/crt0.o
LOAD .pio/build/cubecell_board/src/main.cpp.o
START GROUP
LOAD /home/rjmendez/.platformio/packages/framework-arduinoasrmicro650x/cores/asr650x/projects/CubeCellLib.a
LOAD .pio/build/cubecell_board/lib839/libLoraWan102.a
LOAD .pio/build/cubecell_board/lib0c7/libRGB.a
LOAD .pio/build/cubecell_board/lib8da/libDISPLAY.a
LOAD .pio/build/cubecell_board/libaa9/libLoRa.a
LOAD .pio/build/cubecell_board/lib3c7/libRadSens.a
LOAD .pio/build/cubecell_board/libFrameworkArduinoVariant.a
LOAD .pio/build/cubecell_board/libFrameworkArduino.a
LOAD /home/rjmendez/.platformio/packages/toolchain-gccarmnoneeabi/bin/../lib/gcc/arm-none-eabi/9.2.1/../../../../arm-none-eabi/lib/thumb/v6-m/nofp/libstdc++_nano.a
END GROUP
LOAD /home/rjmendez/.platformio/packages/toolchain-gccarmnoneeabi/bin/../lib/gcc/arm-none-eabi/9.2.1/../../../../arm-none-eabi/lib/thumb/v6-m/nofp/libstdc++_nano.a
LOAD /home/rjmendez/.platformio/packages/toolchain-gccarmnoneeabi/bin/../lib/gcc/arm-none-eabi/9.2.1/../../../../arm-none-eabi/lib/thumb/v6-m/nofp/libm.a
START GROUP
LOAD /home/rjmendez/.platformio/packages/toolchain-gccarmnoneeabi/bin/../lib/gcc/arm-none-eabi/9.2.1/thumb/v6-m/nofp/libgcc.a
LOAD /home/rjmendez/.platformio/packages/toolchain-gccarmnoneeabi/bin/../lib/gcc/arm-none-eabi/9.2.1/../../../../arm-none-eabi/lib/thumb/v6-m/nofp/libc_nano.a
END GROUP
START GROUP
LOAD /home/rjmendez/.platformio/packages/toolchain-gccarmnoneeabi/bin/../lib/gcc/arm-none-eabi/9.2.1/thumb/v6-m/nofp/libgcc.a
LOAD /home/rjmendez/.platformio/packages/toolchain-gccarmnoneeabi/bin/../lib/gcc/arm-none-eabi/9.2.1/../../../../arm-none-eabi/lib/thumb/v6-m/nofp/libc_nano.a
END GROUP
LOAD /home/rjmendez/.platformio/packages/toolchain-gccarmnoneeabi/bin/../lib/gcc/arm-none-eabi/9.2.1/thumb/v6-m/nofp/crtend.o
LOAD /home/rjmendez/.platformio/packages/toolchain-gccarmnoneeabi/bin/../lib/gcc/arm-none-eabi/9.2.1/thumb/v6-m/nofp/crtn.o
START GROUP
LOAD /home/rjmendez/.platformio/packages/toolchain-gccarmnoneeabi/bin/../lib/gcc/arm-none-eabi/9.2.1/thumb/v6-m/nofp/libgcc.a
LOAD /home/rjmendez/.platformio/packages/toolchain-gccarmnoneeabi/bin/../lib/gcc/arm-none-eabi/9.2.1/../../../../arm-none-eabi/lib/thumb/v6-m/nofp/libc.a
LOAD /home/rjmendez/.platformio/packages/toolchain-gccarmnoneeabi/bin/../lib/gcc/arm-none-eabi/9.2.1/../../../../arm-none-eabi/lib/thumb/v6-m/nofp/libnosys.a
END GROUP
                0x0000000000000000                CY_APPL_ORIGIN = 0x0
                0x0000000000000100                CY_FLASH_ROW_SIZE = 0x100
                0x0000000000000001                CY_APPL_NUM = 0x1
                0x0000000000000001                CY_APPL_MAX = 0x1
                0x0000000000000040                CY_METADATA_SIZE = 0x40
                0x0000000000000001                CY_APPL_LOADABLE = 0x1
                0x0000000000000000                CY_CHECKSUM_EXCLUDE_SIZE = ALIGN (0x0, CY_FLASH_ROW_SIZE)
                0x0000000000000000                CY_APP_FOR_STACK_AND_COPIER = 0x0
                [!provide]                        PROVIDE (__cy_heap_start = _end)
                0x0000000000000001                PROVIDE (__cy_region_num = ((__cy_regions_end - __cy_regions) / 0x10))
                0x0000000020004000                PROVIDE (__cy_stack = (ORIGIN (ram) + LENGTH (ram)))
                [!provide]                        PROVIDE (__cy_heap_end = (__cy_stack - 0x800))

.cybootloader   0x0000000000000000     0x2200
 *(.cybootloader)
 .cybootloader  0x0000000000000000     0x2200 .pio/build/cubecell_board/libFrameworkArduino.a(cybootloader.c.o)
                0x0000000000000000                cy_bootloader
                0x0000000000002200                appl1_start = CY_APPL_ORIGIN?CY_APPL_ORIGIN:ALIGN (CY_FLASH_ROW_SIZE)
                0x0000000000011000                appl2_start = (appl1_start + ALIGN ((((LENGTH (rom) - appl1_start) - (0x2 * CY_FLASH_ROW_SIZE)) / 0x2), CY_FLASH_ROW_SIZE))
                0x0000000000002200                appl_start = (CY_APPL_NUM == 0x1)?appl1_start:appl2_start
                0x0000000000000000                cy_project_type_bootloader = (appl_start == 0x0)?0x1:0x0
                0x0000000000000000                cy_project_type_app_for_stack_and_copier = (CY_APP_FOR_STACK_AND_COPIER == 0x1)?0x1:0x0

.text           0x0000000000002200     0xf42c
 CREATE_OBJECT_SYMBOLS
                0x0000000000002200                PROVIDE (__cy_interrupt_vector = RomVectors)
 *(.romvectors)
 .romvectors    0x0000000000002200       0x10 .pio/build/cubecell_board/libFrameworkArduino.a(Cm0plusStart.c.o)
                0x0000000000002200                RomVectors
                0x0000000000000001                ASSERT ((. != __cy_interrupt_vector), No interrupt vector)
                0x0000000000000001                ASSERT (CY_APPL_ORIGIN?(SIZEOF (.cybootloader) <= CY_APPL_ORIGIN):0x1, Wrong image location)
                0x0000000000002210                PROVIDE (__cy_reset = Reset)
 *(.text.Reset)
 .text.Reset    0x0000000000002210       0x18 .pio/build/cubecell_board/libFrameworkArduino.a(Cm0plusStart.c.o)
                0x0000000000002210                Reset
                0x0000000000000001                ASSERT ((. != __cy_reset), No reset code)
 *(.psocinit)
 .psocinit      0x0000000000002228      0x1b8 /home/rjmendez/.platformio/packages/framework-arduinoasrmicro650x/cores/asr650x/projects/CubeCellLib.a(cyfitter_cfg.o)
                0x0000000000002228                cyfitter_cfg
                0x00000000000023e0                . = MAX (., 0x100)
 *(.text .text.* .gnu.linkonce.t.*)
 .text.__do_global_dtors_aux
                0x00000000000023e0       0x28 /home/rjmendez/.platformio/packages/toolchain-gccarmnoneeabi/bin/../lib/gcc/arm-none-eabi/9.2.1/thumb/v6-m/nofp/crtbegin.o
 .text.frame_dummy
                0x0000000000002408       0x20 /home/rjmendez/.platformio/packages/toolchain-gccarmnoneeabi/bin/../lib/gcc/arm-none-eabi/9.2.1/thumb/v6-m/nofp/crtbegin.o
 .text._ZL6wakeUpv
                0x0000000000002428        0xc .pio/build/cubecell_board/src/main.cpp.o
 .text._Z14prepareTxFrameh
                0x0000000000002434      0x120 .pio/build/cubecell_board/src/main.cpp.o
                0x0000000000002434                prepareTxFrame(unsigned char)
 .text._Z5setupv
                0x0000000000002554       0xc0 .pio/build/cubecell_board/src/main.cpp.o
                0x0000000000002554                setup()
 .text._Z4loopv
                0x0000000000002614       0xc4 .pio/build/cubecell_board/src/main.cpp.o
                0x0000000000002614                loop()
 .text.startup._GLOBAL__sub_I_radSens
                0x00000000000026d8       0x24 .pio/build/cubecell_board/src/main.cpp.o
 .text.RTC_Update_ASR
                0x00000000000026fc       0x2c /home/rjmendez/.platformio/packages/framework-arduinoasrmicro650x/cores/asr650x/projects/CubeCellLib.a(timeServer.o)
 .text.TimerInit
                0x0000000000002728        0xe /home/rjmendez/.platformio/packages/framework-arduinoasrmicro650x/cores/asr650x/projects/CubeCellLib.a(timeServer.o)
                0x0000000000002728                TimerInit
 *fill*         0x0000000000002736        0x2 
 .text.RtcGetTimerValue
                0x0000000000002738       0x50 /home/rjmendez/.platformio/packages/framework-arduinoasrmicro650x/cores/asr650x/projects/CubeCellLib.a(timeServer.o)
                0x0000000000002738                RtcGetTimerValue
 .text.RtcGetElapsedTime
                0x0000000000002788       0x18 /home/rjmendez/.platformio/packages/framework-arduinoasrmicro650x/cores/asr650x/projects/CubeCellLib.a(timeServer.o)
 .text.TimerSetTimeout
                0x00000000000027a0       0x40 /home/rjmendez/.platformio/packages/framework-arduinoasrmicro650x/cores/asr650x/projects/CubeCellLib.a(timeServer.o)
 .text.TimerInsertNewHeadTimer
                0x00000000000027e0       0x1c /home/rjmendez/.platformio/packages/framework-arduinoasrmicro650x/cores/asr650x/projects/CubeCellLib.a(timeServer.o)
 .text.TimeStampsUpdate
                0x00000000000027fc       0x34 /home/rjmendez/.platformio/packages/framework-arduinoasrmicro650x/cores/asr650x/projects/CubeCellLib.a(timeServer.o)
 .text.TimerStart
                0x0000000000002830       0x8c /home/rjmendez/.platformio/packages/framework-arduinoasrmicro650x/cores/asr650x/projects/CubeCellLib.a(timeServer.o)
                0x0000000000002830                TimerStart
 .text.TimerStop
                0x00000000000028bc       0x60 /home/rjmendez/.platformio/packages/framework-arduinoasrmicro650x/cores/asr650x/projects/CubeCellLib.a(timeServer.o)
                0x00000000000028bc                TimerStop
 .text.TimerSetValue
                0x000000000000291c       0x16 /home/rjmendez/.platformio/packages/framework-arduinoasrmicro650x/cores/asr650x/projects/CubeCellLib.a(timeServer.o)
                0x000000000000291c                TimerSetValue
 *fill*         0x0000000000002932        0x2 
 .text.TimerIrqHandler
                0x0000000000002934       0x58 /home/rjmendez/.platformio/packages/framework-arduinoasrmicro650x/cores/asr650x/projects/CubeCellLib.a(timeServer.o)
                0x0000000000002934                TimerIrqHandler
 .text.TimerGetCurrentTime
                0x000000000000298c       0x18 /home/rjmendez/.platformio/packages/framework-arduinoasrmicro650x/cores/asr650x/projects/CubeCellLib.a(timeServer.o)
                0x000000000000298c                TimerGetCurrentTime
 .text.TimerGetElapsedTime
                0x00000000000029a4       0x10 /home/rjmendez/.platformio/packages/framework-arduinoasrmicro650x/cores/asr650x/projects/CubeCellLib.a(timeServer.o)
                0x00000000000029a4                TimerGetElapsedTime
 .text.TimerSetSysTime
                0x00000000000029b4       0x3c /home/rjmendez/.platformio/packages/framework-arduinoasrmicro650x/cores/asr650x/projects/CubeCellLib.a(timeServer.o)
                0x00000000000029b4                TimerSetSysTime
 .text.TimerGetSysTime
                0x00000000000029f0       0x2c /home/rjmendez/.platformio/packages/framework-arduinoasrmicro650x/cores/asr650x/projects/CubeCellLib.a(timeServer.o)
                0x00000000000029f0                TimerGetSysTime
 .text.RtcInit  0x0000000000002a1c       0x3c /home/rjmendez/.platformio/packages/framework-arduinoasrmicro650x/cores/asr650x/projects/CubeCellLib.a(timeServer.o)
                0x0000000000002a1c                RtcInit
 .text.Asr_Timer_RegisterAlarmCallback
                0x0000000000002a58       0x10 /home/rjmendez/.platformio/packages/framework-arduinoasrmicro650x/cores/asr650x/projects/CubeCellLib.a(asr_timer.o)
                0x0000000000002a58                Asr_Timer_RegisterAlarmCallback
 .text.Asr_SetTimeout
                0x0000000000002a68       0xc8 /home/rjmendez/.platformio/packages/framework-arduinoasrmicro650x/cores/asr650x/projects/CubeCellLib.a(asr_timer.o)
                0x0000000000002a68                Asr_SetTimeout
 .text.Asr_Timer_Init
                0x0000000000002b30       0x68 /home/rjmendez/.platformio/packages/framework-arduinoasrmicro650x/cores/asr650x/projects/CubeCellLib.a(asr_timer.o)
                0x0000000000002b30                Asr_Timer_Init
 .text.Asr_Timer_Disable
                0x0000000000002b98       0x18 /home/rjmendez/.platformio/packages/framework-arduinoasrmicro650x/cores/asr650x/projects/CubeCellLib.a(asr_timer.o)
                0x0000000000002b98                Asr_Timer_Disable
 .text.Timer0IsrCallback
                0x0000000000002bb0       0x1c /home/rjmendez/.platformio/packages/framework-arduinoasrmicro650x/cores/asr650x/projects/CubeCellLib.a(asr_timer.o)
                0x0000000000002bb0                Timer0IsrCallback
 .text.Timer1IsrCallback
                0x0000000000002bcc       0x30 /home/rjmendez/.platformio/packages/framework-arduinoasrmicro650x/cores/asr650x/projects/CubeCellLib.a(asr_timer.o)
                0x0000000000002bcc                Timer1IsrCallback
 .text.print_para_1
                0x0000000000002bfc       0x20 /home/rjmendez/.platformio/packages/framework-arduinoasrmicro650x/cores/asr650x/projects/CubeCellLib.a(AT_Command.o)
                0x0000000000002bfc                print_para_1
 .text.netInfoDisable
                0x0000000000002c1c       0x1a /home/rjmendez/.platformio/packages/framework-arduinoasrmicro650x/cores/asr650x/projects/CubeCellLib.a(AT_Command.o)
                0x0000000000002c1c                netInfoDisable
 *fill*         0x0000000000002c36        0x2 
 .text.saveNetInfo
                0x0000000000002c38       0x58 /home/rjmendez/.platformio/packages/framework-arduinoasrmicro650x/cores/asr650x/projects/CubeCellLib.a(AT_Command.o)
                0x0000000000002c38                saveNetInfo
 .text.checkNetInfo
                0x0000000000002c90       0x34 /home/rjmendez/.platformio/packages/framework-arduinoasrmicro650x/cores/asr650x/projects/CubeCellLib.a(AT_Command.o)
                0x0000000000002c90                checkNetInfo
 .text.saveDownCnt
                0x0000000000002cc4       0x40 /home/rjmendez/.platformio/packages/framework-arduinoasrmicro650x/cores/asr650x/projects/CubeCellLib.a(AT_Command.o)
                0x0000000000002cc4                saveDownCnt
 .text.getNetInfo
                0x0000000000002d04      0x120 /home/rjmendez/.platformio/packages/framework-arduinoasrmicro650x/cores/asr650x/projects/CubeCellLib.a(AT_Command.o)
                0x0000000000002d04                getNetInfo
 .text.printDevParam
                0x0000000000002e24      0x224 /home/rjmendez/.platformio/packages/framework-arduinoasrmicro650x/cores/asr650x/projects/CubeCellLib.a(AT_Command.o)
                0x0000000000002e24                printDevParam
 .text.__pinMode
                0x0000000000003048       0x74 /home/rjmendez/.platformio/packages/framework-arduinoasrmicro650x/cores/asr650x/projects/CubeCellLib.a(ASR_Arduino.o)
 .text.globalGpioIsrEntry
                0x00000000000030bc       0x90 /home/rjmendez/.platformio/packages/framework-arduinoasrmicro650x/cores/asr650x/projects/CubeCellLib.a(ASR_Arduino.o)
                0x00000000000030bc                globalGpioIsrEntry
 .text.getID    0x000000000000314c       0x18 /home/rjmendez/.platformio/packages/framework-arduinoasrmicro650x/cores/asr650x/projects/CubeCellLib.a(ASR_Arduino.o)
                0x000000000000314c                getID
 .text.license_check
                0x0000000000003164      0x268 /home/rjmendez/.platformio/packages/framework-arduinoasrmicro650x/cores/asr650x/projects/CubeCellLib.a(ASR_Arduino.o)
                0x0000000000003164                license_check
 .text.pinMode  0x00000000000033cc       0x1a /home/rjmendez/.platformio/packages/framework-arduinoasrmicro650x/cores/asr650x/projects/CubeCellLib.a(ASR_Arduino.o)
                0x00000000000033cc                pinMode
 *fill*         0x00000000000033e6        0x2 
 .text.digitalWrite
                0x00000000000033e8       0x68 /home/rjmendez/.platformio/packages/framework-arduinoasrmicro650x/cores/asr650x/projects/CubeCellLib.a(ASR_Arduino.o)
                0x00000000000033e8                digitalWrite
 .text.digitalRead
                0x0000000000003450       0x20 /home/rjmendez/.platformio/packages/framework-arduinoasrmicro650x/cores/asr650x/projects/CubeCellLib.a(ASR_Arduino.o)
                0x0000000000003450                digitalRead
 .text.ClearPinInterrupt
                0x0000000000003470       0x1c /home/rjmendez/.platformio/packages/framework-arduinoasrmicro650x/cores/asr650x/projects/CubeCellLib.a(ASR_Arduino.o)
                0x0000000000003470                ClearPinInterrupt
 .text.attachInterrupt
                0x000000000000348c       0x80 /home/rjmendez/.platformio/packages/framework-arduinoasrmicro650x/cores/asr650x/projects/CubeCellLib.a(ASR_Arduino.o)
                0x000000000000348c                attachInterrupt
 .text.detachInterrupt
                0x000000000000350c       0x78 /home/rjmendez/.platformio/packages/framework-arduinoasrmicro650x/cores/asr650x/projects/CubeCellLib.a(ASR_Arduino.o)
                0x000000000000350c                detachInterrupt
 .text.analogRead
                0x0000000000003584       0x60 /home/rjmendez/.platformio/packages/framework-arduinoasrmicro650x/cores/asr650x/projects/CubeCellLib.a(ASR_Arduino.o)
                0x0000000000003584                analogRead
 .text.analogReadmV
                0x00000000000035e4       0x20 /home/rjmendez/.platformio/packages/framework-arduinoasrmicro650x/cores/asr650x/projects/CubeCellLib.a(ASR_Arduino.o)
                0x00000000000035e4                analogReadmV
 .text.delay    0x0000000000003604        0x8 /home/rjmendez/.platformio/packages/framework-arduinoasrmicro650x/cores/asr650x/projects/CubeCellLib.a(ASR_Arduino.o)
                0x0000000000003604                delay
 .text.millis   0x000000000000360c        0x8 /home/rjmendez/.platformio/packages/framework-arduinoasrmicro650x/cores/asr650x/projects/CubeCellLib.a(ASR_Arduino.o)
                0x000000000000360c                millis
 .text.UART_1_Enable
                0x0000000000003614       0x20 /home/rjmendez/.platformio/packages/framework-arduinoasrmicro650x/cores/asr650x/projects/CubeCellLib.a(UART_1.o)
                0x0000000000003614                UART_1_Enable
 .text.UART_1_Start
                0x0000000000003634       0x54 /home/rjmendez/.platformio/packages/framework-arduinoasrmicro650x/cores/asr650x/projects/CubeCellLib.a(UART_1.o)
                0x0000000000003634                UART_1_Start
 .text.systemTimer
                0x0000000000003688       0x10 /home/rjmendez/.platformio/packages/framework-arduinoasrmicro650x/cores/asr650x/projects/CubeCellLib.a(cyfitter_cfg.o)
                0x0000000000003688                systemTimer
 .text.SetAnalogRoutingPumps
                0x0000000000003698       0x1c /home/rjmendez/.platformio/packages/framework-arduinoasrmicro650x/cores/asr650x/projects/CubeCellLib.a(cyfitter_cfg.o)
                0x0000000000003698                SetAnalogRoutingPumps
 .text.SetMlmeScheduleUplinkIndication
                0x00000000000036b4       0x1c .pio/build/cubecell_board/lib839/libLoraWan102.a(LoRaMac.c.o)
 .text.AddMacCommand
                0x00000000000036d0      0x1b8 .pio/build/cubecell_board/lib839/libLoraWan102.a(LoRaMac.c.o)
 .text.ResetMacParameters
                0x0000000000003888       0xe0 .pio/build/cubecell_board/lib839/libLoraWan102.a(LoRaMac.c.o)
 .text.OnAckTimeoutTimerEvent
                0x0000000000003968       0x4c .pio/build/cubecell_board/lib839/libLoraWan102.a(LoRaMac.c.o)
 .text.ValidatePayloadLength
                0x00000000000039b4       0x5c .pio/build/cubecell_board/lib839/libLoraWan102.a(LoRaMac.c.o)
 .text.PrepareRxDoneAbort
                0x0000000000003a10       0x48 .pio/build/cubecell_board/lib839/libLoraWan102.a(LoRaMac.c.o)
 .text.ProcessMacCommands
                0x0000000000003a58      0x42c .pio/build/cubecell_board/lib839/libLoraWan102.a(LoRaMac.c.o)
 .text.OnRadioRxDone
                0x0000000000003e84      0x610 .pio/build/cubecell_board/lib839/libLoraWan102.a(LoRaMac.c.o)
                0x0000000000003e84                OnRadioRxDone
 .text.ScheduleTx
                0x0000000000004494      0x254 .pio/build/cubecell_board/lib839/libLoraWan102.a(LoRaMac.c.o)
 .text.OnRadioCadDone
                0x00000000000046e8       0xd0 .pio/build/cubecell_board/lib839/libLoraWan102.a(LoRaMac.c.o)
 .text.Onwota_CadTimer
                0x00000000000047b8       0x88 .pio/build/cubecell_board/lib839/libLoraWan102.a(LoRaMac.c.o)
                0x00000000000047b8                Onwota_CadTimer
 .text.RxWindowSetup
                0x0000000000004840       0x18 .pio/build/cubecell_board/lib839/libLoraWan102.a(LoRaMac.c.o)
 .text.OnRxWindow2TimerEvent
                0x0000000000004858       0x78 .pio/build/cubecell_board/lib839/libLoraWan102.a(LoRaMac.c.o)
 .text.OpenContinuousRx2Window
                0x00000000000048d0       0x14 .pio/build/cubecell_board/lib839/libLoraWan102.a(LoRaMac.c.o)
 .text.OnRadioTxTimeout
                0x00000000000048e4       0x64 .pio/build/cubecell_board/lib839/libLoraWan102.a(LoRaMac.c.o)
 .text.OnRadioRxTimeout
                0x0000000000004948      0x100 .pio/build/cubecell_board/lib839/libLoraWan102.a(LoRaMac.c.o)
 .text.OnRadioRxError
                0x0000000000004a48      0x100 .pio/build/cubecell_board/lib839/libLoraWan102.a(LoRaMac.c.o)
 .text.OnRadioTxDone
                0x0000000000004b48      0x160 .pio/build/cubecell_board/lib839/libLoraWan102.a(LoRaMac.c.o)
 .text.OnRxWindow1TimerEvent
                0x0000000000004ca8       0x7c .pio/build/cubecell_board/lib839/libLoraWan102.a(LoRaMac.c.o)
 .text.PrepareFrame
                0x0000000000004d24      0x36c .pio/build/cubecell_board/lib839/libLoraWan102.a(LoRaMac.c.o)
                0x0000000000004d24                PrepareFrame
 .text.Send     0x0000000000005090       0x4c .pio/build/cubecell_board/lib839/libLoraWan102.a(LoRaMac.c.o)
                0x0000000000005090                Send
 .text.OnTxDelayedTimerEvent
                0x00000000000050dc       0x80 .pio/build/cubecell_board/lib839/libLoraWan102.a(LoRaMac.c.o)
 .text.OnMacStateCheckTimerEvent
                0x000000000000515c      0x34c .pio/build/cubecell_board/lib839/libLoraWan102.a(LoRaMac.c.o)
 .text.SendFrameOnChannel
                0x00000000000054a8      0x120 .pio/build/cubecell_board/lib839/libLoraWan102.a(LoRaMac.c.o)
                0x00000000000054a8                SendFrameOnChannel
 .text.OnTxImmediateTimerEvent
                0x00000000000055c8       0x1c .pio/build/cubecell_board/lib839/libLoraWan102.a(LoRaMac.c.o)
 .text.SetTxContinuousWave
                0x00000000000055e4       0x64 .pio/build/cubecell_board/lib839/libLoraWan102.a(LoRaMac.c.o)
                0x00000000000055e4                SetTxContinuousWave
 .text.SetTxContinuousWave1
                0x0000000000005648       0x3c .pio/build/cubecell_board/lib839/libLoraWan102.a(LoRaMac.c.o)
                0x0000000000005648                SetTxContinuousWave1
 .text.LoRaMacInitialization
                0x0000000000005684      0x334 .pio/build/cubecell_board/lib839/libLoraWan102.a(LoRaMac.c.o)
                0x0000000000005684                LoRaMacInitialization
 .text.LoRaMacQueryTxPossible
                0x00000000000059b8      0x16c .pio/build/cubecell_board/lib839/libLoraWan102.a(LoRaMac.c.o)
                0x00000000000059b8                LoRaMacQueryTxPossible
 .text.LoRaMacMibGetRequestConfirm
                0x0000000000005b24      0x13c .pio/build/cubecell_board/lib839/libLoraWan102.a(LoRaMac.c.o)
                0x0000000000005b24                LoRaMacMibGetRequestConfirm
 .text.LoRaMacMulticastChannelLink
                0x0000000000005c60       0x44 .pio/build/cubecell_board/lib839/libLoraWan102.a(LoRaMac.c.o)
                0x0000000000005c60                LoRaMacMulticastChannelLink
 .text.LoRaMacMulticastChannelUnlink
                0x0000000000005ca4       0x44 .pio/build/cubecell_board/lib839/libLoraWan102.a(LoRaMac.c.o)
                0x0000000000005ca4                LoRaMacMulticastChannelUnlink
 .text.LoRaMacMibSetRequestConfirm
                0x0000000000005ce8      0x360 .pio/build/cubecell_board/lib839/libLoraWan102.a(LoRaMac.c.o)
                0x0000000000005ce8                LoRaMacMibSetRequestConfirm
 .text.LoRaMacMlmeRequest
                0x0000000000006048      0x23c .pio/build/cubecell_board/lib839/libLoraWan102.a(LoRaMac.c.o)
                0x0000000000006048                LoRaMacMlmeRequest
 .text.LoRaMacMcpsRequest
                0x0000000000006284      0x180 .pio/build/cubecell_board/lib839/libLoraWan102.a(LoRaMac.c.o)
                0x0000000000006284                LoRaMacMcpsRequest
 .text.LoRaMacClassBInit
                0x0000000000006404        0x2 .pio/build/cubecell_board/lib839/libLoraWan102.a(LoRaMacClassB.c.o)
                0x0000000000006404                LoRaMacClassBInit
 .text.LoRaMacClassBSetBeaconState
                0x0000000000006406        0x2 .pio/build/cubecell_board/lib839/libLoraWan102.a(LoRaMacClassB.c.o)
                0x0000000000006406                LoRaMacClassBSetBeaconState
 .text.LoRaMacClassBSetPingSlotState
                0x0000000000006408        0x2 .pio/build/cubecell_board/lib839/libLoraWan102.a(LoRaMacClassB.c.o)
                0x0000000000006408                LoRaMacClassBSetPingSlotState
 .text.LoRaMacClassBSetMulticastSlotState
                0x000000000000640a        0x2 .pio/build/cubecell_board/lib839/libLoraWan102.a(LoRaMacClassB.c.o)
                0x000000000000640a                LoRaMacClassBSetMulticastSlotState
 .text.LoRaMacClassBIsAcquisitionInProgress
                0x000000000000640c        0x4 .pio/build/cubecell_board/lib839/libLoraWan102.a(LoRaMacClassB.c.o)
                0x000000000000640c                LoRaMacClassBIsAcquisitionInProgress
 .text.LoRaMacClassBBeaconTimerEvent
                0x0000000000006410        0x2 .pio/build/cubecell_board/lib839/libLoraWan102.a(LoRaMacClassB.c.o)
                0x0000000000006410                LoRaMacClassBBeaconTimerEvent
 .text.LoRaMacClassBPingSlotTimerEvent
                0x0000000000006412        0x2 .pio/build/cubecell_board/lib839/libLoraWan102.a(LoRaMacClassB.c.o)
                0x0000000000006412                LoRaMacClassBPingSlotTimerEvent
 .text.LoRaMacClassBMulticastSlotTimerEvent
                0x0000000000006414        0x2 .pio/build/cubecell_board/lib839/libLoraWan102.a(LoRaMacClassB.c.o)
                0x0000000000006414                LoRaMacClassBMulticastSlotTimerEvent
 .text.LoRaMacClassBRxBeacon
                0x0000000000006416        0x4 .pio/build/cubecell_board/lib839/libLoraWan102.a(LoRaMacClassB.c.o)
                0x0000000000006416                LoRaMacClassBRxBeacon
 .text.LoRaMacClassBIsBeaconExpected
                0x000000000000641a        0x4 .pio/build/cubecell_board/lib839/libLoraWan102.a(LoRaMacClassB.c.o)
                0x000000000000641a                LoRaMacClassBIsBeaconExpected
 .text.LoRaMacClassBIsPingExpected
                0x000000000000641e        0x4 .pio/build/cubecell_board/lib839/libLoraWan102.a(LoRaMacClassB.c.o)
                0x000000000000641e                LoRaMacClassBIsPingExpected
 .text.LoRaMacClassBIsMulticastExpected
                0x0000000000006422        0x4 .pio/build/cubecell_board/lib839/libLoraWan102.a(LoRaMacClassB.c.o)
                0x0000000000006422                LoRaMacClassBIsMulticastExpected
 .text.LoRaMacClassBIsBeaconModeActive
                0x0000000000006426        0x4 .pio/build/cubecell_board/lib839/libLoraWan102.a(LoRaMacClassB.c.o)
                0x0000000000006426                LoRaMacClassBIsBeaconModeActive
 .text.LoRaMacClassBSetPingSlotInfo
                0x000000000000642a        0x2 .pio/build/cubecell_board/lib839/libLoraWan102.a(LoRaMacClassB.c.o)
                0x000000000000642a                LoRaMacClassBSetPingSlotInfo
 .text.LoRaMacClassBHaltBeaconing
                0x000000000000642c        0x2 .pio/build/cubecell_board/lib839/libLoraWan102.a(LoRaMacClassB.c.o)
                0x000000000000642c                LoRaMacClassBHaltBeaconing
 .text.LoRaMacClassBResumeBeaconing
                0x000000000000642e        0x2 .pio/build/cubecell_board/lib839/libLoraWan102.a(LoRaMacClassB.c.o)
                0x000000000000642e                LoRaMacClassBResumeBeaconing
 .text.LoRaMacClassBSwitchClass
                0x0000000000006430        0x4 .pio/build/cubecell_board/lib839/libLoraWan102.a(LoRaMacClassB.c.o)
                0x0000000000006430                LoRaMacClassBSwitchClass
 .text.LoRaMacClassBMibGetRequestConfirm
                0x0000000000006434        0x4 .pio/build/cubecell_board/lib839/libLoraWan102.a(LoRaMacClassB.c.o)
                0x0000000000006434                LoRaMacClassBMibGetRequestConfirm
 .text.LoRaMacMibClassBSetRequestConfirm
                0x0000000000006438        0x4 .pio/build/cubecell_board/lib839/libLoraWan102.a(LoRaMacClassB.c.o)
                0x0000000000006438                LoRaMacMibClassBSetRequestConfirm
 .text.LoRaMacClassBPingSlotInfoAns
                0x000000000000643c        0x2 .pio/build/cubecell_board/lib839/libLoraWan102.a(LoRaMacClassB.c.o)
                0x000000000000643c                LoRaMacClassBPingSlotInfoAns
 .text.LoRaMacClassBPingSlotChannelReq
                0x000000000000643e        0x4 .pio/build/cubecell_board/lib839/libLoraWan102.a(LoRaMacClassB.c.o)
                0x000000000000643e                LoRaMacClassBPingSlotChannelReq
 .text.LoRaMacClassBBeaconTimingAns
                0x0000000000006442        0x2 .pio/build/cubecell_board/lib839/libLoraWan102.a(LoRaMacClassB.c.o)
                0x0000000000006442                LoRaMacClassBBeaconTimingAns
 .text.LoRaMacClassBDeviceTimeAns
                0x0000000000006444       0x16 .pio/build/cubecell_board/lib839/libLoraWan102.a(LoRaMacClassB.c.o)
                0x0000000000006444                LoRaMacClassBDeviceTimeAns
 .text.LoRaMacClassBBeaconFreqReq
                0x000000000000645a        0x4 .pio/build/cubecell_board/lib839/libLoraWan102.a(LoRaMacClassB.c.o)
                0x000000000000645a                LoRaMacClassBBeaconFreqReq
 .text.LoRaMacClassBIsUplinkCollision
                0x000000000000645e        0x6 .pio/build/cubecell_board/lib839/libLoraWan102.a(LoRaMacClassB.c.o)
                0x000000000000645e                LoRaMacClassBIsUplinkCollision
 .text.LoRaMacClassBStopRxSlots
                0x0000000000006464        0x2 .pio/build/cubecell_board/lib839/libLoraWan102.a(LoRaMacClassB.c.o)
                0x0000000000006464                LoRaMacClassBStopRxSlots
 .text.LoRaMacClassBSetMulticastPeriodicity
                0x0000000000006466        0x2 .pio/build/cubecell_board/lib839/libLoraWan102.a(LoRaMacClassB.c.o)
                0x0000000000006466                LoRaMacClassBSetMulticastPeriodicity
 .text.LoRaMacConfirmQueueInit
                0x0000000000006468       0x40 .pio/build/cubecell_board/lib839/libLoraWan102.a(LoRaMacConfirmQueue.c.o)
                0x0000000000006468                LoRaMacConfirmQueueInit
 .text.LoRaMacConfirmQueueAdd
                0x00000000000064a8       0x44 .pio/build/cubecell_board/lib839/libLoraWan102.a(LoRaMacConfirmQueue.c.o)
                0x00000000000064a8                LoRaMacConfirmQueueAdd
 .text.LoRaMacConfirmQueueRemoveLast
                0x00000000000064ec       0x30 .pio/build/cubecell_board/lib839/libLoraWan102.a(LoRaMacConfirmQueue.c.o)
                0x00000000000064ec                LoRaMacConfirmQueueRemoveLast
 .text.LoRaMacConfirmQueueRemoveFirst
                0x000000000000651c       0x30 .pio/build/cubecell_board/lib839/libLoraWan102.a(LoRaMacConfirmQueue.c.o)
                0x000000000000651c                LoRaMacConfirmQueueRemoveFirst
 .text.LoRaMacConfirmQueueSetStatus
                0x000000000000654c       0x48 .pio/build/cubecell_board/lib839/libLoraWan102.a(LoRaMacConfirmQueue.c.o)
                0x000000000000654c                LoRaMacConfirmQueueSetStatus
 .text.LoRaMacConfirmQueueGetStatus
                0x0000000000006594       0x48 .pio/build/cubecell_board/lib839/libLoraWan102.a(LoRaMacConfirmQueue.c.o)
                0x0000000000006594                LoRaMacConfirmQueueGetStatus
 .text.LoRaMacConfirmQueueSetStatusCmn
                0x00000000000065dc       0x4c .pio/build/cubecell_board/lib839/libLoraWan102.a(LoRaMacConfirmQueue.c.o)
                0x00000000000065dc                LoRaMacConfirmQueueSetStatusCmn
 .text.LoRaMacConfirmQueueGetStatusCmn
                0x0000000000006628        0xc .pio/build/cubecell_board/lib839/libLoraWan102.a(LoRaMacConfirmQueue.c.o)
                0x0000000000006628                LoRaMacConfirmQueueGetStatusCmn
 .text.LoRaMacConfirmQueueIsCmdActive
                0x0000000000006634       0x38 .pio/build/cubecell_board/lib839/libLoraWan102.a(LoRaMacConfirmQueue.c.o)
                0x0000000000006634                LoRaMacConfirmQueueIsCmdActive
 .text.LoRaMacConfirmQueueHandleCb
                0x000000000000666c       0x58 .pio/build/cubecell_board/lib839/libLoraWan102.a(LoRaMacConfirmQueue.c.o)
                0x000000000000666c                LoRaMacConfirmQueueHandleCb
 .text.LoRaMacConfirmQueueGetCnt
                0x00000000000066c4        0xc .pio/build/cubecell_board/lib839/libLoraWan102.a(LoRaMacConfirmQueue.c.o)
                0x00000000000066c4                LoRaMacConfirmQueueGetCnt
 .text.LoRaMacConfirmQueueIsFull
                0x00000000000066d0       0x14 .pio/build/cubecell_board/lib839/libLoraWan102.a(LoRaMacConfirmQueue.c.o)
                0x00000000000066d0                LoRaMacConfirmQueueIsFull
 .text.LoRaMacComputeMic
                0x00000000000066e4       0x84 .pio/build/cubecell_board/lib839/libLoraWan102.a(LoRaMacCrypto.c.o)
                0x00000000000066e4                LoRaMacComputeMic
 .text.LoRaMacPayloadEncrypt
                0x0000000000006768       0xd8 .pio/build/cubecell_board/lib839/libLoraWan102.a(LoRaMacCrypto.c.o)
                0x0000000000006768                LoRaMacPayloadEncrypt
 .text.LoRaMacPayloadDecrypt
                0x0000000000006840       0x1a .pio/build/cubecell_board/lib839/libLoraWan102.a(LoRaMacCrypto.c.o)
                0x0000000000006840                LoRaMacPayloadDecrypt
 *fill*         0x000000000000685a        0x2 
 .text.LoRaMacJoinComputeMic
                0x000000000000685c       0x50 .pio/build/cubecell_board/lib839/libLoraWan102.a(LoRaMacCrypto.c.o)
                0x000000000000685c                LoRaMacJoinComputeMic
 .text.LoRaMacJoinDecrypt
                0x00000000000068ac       0x44 .pio/build/cubecell_board/lib839/libLoraWan102.a(LoRaMacCrypto.c.o)
                0x00000000000068ac                LoRaMacJoinDecrypt
 .text.LoRaMacJoinComputeSKeys
                0x00000000000068f0       0x9c .pio/build/cubecell_board/lib839/libLoraWan102.a(LoRaMacCrypto.c.o)
                0x00000000000068f0                LoRaMacJoinComputeSKeys
 .text.RegionIsActive
                0x000000000000698c        0xa .pio/build/cubecell_board/lib839/libLoraWan102.a(Region.c.o)
                0x000000000000698c                RegionIsActive
 .text.RegionGetPhyParam
                0x0000000000006996       0x18 .pio/build/cubecell_board/lib839/libLoraWan102.a(Region.c.o)
                0x0000000000006996                RegionGetPhyParam
 .text.RegionSetBandTxDone
                0x00000000000069ae        0xe .pio/build/cubecell_board/lib839/libLoraWan102.a(Region.c.o)
                0x00000000000069ae                RegionSetBandTxDone
 .text.RegionInitDefaults
                0x00000000000069bc        0xe .pio/build/cubecell_board/lib839/libLoraWan102.a(Region.c.o)
                0x00000000000069bc                RegionInitDefaults
 .text.RegionVerify
                0x00000000000069ca       0x18 .pio/build/cubecell_board/lib839/libLoraWan102.a(Region.c.o)
                0x00000000000069ca                RegionVerify
 .text.RegionApplyCFList
                0x00000000000069e2        0xe .pio/build/cubecell_board/lib839/libLoraWan102.a(Region.c.o)
                0x00000000000069e2                RegionApplyCFList
 .text.RegionChanMaskSet
                0x00000000000069f0       0x14 .pio/build/cubecell_board/lib839/libLoraWan102.a(Region.c.o)
                0x00000000000069f0                RegionChanMaskSet
 .text.RegionAdrNext
                0x0000000000006a04       0x1c .pio/build/cubecell_board/lib839/libLoraWan102.a(Region.c.o)
                0x0000000000006a04                RegionAdrNext
 .text.RegionComputeRxWindowParameters
                0x0000000000006a20       0x16 .pio/build/cubecell_board/lib839/libLoraWan102.a(Region.c.o)
                0x0000000000006a20                RegionComputeRxWindowParameters
 .text.RegionRxConfig
                0x0000000000006a36       0x18 .pio/build/cubecell_board/lib839/libLoraWan102.a(Region.c.o)
                0x0000000000006a36                RegionRxConfig
 .text.RegionTxConfig
                0x0000000000006a4e       0x1a .pio/build/cubecell_board/lib839/libLoraWan102.a(Region.c.o)
                0x0000000000006a4e                RegionTxConfig
 .text.RegionLinkAdrReq
                0x0000000000006a68       0x20 .pio/build/cubecell_board/lib839/libLoraWan102.a(Region.c.o)
                0x0000000000006a68                RegionLinkAdrReq
 .text.RegionRxParamSetupReq
                0x0000000000006a88       0x14 .pio/build/cubecell_board/lib839/libLoraWan102.a(Region.c.o)
                0x0000000000006a88                RegionRxParamSetupReq
 .text.RegionNewChannelReq
                0x0000000000006a9c       0x14 .pio/build/cubecell_board/lib839/libLoraWan102.a(Region.c.o)
                0x0000000000006a9c                RegionNewChannelReq
 .text.RegionTxParamSetupReq
                0x0000000000006ab0       0x14 .pio/build/cubecell_board/lib839/libLoraWan102.a(Region.c.o)
                0x0000000000006ab0                RegionTxParamSetupReq
 .text.RegionDlChannelReq
                0x0000000000006ac4       0x14 .pio/build/cubecell_board/lib839/libLoraWan102.a(Region.c.o)
                0x0000000000006ac4                RegionDlChannelReq
 .text.RegionAlternateDr
                0x0000000000006ad8       0x14 .pio/build/cubecell_board/lib839/libLoraWan102.a(Region.c.o)
                0x0000000000006ad8                RegionAlternateDr
 .text.RegionCalcBackOff
                0x0000000000006aec        0xe .pio/build/cubecell_board/lib839/libLoraWan102.a(Region.c.o)
                0x0000000000006aec                RegionCalcBackOff
 .text.RegionNextChannel
                0x0000000000006afa       0x1c .pio/build/cubecell_board/lib839/libLoraWan102.a(Region.c.o)
                0x0000000000006afa                RegionNextChannel
 .text.RegionSetContinuousWave
                0x0000000000006b16        0xe .pio/build/cubecell_board/lib839/libLoraWan102.a(Region.c.o)
                0x0000000000006b16                RegionSetContinuousWave
 .text.RegionApplyDrOffset
                0x0000000000006b24       0x1a .pio/build/cubecell_board/lib839/libLoraWan102.a(Region.c.o)
                0x0000000000006b24                RegionApplyDrOffset
 *fill*         0x0000000000006b3e        0x2 
 .text.RegionUS915GetPhyParam
                0x0000000000006b40      0x10c .pio/build/cubecell_board/lib839/libLoraWan102.a(RegionUS915.c.o)
                0x0000000000006b40                RegionUS915GetPhyParam
 .text.RegionUS915SetBandTxDone
                0x0000000000006c4c       0x28 .pio/build/cubecell_board/lib839/libLoraWan102.a(RegionUS915.c.o)
                0x0000000000006c4c                RegionUS915SetBandTxDone
 .text.RegionUS915InitDefaults
                0x0000000000006c74       0xb8 .pio/build/cubecell_board/lib839/libLoraWan102.a(RegionUS915.c.o)
                0x0000000000006c74                RegionUS915InitDefaults
 .text.RegionUS915Verify
                0x0000000000006d2c       0x52 .pio/build/cubecell_board/lib839/libLoraWan102.a(RegionUS915.c.o)
                0x0000000000006d2c                RegionUS915Verify
 .text.RegionUS915ApplyCFList
                0x0000000000006d7e        0x2 .pio/build/cubecell_board/lib839/libLoraWan102.a(RegionUS915.c.o)
                0x0000000000006d7e                RegionUS915ApplyCFList
 .text.RegionUS915ChanMaskSet
                0x0000000000006d80       0x5c .pio/build/cubecell_board/lib839/libLoraWan102.a(RegionUS915.c.o)
                0x0000000000006d80                RegionUS915ChanMaskSet
 .text.RegionUS915AdrNext
                0x0000000000006ddc       0x80 .pio/build/cubecell_board/lib839/libLoraWan102.a(RegionUS915.c.o)
                0x0000000000006ddc                RegionUS915AdrNext
 .text.RegionUS915ComputeRxWindowParameters
                0x0000000000006e5c       0x78 .pio/build/cubecell_board/lib839/libLoraWan102.a(RegionUS915.c.o)
                0x0000000000006e5c                RegionUS915ComputeRxWindowParameters
 .text.RegionUS915RxConfig
                0x0000000000006ed4       0xac .pio/build/cubecell_board/lib839/libLoraWan102.a(RegionUS915.c.o)
                0x0000000000006ed4                RegionUS915RxConfig
 .text.RegionUS915TxConfig
                0x0000000000006f80      0x11c .pio/build/cubecell_board/lib839/libLoraWan102.a(RegionUS915.c.o)
                0x0000000000006f80                RegionUS915TxConfig
 .text.RegionUS915LinkAdrReq
                0x000000000000709c      0x150 .pio/build/cubecell_board/lib839/libLoraWan102.a(RegionUS915.c.o)
                0x000000000000709c                RegionUS915LinkAdrReq
 .text.RegionUS915RxParamSetupReq
                0x00000000000071ec       0x84 .pio/build/cubecell_board/lib839/libLoraWan102.a(RegionUS915.c.o)
                0x00000000000071ec                RegionUS915RxParamSetupReq
 .text.RegionUS915NewChannelReq
                0x0000000000007270        0x4 .pio/build/cubecell_board/lib839/libLoraWan102.a(RegionUS915.c.o)
                0x0000000000007270                RegionUS915NewChannelReq
 .text.RegionUS915TxParamSetupReq
                0x0000000000007274        0x6 .pio/build/cubecell_board/lib839/libLoraWan102.a(RegionUS915.c.o)
                0x0000000000007274                RegionUS915TxParamSetupReq
 .text.RegionUS915DlChannelReq
                0x000000000000727a        0x4 .pio/build/cubecell_board/lib839/libLoraWan102.a(RegionUS915.c.o)
                0x000000000000727a                RegionUS915DlChannelReq
 .text.RegionUS915AlternateDr
                0x000000000000727e        0xa .pio/build/cubecell_board/lib839/libLoraWan102.a(RegionUS915.c.o)
                0x000000000000727e                RegionUS915AlternateDr
 .text.RegionUS915CalcBackOff
                0x0000000000007288       0x64 .pio/build/cubecell_board/lib839/libLoraWan102.a(RegionUS915.c.o)
                0x0000000000007288                RegionUS915CalcBackOff
 .text.RegionUS915NextChannel
                0x00000000000072ec      0x168 .pio/build/cubecell_board/lib839/libLoraWan102.a(RegionUS915.c.o)
                0x00000000000072ec                RegionUS915NextChannel
 .text.RegionUS915SetContinuousWave
                0x0000000000007454       0x88 .pio/build/cubecell_board/lib839/libLoraWan102.a(RegionUS915.c.o)
                0x0000000000007454                RegionUS915SetContinuousWave
 .text.RegionUS915ApplyDrOffset
                0x00000000000074dc       0x18 .pio/build/cubecell_board/lib839/libLoraWan102.a(RegionUS915.c.o)
                0x00000000000074dc                RegionUS915ApplyDrOffset
 .text.RadioCheckRfFrequency
                0x00000000000074f4        0x4 .pio/build/cubecell_board/lib839/libLoraWan102.a(radio.c.o)
                0x00000000000074f4                RadioCheckRfFrequency
 .text.RadioStandby
                0x00000000000074f8        0xa .pio/build/cubecell_board/lib839/libLoraWan102.a(radio.c.o)
                0x00000000000074f8                RadioStandby
 *fill*         0x0000000000007502        0x2 
 .text.RadioInit
                0x0000000000007504       0x78 .pio/build/cubecell_board/lib839/libLoraWan102.a(radio.c.o)
                0x0000000000007504                RadioInit
 .text.RadioGetStatus
                0x000000000000757c       0x1a .pio/build/cubecell_board/lib839/libLoraWan102.a(radio.c.o)
                0x000000000000757c                RadioGetStatus
 .text.RadioSetChannel
                0x0000000000007596        0x8 .pio/build/cubecell_board/lib839/libLoraWan102.a(radio.c.o)
                0x0000000000007596                RadioSetChannel
 .text.RadioRssi
                0x000000000000759e        0xa .pio/build/cubecell_board/lib839/libLoraWan102.a(radio.c.o)
                0x000000000000759e                RadioRssi
 .text.RadioSyncWord
                0x00000000000075a8       0x10 .pio/build/cubecell_board/lib839/libLoraWan102.a(radio.c.o)
                0x00000000000075a8                RadioSyncWord
 .text.RadioSend
                0x00000000000075b8       0x5c .pio/build/cubecell_board/lib839/libLoraWan102.a(radio.c.o)
                0x00000000000075b8                RadioSend
 .text.RadioSleep
                0x0000000000007614       0x10 .pio/build/cubecell_board/lib839/libLoraWan102.a(radio.c.o)
                0x0000000000007614                RadioSleep
 .text.RadioSetRxDutyCycle
                0x0000000000007624        0x8 .pio/build/cubecell_board/lib839/libLoraWan102.a(radio.c.o)
                0x0000000000007624                RadioSetRxDutyCycle
 .text.RadioStartCad
                0x000000000000762c       0x64 .pio/build/cubecell_board/lib839/libLoraWan102.a(radio.c.o)
                0x000000000000762c                RadioStartCad
 .text.RadioSetTxContinuousWave
                0x0000000000007690       0x40 .pio/build/cubecell_board/lib839/libLoraWan102.a(radio.c.o)
                0x0000000000007690                RadioSetTxContinuousWave
 .text.RadioWrite
                0x00000000000076d0        0x8 .pio/build/cubecell_board/lib839/libLoraWan102.a(radio.c.o)
                0x00000000000076d0                RadioWrite
 .text.RadioRead
                0x00000000000076d8        0x8 .pio/build/cubecell_board/lib839/libLoraWan102.a(radio.c.o)
                0x00000000000076d8                RadioRead
 .text.RadioWriteBuffer
                0x00000000000076e0        0x8 .pio/build/cubecell_board/lib839/libLoraWan102.a(radio.c.o)
                0x00000000000076e0                RadioWriteBuffer
 .text.RadioReadBuffer
                0x00000000000076e8        0x8 .pio/build/cubecell_board/lib839/libLoraWan102.a(radio.c.o)
                0x00000000000076e8                RadioReadBuffer
 .text.RadioGetWakeupTime
                0x00000000000076f0        0xa .pio/build/cubecell_board/lib839/libLoraWan102.a(radio.c.o)
                0x00000000000076f0                RadioGetWakeupTime
 *fill*         0x00000000000076fa        0x2 
 .text.RadioOnTxTimeoutIrq
                0x00000000000076fc       0x20 .pio/build/cubecell_board/lib839/libLoraWan102.a(radio.c.o)
                0x00000000000076fc                RadioOnTxTimeoutIrq
 .text.RadioOnRxTimeoutIrq
                0x000000000000771c       0x20 .pio/build/cubecell_board/lib839/libLoraWan102.a(radio.c.o)
                0x000000000000771c                RadioOnRxTimeoutIrq
 .text.RadioOnCadTimeoutIrq
                0x000000000000773c       0x20 .pio/build/cubecell_board/lib839/libLoraWan102.a(radio.c.o)
                0x000000000000773c                RadioOnCadTimeoutIrq
 .text.RadioGetFskBandwidthRegValue
                0x000000000000775c       0x34 .pio/build/cubecell_board/lib839/libLoraWan102.a(radio.c.o)
 .text.RadioSetMaxPayloadLength
                0x0000000000007790       0x38 .pio/build/cubecell_board/lib839/libLoraWan102.a(radio.c.o)
                0x0000000000007790                RadioSetMaxPayloadLength
 .text.RadioRx  0x00000000000077c8       0x58 .pio/build/cubecell_board/lib839/libLoraWan102.a(radio.c.o)
                0x00000000000077c8                RadioRx
 .text.RadioRxBoosted
                0x0000000000007820       0x4c .pio/build/cubecell_board/lib839/libLoraWan102.a(radio.c.o)
                0x0000000000007820                RadioRxBoosted
 .text.RadioIrqProcess
                0x000000000000786c      0x150 .pio/build/cubecell_board/lib839/libLoraWan102.a(radio.c.o)
                0x000000000000786c                RadioIrqProcess
 .text.RadioOnDioIrq
                0x00000000000079bc       0x14 .pio/build/cubecell_board/lib839/libLoraWan102.a(radio.c.o)
                0x00000000000079bc                RadioOnDioIrq
 .text.RadioSetPublicNetwork
                0x00000000000079d0       0x3c .pio/build/cubecell_board/lib839/libLoraWan102.a(radio.c.o)
                0x00000000000079d0                RadioSetPublicNetwork
 .text.RadioSetModem.part.0
                0x0000000000007a0c       0x20 .pio/build/cubecell_board/lib839/libLoraWan102.a(radio.c.o)
 .text.RadioSetModem
                0x0000000000007a2c       0x20 .pio/build/cubecell_board/lib839/libLoraWan102.a(radio.c.o)
                0x0000000000007a2c                RadioSetModem
 .text.RadioIsChannelFree
                0x0000000000007a4c       0x50 .pio/build/cubecell_board/lib839/libLoraWan102.a(radio.c.o)
                0x0000000000007a4c                RadioIsChannelFree
 .text.RadioRandom
                0x0000000000007a9c       0x38 .pio/build/cubecell_board/lib839/libLoraWan102.a(radio.c.o)
                0x0000000000007a9c                RadioRandom
 .text.RadioSymbTime
                0x0000000000007ad4       0x2c .pio/build/cubecell_board/lib839/libLoraWan102.a(radio.c.o)
                0x0000000000007ad4                RadioSymbTime
 .text.RadioSetRxConfig
                0x0000000000007b00      0x21c .pio/build/cubecell_board/lib839/libLoraWan102.a(radio.c.o)
                0x0000000000007b00                RadioSetRxConfig
 .text.RadioSetTxConfig
                0x0000000000007d1c      0x1a0 .pio/build/cubecell_board/lib839/libLoraWan102.a(radio.c.o)
                0x0000000000007d1c                RadioSetTxConfig
 .text.RadioTimeOnAir
                0x0000000000007ebc      0x198 .pio/build/cubecell_board/lib839/libLoraWan102.a(radio.c.o)
                0x0000000000007ebc                RadioTimeOnAir
 .text.RegionCommonGetJoinDc
                0x0000000000008054       0x24 .pio/build/cubecell_board/lib839/libLoraWan102.a(RegionCommon.c.o)
                0x0000000000008054                RegionCommonGetJoinDc
 .text.RegionCommonChanVerifyDr
                0x0000000000008078       0x7e .pio/build/cubecell_board/lib839/libLoraWan102.a(RegionCommon.c.o)
                0x0000000000008078                RegionCommonChanVerifyDr
 .text.RegionCommonValueInRange
                0x00000000000080f6       0x14 .pio/build/cubecell_board/lib839/libLoraWan102.a(RegionCommon.c.o)
                0x00000000000080f6                RegionCommonValueInRange
 .text.RegionCommonChanDisable
                0x000000000000810a       0x28 .pio/build/cubecell_board/lib839/libLoraWan102.a(RegionCommon.c.o)
                0x000000000000810a                RegionCommonChanDisable
 .text.RegionCommonCountChannels
                0x0000000000008132       0x60 .pio/build/cubecell_board/lib839/libLoraWan102.a(RegionCommon.c.o)
                0x0000000000008132                RegionCommonCountChannels
 .text.RegionCommonChanMaskCopy
                0x0000000000008192       0x1c .pio/build/cubecell_board/lib839/libLoraWan102.a(RegionCommon.c.o)
                0x0000000000008192                RegionCommonChanMaskCopy
 .text.RegionCommonSetBandTxDone
                0x00000000000081ae       0x10 .pio/build/cubecell_board/lib839/libLoraWan102.a(RegionCommon.c.o)
                0x00000000000081ae                RegionCommonSetBandTxDone
 .text.RegionCommonUpdateBandTimeOff
                0x00000000000081be      0x114 .pio/build/cubecell_board/lib839/libLoraWan102.a(RegionCommon.c.o)
                0x00000000000081be                RegionCommonUpdateBandTimeOff
 .text.RegionCommonParseLinkAdrReq
                0x00000000000082d2       0x36 .pio/build/cubecell_board/lib839/libLoraWan102.a(RegionCommon.c.o)
                0x00000000000082d2                RegionCommonParseLinkAdrReq
 .text.RegionCommonComputeSymbolTimeLoRa
                0x0000000000008308       0x34 .pio/build/cubecell_board/lib839/libLoraWan102.a(RegionCommon.c.o)
                0x0000000000008308                RegionCommonComputeSymbolTimeLoRa
 .text.RegionCommonComputeSymbolTimeFsk
                0x000000000000833c       0x18 .pio/build/cubecell_board/lib839/libLoraWan102.a(RegionCommon.c.o)
                0x000000000000833c                RegionCommonComputeSymbolTimeFsk
 .text.RegionCommonComputeRxWindowParameters
                0x0000000000008354       0xb4 .pio/build/cubecell_board/lib839/libLoraWan102.a(RegionCommon.c.o)
                0x0000000000008354                RegionCommonComputeRxWindowParameters
 .text.RegionCommonComputeTxPower
                0x0000000000008408       0x2a .pio/build/cubecell_board/lib839/libLoraWan102.a(RegionCommon.c.o)
                0x0000000000008408                RegionCommonComputeTxPower
 *fill*         0x0000000000008432        0x2 
 .text._ZL11McpsConfirmP12sMcpsConfirm
                0x0000000000008434        0xc .pio/build/cubecell_board/libaa9/libLoRa.a(LoRaWan_APP.cpp.o)
 .text._ZL24OnTxNextPacketTimerEventv
                0x0000000000008440       0x6c .pio/build/cubecell_board/libaa9/libLoRa.a(LoRaWan_APP.cpp.o)
 .text._ZL14MlmeIndicationP15sMlmeIndication
                0x00000000000084ac        0xe .pio/build/cubecell_board/libaa9/libLoRa.a(LoRaWan_APP.cpp.o)
 .text.downLinkAckHandle
                0x00000000000084ba        0x2 .pio/build/cubecell_board/libaa9/libLoRa.a(LoRaWan_APP.cpp.o)
                0x00000000000084ba                downLinkAckHandle
 .text.downLinkDataHandle
                0x00000000000084bc       0x58 .pio/build/cubecell_board/libaa9/libLoRa.a(LoRaWan_APP.cpp.o)
                0x00000000000084bc                downLinkDataHandle
 .text._ZL14McpsIndicationP15sMcpsIndication
                0x0000000000008514       0x88 .pio/build/cubecell_board/libaa9/libLoRa.a(LoRaWan_APP.cpp.o)
 .text.dev_time_updated
                0x000000000000859c       0x10 .pio/build/cubecell_board/libaa9/libLoRa.a(LoRaWan_APP.cpp.o)
                0x000000000000859c                dev_time_updated
 .text._ZL11MlmeConfirmP12sMlmeConfirm
                0x00000000000085ac       0x78 .pio/build/cubecell_board/libaa9/libLoRa.a(LoRaWan_APP.cpp.o)
 .text.lwan_dev_params_update
                0x0000000000008624       0x28 .pio/build/cubecell_board/libaa9/libLoRa.a(LoRaWan_APP.cpp.o)
                0x0000000000008624                lwan_dev_params_update
 .text.SendFrame
                0x000000000000864c       0xa0 .pio/build/cubecell_board/libaa9/libLoRa.a(LoRaWan_APP.cpp.o)
                0x000000000000864c                SendFrame
 .text._ZN12LoRaWanClass4initE12eDeviceClass16eLoRaMacRegion_t
                0x00000000000086ec      0x150 .pio/build/cubecell_board/libaa9/libLoRa.a(LoRaWan_APP.cpp.o)
                0x00000000000086ec                LoRaWanClass::init(eDeviceClass, eLoRaMacRegion_t)
 .text._ZN12LoRaWanClass4joinEv
                0x000000000000883c       0xb0 .pio/build/cubecell_board/libaa9/libLoRa.a(LoRaWan_APP.cpp.o)
                0x000000000000883c                LoRaWanClass::join()
 .text._ZN12LoRaWanClass4sendEv
                0x00000000000088ec       0x3c .pio/build/cubecell_board/libaa9/libLoRa.a(LoRaWan_APP.cpp.o)
                0x00000000000088ec                LoRaWanClass::send()
 .text._ZN12LoRaWanClass5cycleEm
                0x0000000000008928       0x18 .pio/build/cubecell_board/libaa9/libLoRa.a(LoRaWan_APP.cpp.o)
                0x0000000000008928                LoRaWanClass::cycle(unsigned long)
 .text._ZN12LoRaWanClass5sleepEv
                0x0000000000008940        0x8 .pio/build/cubecell_board/libaa9/libLoRa.a(LoRaWan_APP.cpp.o)
                0x0000000000008940                LoRaWanClass::sleep()
 .text._ZN12LoRaWanClass10ifskipjoinEv
                0x0000000000008948       0xfc .pio/build/cubecell_board/libaa9/libLoRa.a(LoRaWan_APP.cpp.o)
                0x0000000000008948                LoRaWanClass::ifskipjoin()
 .text._ZN7TwoWire5writeEi
                0x0000000000008a44        0xc .pio/build/cubecell_board/lib3c7/libRadSens.a(radSens1v2.cpp.o)
                0x0000000000008a44                TwoWire::write(int)
 .text._ZN23ClimateGuard_RadSens1v2C2Eh
                0x0000000000008a50       0x22 .pio/build/cubecell_board/lib3c7/libRadSens.a(radSens1v2.cpp.o)
                0x0000000000008a50                ClimateGuard_RadSens1v2::ClimateGuard_RadSens1v2(unsigned char)
                0x0000000000008a50                ClimateGuard_RadSens1v2::ClimateGuard_RadSens1v2(unsigned char)
 .text._ZN23ClimateGuard_RadSens1v2D2Ev
                0x0000000000008a72        0x2 .pio/build/cubecell_board/lib3c7/libRadSens.a(radSens1v2.cpp.o)
                0x0000000000008a72                ClimateGuard_RadSens1v2::~ClimateGuard_RadSens1v2()
                0x0000000000008a72                ClimateGuard_RadSens1v2::~ClimateGuard_RadSens1v2()
 .text._ZN23ClimateGuard_RadSens1v29getChipIdEv
                0x0000000000008a74        0x8 .pio/build/cubecell_board/lib3c7/libRadSens.a(radSens1v2.cpp.o)
                0x0000000000008a74                ClimateGuard_RadSens1v2::getChipId()
 .text._ZN23ClimateGuard_RadSens1v218getFirmwareVersionEv
                0x0000000000008a7c        0x8 .pio/build/cubecell_board/lib3c7/libRadSens.a(radSens1v2.cpp.o)
                0x0000000000008a7c                ClimateGuard_RadSens1v2::getFirmwareVersion()
 .text._ZN23ClimateGuard_RadSens1v219setHVGeneratorStateEb
                0x0000000000008a84       0x38 .pio/build/cubecell_board/lib3c7/libRadSens.a(radSens1v2.cpp.o)
                0x0000000000008a84                ClimateGuard_RadSens1v2::setHVGeneratorState(bool)
 .text._ZN23ClimateGuard_RadSens1v214setSensitivityEh
                0x0000000000008abc       0x34 .pio/build/cubecell_board/lib3c7/libRadSens.a(radSens1v2.cpp.o)
                0x0000000000008abc                ClimateGuard_RadSens1v2::setSensitivity(unsigned char)
 .text._ZN23ClimateGuard_RadSens1v210updateDataEv
                0x0000000000008af0       0x40 .pio/build/cubecell_board/lib3c7/libRadSens.a(radSens1v2.cpp.o)
                0x0000000000008af0                ClimateGuard_RadSens1v2::updateData()
 .text._ZN23ClimateGuard_RadSens1v212radSens_initEv
                0x0000000000008b30       0x48 .pio/build/cubecell_board/lib3c7/libRadSens.a(radSens1v2.cpp.o)
                0x0000000000008b30                ClimateGuard_RadSens1v2::radSens_init()
 .text._ZN23ClimateGuard_RadSens1v220getRadIntensyDyanmicEv
                0x0000000000008b78       0x34 .pio/build/cubecell_board/lib3c7/libRadSens.a(radSens1v2.cpp.o)
                0x0000000000008b78                ClimateGuard_RadSens1v2::getRadIntensyDyanmic()
 .text._ZN23ClimateGuard_RadSens1v219getRadIntensyStaticEv
                0x0000000000008bac       0x34 .pio/build/cubecell_board/lib3c7/libRadSens.a(radSens1v2.cpp.o)
                0x0000000000008bac                ClimateGuard_RadSens1v2::getRadIntensyStatic()
 .text._ZN23ClimateGuard_RadSens1v217getNumberOfPulsesEv
                0x0000000000008be0       0x14 .pio/build/cubecell_board/lib3c7/libRadSens.a(radSens1v2.cpp.o)
                0x0000000000008be0                ClimateGuard_RadSens1v2::getNumberOfPulses()
 .text._ZN6Stream9readBytesEPhj
                0x0000000000008bf4        0xa .pio/build/cubecell_board/libFrameworkArduino.a(HardwareSerial.cpp.o)
                0x0000000000008bf4                Stream::readBytes(unsigned char*, unsigned int)
 .text._ZN14HardwareSerial4peekEv
                0x0000000000008bfe        0x4 .pio/build/cubecell_board/libFrameworkArduino.a(HardwareSerial.cpp.o)
                0x0000000000008bfe                HardwareSerial::peek()
 .text._ZN14HardwareSerialD2Ev
                0x0000000000008c02        0x2 .pio/build/cubecell_board/libFrameworkArduino.a(HardwareSerial.cpp.o)
                0x0000000000008c02                HardwareSerial::~HardwareSerial()
                0x0000000000008c02                HardwareSerial::~HardwareSerial()
 .text._ZN14HardwareSerial9availableEv
                0x0000000000008c04       0x18 .pio/build/cubecell_board/libFrameworkArduino.a(HardwareSerial.cpp.o)
                0x0000000000008c04                HardwareSerial::available()
 .text._ZN14HardwareSerial4readEv
                0x0000000000008c1c       0x28 .pio/build/cubecell_board/libFrameworkArduino.a(HardwareSerial.cpp.o)
                0x0000000000008c1c                HardwareSerial::read()
 .text._ZN14HardwareSerial5writeEh
                0x0000000000008c44       0x1c .pio/build/cubecell_board/libFrameworkArduino.a(HardwareSerial.cpp.o)
                0x0000000000008c44                HardwareSerial::write(unsigned char)
 .text._ZN14HardwareSerial5writeEPKhj
                0x0000000000008c60       0x2a .pio/build/cubecell_board/libFrameworkArduino.a(HardwareSerial.cpp.o)
                0x0000000000008c60                HardwareSerial::write(unsigned char const*, unsigned int)
 .text._ZN14HardwareSerialD0Ev
                0x0000000000008c8a        0xe .pio/build/cubecell_board/libFrameworkArduino.a(HardwareSerial.cpp.o)
                0x0000000000008c8a                HardwareSerial::~HardwareSerial()
 .text._ZN14HardwareSerial5flushEv
                0x0000000000008c98       0x2e .pio/build/cubecell_board/libFrameworkArduino.a(HardwareSerial.cpp.o)
                0x0000000000008c98                HardwareSerial::flush()
 *fill*         0x0000000000008cc6        0x2 
 .text._ZN14HardwareSerialC2Ea
                0x0000000000008cc8       0x20 .pio/build/cubecell_board/libFrameworkArduino.a(HardwareSerial.cpp.o)
                0x0000000000008cc8                HardwareSerial::HardwareSerial(signed char)
                0x0000000000008cc8                HardwareSerial::HardwareSerial(signed char)
 .text._ZN14HardwareSerial5beginEmmiibm
                0x0000000000008ce8      0x108 .pio/build/cubecell_board/libFrameworkArduino.a(HardwareSerial.cpp.o)
                0x0000000000008ce8                HardwareSerial::begin(unsigned long, unsigned long, int, int, bool, unsigned long)
 .text.startup._GLOBAL__sub_I_Serial
                0x0000000000008df0       0x40 .pio/build/cubecell_board/libFrameworkArduino.a(HardwareSerial.cpp.o)
 .text._ZN7TwoWireD2Ev
                0x0000000000008e30        0x2 .pio/build/cubecell_board/libFrameworkArduino.a(Wire.cpp.o)
                0x0000000000008e30                TwoWire::~TwoWire()
                0x0000000000008e30                TwoWire::~TwoWire()
 .text._ZN7TwoWire5writeEPKhj
                0x0000000000008e32       0x24 .pio/build/cubecell_board/libFrameworkArduino.a(Wire.cpp.o)
                0x0000000000008e32                TwoWire::write(unsigned char const*, unsigned int)
 .text._ZN7TwoWire9availableEv
                0x0000000000008e56        0xe .pio/build/cubecell_board/libFrameworkArduino.a(Wire.cpp.o)
                0x0000000000008e56                TwoWire::available()
 .text._ZN7TwoWire4readEv
                0x0000000000008e64       0x20 .pio/build/cubecell_board/libFrameworkArduino.a(Wire.cpp.o)
                0x0000000000008e64                TwoWire::read()
 .text._ZN7TwoWire4peekEv
                0x0000000000008e84       0x1c .pio/build/cubecell_board/libFrameworkArduino.a(Wire.cpp.o)
                0x0000000000008e84                TwoWire::peek()
 .text._ZN7TwoWireD0Ev
                0x0000000000008ea0       0x10 .pio/build/cubecell_board/libFrameworkArduino.a(Wire.cpp.o)
                0x0000000000008ea0                TwoWire::~TwoWire()
 .text._ZN7TwoWire5writeEh
                0x0000000000008eb0       0x40 .pio/build/cubecell_board/libFrameworkArduino.a(Wire.cpp.o)
                0x0000000000008eb0                TwoWire::write(unsigned char)
 .text._ZN7TwoWire5flushEv
                0x0000000000008ef0       0x78 .pio/build/cubecell_board/libFrameworkArduino.a(Wire.cpp.o)
                0x0000000000008ef0                TwoWire::flush()
 .text._ZN7TwoWireC2Ea
                0x0000000000008f68       0x40 .pio/build/cubecell_board/libFrameworkArduino.a(Wire.cpp.o)
                0x0000000000008f68                TwoWire::TwoWire(signed char)
                0x0000000000008f68                TwoWire::TwoWire(signed char)
 .text._ZN7TwoWire5beginEiim
                0x0000000000008fa8       0x84 .pio/build/cubecell_board/libFrameworkArduino.a(Wire.cpp.o)
                0x0000000000008fa8                TwoWire::begin(int, int, unsigned long)
 .text._ZN7TwoWire17writeTransmissionEtPhtb
                0x000000000000902c       0xc0 .pio/build/cubecell_board/libFrameworkArduino.a(Wire.cpp.o)
                0x000000000000902c                TwoWire::writeTransmission(unsigned short, unsigned char*, unsigned short, bool)
 .text._ZN7TwoWire16readTransmissionEtPhtbPm
                0x00000000000090ec       0xd2 .pio/build/cubecell_board/libFrameworkArduino.a(Wire.cpp.o)
                0x00000000000090ec                TwoWire::readTransmission(unsigned short, unsigned char*, unsigned short, bool, unsigned long*)
 .text._ZN7TwoWire15endTransmissionEb
                0x00000000000091be       0x68 .pio/build/cubecell_board/libFrameworkArduino.a(Wire.cpp.o)
                0x00000000000091be                TwoWire::endTransmission(bool)
 .text._ZN7TwoWire11requestFromEthb
                0x0000000000009226       0x74 .pio/build/cubecell_board/libFrameworkArduino.a(Wire.cpp.o)
                0x0000000000009226                TwoWire::requestFrom(unsigned short, unsigned char, bool)
 .text._ZN7TwoWire11requestFromEii
                0x000000000000929a        0xe .pio/build/cubecell_board/libFrameworkArduino.a(Wire.cpp.o)
                0x000000000000929a                TwoWire::requestFrom(int, int)
 .text._ZN7TwoWire17beginTransmissionEi
                0x00000000000092a8       0x12 .pio/build/cubecell_board/libFrameworkArduino.a(Wire.cpp.o)
                0x00000000000092a8                TwoWire::beginTransmission(int)
 .text._ZN7TwoWire17beginTransmissionEh
                0x00000000000092ba       0x12 .pio/build/cubecell_board/libFrameworkArduino.a(Wire.cpp.o)
                0x00000000000092ba                TwoWire::beginTransmission(unsigned char)
 .text.startup._GLOBAL__sub_I__ZN7TwoWireC2Ea
                0x00000000000092cc       0x40 .pio/build/cubecell_board/libFrameworkArduino.a(Wire.cpp.o)
 .text._Z17getBatteryVoltagev
                0x000000000000930c       0x4c .pio/build/cubecell_board/libFrameworkArduino.a(basic.cpp.o)
                0x000000000000930c                getBatteryVoltage()
 .text._Z20BoardGetBatteryLevelv
                0x0000000000009358       0x7c .pio/build/cubecell_board/libFrameworkArduino.a(basic.cpp.o)
                0x0000000000009358                BoardGetBatteryLevel()
 .text.SX126xIoInit
                0x00000000000093d4       0x44 .pio/build/cubecell_board/libFrameworkArduino.a(asr_board.c.o)
                0x00000000000093d4                SX126xIoInit
 .text.SX126xIoIrqInit
                0x0000000000009418       0x14 .pio/build/cubecell_board/libFrameworkArduino.a(asr_board.c.o)
                0x0000000000009418                SX126xIoIrqInit
 .text.SX126xGetBoardTcxoWakeupTime
                0x000000000000942c        0x4 .pio/build/cubecell_board/libFrameworkArduino.a(asr_board.c.o)
                0x000000000000942c                SX126xGetBoardTcxoWakeupTime
 .text.SX126xReset
                0x0000000000009430       0x50 .pio/build/cubecell_board/libFrameworkArduino.a(asr_board.c.o)
                0x0000000000009430                SX126xReset
 .text.SX126xWaitOnBusy
                0x0000000000009480       0x14 .pio/build/cubecell_board/libFrameworkArduino.a(asr_board.c.o)
                0x0000000000009480                SX126xWaitOnBusy
 .text.SX126xWakeup
                0x0000000000009494       0x38 .pio/build/cubecell_board/libFrameworkArduino.a(asr_board.c.o)
                0x0000000000009494                SX126xWakeup
 .text.SX126xWriteCommand
                0x00000000000094cc       0x50 .pio/build/cubecell_board/libFrameworkArduino.a(asr_board.c.o)
                0x00000000000094cc                SX126xWriteCommand
 .text.SX126xReadCommand
                0x000000000000951c       0x54 .pio/build/cubecell_board/libFrameworkArduino.a(asr_board.c.o)
                0x000000000000951c                SX126xReadCommand
 .text.SX126xWriteRegisters
                0x0000000000009570       0x5c .pio/build/cubecell_board/libFrameworkArduino.a(asr_board.c.o)
                0x0000000000009570                SX126xWriteRegisters
 .text.SX126xWriteRegister
                0x00000000000095cc       0x12 .pio/build/cubecell_board/libFrameworkArduino.a(asr_board.c.o)
                0x00000000000095cc                SX126xWriteRegister
 *fill*         0x00000000000095de        0x2 
 .text.SX126xReadRegisters
                0x00000000000095e0       0x64 .pio/build/cubecell_board/libFrameworkArduino.a(asr_board.c.o)
                0x00000000000095e0                SX126xReadRegisters
 .text.SX126xReadRegister
                0x0000000000009644       0x12 .pio/build/cubecell_board/libFrameworkArduino.a(asr_board.c.o)
                0x0000000000009644                SX126xReadRegister
 *fill*         0x0000000000009656        0x2 
 .text.SX126xWriteBuffer
                0x0000000000009658       0x54 .pio/build/cubecell_board/libFrameworkArduino.a(asr_board.c.o)
                0x0000000000009658                SX126xWriteBuffer
 .text.SX126xReadBuffer
                0x00000000000096ac       0x5c .pio/build/cubecell_board/libFrameworkArduino.a(asr_board.c.o)
                0x00000000000096ac                SX126xReadBuffer
 .text.SX126xSetRfTxPower
                0x0000000000009708        0xa .pio/build/cubecell_board/libFrameworkArduino.a(asr_board.c.o)
                0x0000000000009708                SX126xSetRfTxPower
 .text.SX126xGetPaSelect
                0x0000000000009712        0x4 .pio/build/cubecell_board/libFrameworkArduino.a(asr_board.c.o)
                0x0000000000009712                SX126xGetPaSelect
 .text.SX126xAntSwOn
                0x0000000000009716        0x2 .pio/build/cubecell_board/libFrameworkArduino.a(asr_board.c.o)
                0x0000000000009716                SX126xAntSwOn
 .text.SX126xAntSwOff
                0x0000000000009718        0x2 .pio/build/cubecell_board/libFrameworkArduino.a(asr_board.c.o)
                0x0000000000009718                SX126xAntSwOff
 .text.BoardDisableIrq
                0x000000000000971a        0x4 .pio/build/cubecell_board/libFrameworkArduino.a(asr_board.c.o)
                0x000000000000971a                BoardDisableIrq
 .text.BoardEnableIrq
                0x000000000000971e        0x4 .pio/build/cubecell_board/libFrameworkArduino.a(asr_board.c.o)
                0x000000000000971e                BoardEnableIrq
 *fill*         0x0000000000009722        0x2 
 .text.boardInitMcu
                0x0000000000009724       0x4c .pio/build/cubecell_board/libFrameworkArduino.a(asr_board.c.o)
                0x0000000000009724                boardInitMcu
 .text.GpioInit
                0x0000000000009770       0x12 .pio/build/cubecell_board/libFrameworkArduino.a(gpio.c.o)
                0x0000000000009770                GpioInit
 .text.GpioSetInterrupt
                0x0000000000009782        0x8 .pio/build/cubecell_board/libFrameworkArduino.a(gpio.c.o)
                0x0000000000009782                GpioSetInterrupt
 .text.GpioWrite
                0x000000000000978a        0x8 .pio/build/cubecell_board/libFrameworkArduino.a(gpio.c.o)
                0x000000000000978a                GpioWrite
 .text.GpioRead
                0x0000000000009792        0x8 .pio/build/cubecell_board/libFrameworkArduino.a(gpio.c.o)
                0x0000000000009792                GpioRead
 *fill*         0x000000000000979a        0x2 
 .text.SpiInit  0x000000000000979c       0x14 .pio/build/cubecell_board/libFrameworkArduino.a(spi-board.c.o)
                0x000000000000979c                SpiInit
 .text.SpiInOut
                0x00000000000097b0       0x34 .pio/build/cubecell_board/libFrameworkArduino.a(spi-board.c.o)
                0x00000000000097b0                SpiInOut
 .text.ADC_SAR_Seq_Init
                0x00000000000097e4       0xdc .pio/build/cubecell_board/libFrameworkArduino.a(ADC_SAR_Seq.c.o)
                0x00000000000097e4                ADC_SAR_Seq_Init
 .text.ADC_SAR_Seq_Enable
                0x00000000000098c0       0x2c .pio/build/cubecell_board/libFrameworkArduino.a(ADC_SAR_Seq.c.o)
                0x00000000000098c0                ADC_SAR_Seq_Enable
 .text.ADC_SAR_Seq_Start
                0x00000000000098ec       0x1c .pio/build/cubecell_board/libFrameworkArduino.a(ADC_SAR_Seq.c.o)
                0x00000000000098ec                ADC_SAR_Seq_Start
 .text.ADC_SAR_Seq_Stop
                0x0000000000009908       0x10 .pio/build/cubecell_board/libFrameworkArduino.a(ADC_SAR_Seq.c.o)
                0x0000000000009908                ADC_SAR_Seq_Stop
 .text.ADC_SAR_Seq_StartConvert
                0x0000000000009918        0xc .pio/build/cubecell_board/libFrameworkArduino.a(ADC_SAR_Seq.c.o)
                0x0000000000009918                ADC_SAR_Seq_StartConvert
 .text.ADC_SAR_Seq_StopConvert
                0x0000000000009924        0x2 .pio/build/cubecell_board/libFrameworkArduino.a(ADC_SAR_Seq.c.o)
                0x0000000000009924                ADC_SAR_Seq_StopConvert
 *fill*         0x0000000000009926        0x2 
 .text.ADC_SAR_Seq_IsEndConversion
                0x0000000000009928       0x2c .pio/build/cubecell_board/libFrameworkArduino.a(ADC_SAR_Seq.c.o)
                0x0000000000009928                ADC_SAR_Seq_IsEndConversion
 .text.ADC_SAR_Seq_GetResult16
                0x0000000000009954       0x20 .pio/build/cubecell_board/libFrameworkArduino.a(ADC_SAR_Seq.c.o)
                0x0000000000009954                ADC_SAR_Seq_GetResult16
 .text.ADC_SAR_Seq_CountsTo_mVolts
                0x0000000000009974       0x8c .pio/build/cubecell_board/libFrameworkArduino.a(ADC_SAR_Seq.c.o)
                0x0000000000009974                ADC_SAR_Seq_CountsTo_mVolts
 .text.ADC_SAR_Seq_ISR
                0x0000000000009a00        0xc .pio/build/cubecell_board/libFrameworkArduino.a(ADC_SAR_Seq_INT.c.o)
                0x0000000000009a00                ADC_SAR_Seq_ISR
 .text.I2C_1_I2CMasterHandleStatus
                0x0000000000009a0c       0x94 .pio/build/cubecell_board/libFrameworkArduino.a(I2C_1_I2C_MASTER.c.o)
 .text.I2C_1_I2CMasterWaitOneUnit
                0x0000000000009aa0       0x24 .pio/build/cubecell_board/libFrameworkArduino.a(I2C_1_I2C_MASTER.c.o)
 .text.I2C_1_I2CMasterSendStart
                0x0000000000009ac4       0xbc .pio/build/cubecell_board/libFrameworkArduino.a(I2C_1_I2C_MASTER.c.o)
                0x0000000000009ac4                I2C_1_I2CMasterSendStart
 .text.I2C_1_I2CMasterSendStop
                0x0000000000009b80       0x54 .pio/build/cubecell_board/libFrameworkArduino.a(I2C_1_I2C_MASTER.c.o)
                0x0000000000009b80                I2C_1_I2CMasterSendStop
 .text.I2C_1_I2CMasterWriteByte
                0x0000000000009bd4       0x44 .pio/build/cubecell_board/libFrameworkArduino.a(I2C_1_I2C_MASTER.c.o)
                0x0000000000009bd4                I2C_1_I2CMasterWriteByte
 .text.I2C_1_I2CMasterReadByte
                0x0000000000009c18       0x78 .pio/build/cubecell_board/libFrameworkArduino.a(I2C_1_I2C_MASTER.c.o)
                0x0000000000009c18                I2C_1_I2CMasterReadByte
 .text.I2C_1_I2CMasterClearReadBuf
                0x0000000000009c90       0x28 .pio/build/cubecell_board/libFrameworkArduino.a(I2C_1_I2C_MASTER.c.o)
                0x0000000000009c90                I2C_1_I2CMasterClearReadBuf
 .text.I2C_1_I2CMasterClearWriteBuf
                0x0000000000009cb8       0x28 .pio/build/cubecell_board/libFrameworkArduino.a(I2C_1_I2C_MASTER.c.o)
                0x0000000000009cb8                I2C_1_I2CMasterClearWriteBuf
 .text.I2C_1_I2CMasterClearStatus
                0x0000000000009ce0       0x20 .pio/build/cubecell_board/libFrameworkArduino.a(I2C_1_I2C_MASTER.c.o)
                0x0000000000009ce0                I2C_1_I2CMasterClearStatus
 .text.I2C_1_I2CReStartGeneration
                0x0000000000009d00       0x24 .pio/build/cubecell_board/libFrameworkArduino.a(I2C_1_I2C_MASTER.c.o)
                0x0000000000009d00                I2C_1_I2CReStartGeneration
 .text.I2C_1_I2CMasterSendRestart
                0x0000000000009d24       0x60 .pio/build/cubecell_board/libFrameworkArduino.a(I2C_1_I2C_MASTER.c.o)
                0x0000000000009d24                I2C_1_I2CMasterSendRestart
 .text.I2C_I2CMasterHandleStatus
                0x0000000000009d84       0x94 .pio/build/cubecell_board/libFrameworkArduino.a(I2C_I2C_MASTER.c.o)
 .text.I2C_I2CMasterWaitOneUnit
                0x0000000000009e18       0x24 .pio/build/cubecell_board/libFrameworkArduino.a(I2C_I2C_MASTER.c.o)
 .text.I2C_I2CMasterSendStart
                0x0000000000009e3c       0xbc .pio/build/cubecell_board/libFrameworkArduino.a(I2C_I2C_MASTER.c.o)
                0x0000000000009e3c                I2C_I2CMasterSendStart
 .text.I2C_I2CMasterSendStop
                0x0000000000009ef8       0x54 .pio/build/cubecell_board/libFrameworkArduino.a(I2C_I2C_MASTER.c.o)
                0x0000000000009ef8                I2C_I2CMasterSendStop
 .text.I2C_I2CMasterWriteByte
                0x0000000000009f4c       0x44 .pio/build/cubecell_board/libFrameworkArduino.a(I2C_I2C_MASTER.c.o)
                0x0000000000009f4c                I2C_I2CMasterWriteByte
 .text.I2C_I2CMasterReadByte
                0x0000000000009f90       0x78 .pio/build/cubecell_board/libFrameworkArduino.a(I2C_I2C_MASTER.c.o)
                0x0000000000009f90                I2C_I2CMasterReadByte
 .text.I2C_I2CMasterClearReadBuf
                0x000000000000a008       0x28 .pio/build/cubecell_board/libFrameworkArduino.a(I2C_I2C_MASTER.c.o)
                0x000000000000a008                I2C_I2CMasterClearReadBuf
 .text.I2C_I2CMasterClearWriteBuf
                0x000000000000a030       0x28 .pio/build/cubecell_board/libFrameworkArduino.a(I2C_I2C_MASTER.c.o)
                0x000000000000a030                I2C_I2CMasterClearWriteBuf
 .text.I2C_I2CMasterClearStatus
                0x000000000000a058       0x20 .pio/build/cubecell_board/libFrameworkArduino.a(I2C_I2C_MASTER.c.o)
                0x000000000000a058                I2C_I2CMasterClearStatus
 .text.I2C_I2CReStartGeneration
                0x000000000000a078       0x24 .pio/build/cubecell_board/libFrameworkArduino.a(I2C_I2C_MASTER.c.o)
                0x000000000000a078                I2C_I2CReStartGeneration
 .text.I2C_I2CMasterSendRestart
                0x000000000000a09c       0x60 .pio/build/cubecell_board/libFrameworkArduino.a(I2C_I2C_MASTER.c.o)
                0x000000000000a09c                I2C_I2CMasterSendRestart
 .text.PWM1_Stop
                0x000000000000a0fc       0x34 .pio/build/cubecell_board/libFrameworkArduino.a(PWM1.c.o)
                0x000000000000a0fc                PWM1_Stop
 .text.PWM2_Stop
                0x000000000000a130       0x34 .pio/build/cubecell_board/libFrameworkArduino.a(PWM2.c.o)
                0x000000000000a130                PWM2_Stop
 .text._ZN5Print5writeEPKc
                0x000000000000a164       0x1c .pio/build/cubecell_board/libFrameworkArduino.a(Print.cpp.o)
                0x000000000000a164                Print::write(char const*)
 .text._ZN5Print6printfEPKcz
                0x000000000000a180       0x5a .pio/build/cubecell_board/libFrameworkArduino.a(Print.cpp.o)
                0x000000000000a180                Print::printf(char const*, ...)
 .text._ZN5Print5printEPKc
                0x000000000000a1da        0x8 .pio/build/cubecell_board/libFrameworkArduino.a(Print.cpp.o)
                0x000000000000a1da                Print::print(char const*)
 .text._ZN5Print5printEc
                0x000000000000a1e2        0xa .pio/build/cubecell_board/libFrameworkArduino.a(Print.cpp.o)
                0x000000000000a1e2                Print::print(char)
 .text._ZN5Print7printlnEv
                0x000000000000a1ec       0x10 .pio/build/cubecell_board/libFrameworkArduino.a(Print.cpp.o)
                0x000000000000a1ec                Print::println()
 .text._ZN5Print7printlnEPKc
                0x000000000000a1fc       0x14 .pio/build/cubecell_board/libFrameworkArduino.a(Print.cpp.o)
                0x000000000000a1fc                Print::println(char const*)
 .text._ZN5Print11printNumberEmh
                0x000000000000a210       0x4e .pio/build/cubecell_board/libFrameworkArduino.a(Print.cpp.o)
                0x000000000000a210                Print::printNumber(unsigned long, unsigned char)
 .text._ZN5Print5printEli
                0x000000000000a25e       0x3e .pio/build/cubecell_board/libFrameworkArduino.a(Print.cpp.o)
                0x000000000000a25e                Print::print(long, int)
 .text._ZN5Print7printlnEii
                0x000000000000a29c       0x14 .pio/build/cubecell_board/libFrameworkArduino.a(Print.cpp.o)
                0x000000000000a29c                Print::println(int, int)
 .text._ZN5Print5printEmi
                0x000000000000a2b0       0x18 .pio/build/cubecell_board/libFrameworkArduino.a(Print.cpp.o)
                0x000000000000a2b0                Print::print(unsigned long, int)
 .text._ZN5Print7printlnEhi
                0x000000000000a2c8       0x14 .pio/build/cubecell_board/libFrameworkArduino.a(Print.cpp.o)
                0x000000000000a2c8                Print::println(unsigned char, int)
 .text._ZN5Print7printlnEmi
                0x000000000000a2dc       0x14 .pio/build/cubecell_board/libFrameworkArduino.a(Print.cpp.o)
                0x000000000000a2dc                Print::println(unsigned long, int)
 .text._ZN6Stream9timedReadEv
                0x000000000000a2f0       0x2a .pio/build/cubecell_board/libFrameworkArduino.a(Stream.cpp.o)
                0x000000000000a2f0                Stream::timedRead()
 .text._ZN6Stream9readBytesEPcj
                0x000000000000a31a       0x22 .pio/build/cubecell_board/libFrameworkArduino.a(Stream.cpp.o)
                0x000000000000a31a                Stream::readBytes(char*, unsigned int)
 .text._ZN6Stream10readStringEv
                0x000000000000a33c       0x28 .pio/build/cubecell_board/libFrameworkArduino.a(Stream.cpp.o)
                0x000000000000a33c                Stream::readString()
 .text._ZN6String10invalidateEv
                0x000000000000a364       0x18 .pio/build/cubecell_board/libFrameworkArduino.a(WString.cpp.o)
                0x000000000000a364                String::invalidate()
 .text._ZN6String12changeBufferEj
                0x000000000000a37c       0x3a .pio/build/cubecell_board/libFrameworkArduino.a(WString.cpp.o)
                0x000000000000a37c                String::changeBuffer(unsigned int)
 .text._ZN6String7reserveEj
                0x000000000000a3b6       0x2a .pio/build/cubecell_board/libFrameworkArduino.a(WString.cpp.o)
                0x000000000000a3b6                String::reserve(unsigned int)
 .text._ZN6String4copyEPKcj
                0x000000000000a3e0       0x28 .pio/build/cubecell_board/libFrameworkArduino.a(WString.cpp.o)
                0x000000000000a3e0                String::copy(char const*, unsigned int)
 .text._ZN6StringC2EPKc
                0x000000000000a408       0x26 .pio/build/cubecell_board/libFrameworkArduino.a(WString.cpp.o)
                0x000000000000a408                String::String(char const*)
                0x000000000000a408                String::String(char const*)
 .text._ZN6String6concatEPKcj
                0x000000000000a42e       0x32 .pio/build/cubecell_board/libFrameworkArduino.a(WString.cpp.o)
                0x000000000000a42e                String::concat(char const*, unsigned int)
 .text._ZN6String6concatEc
                0x000000000000a460       0x16 .pio/build/cubecell_board/libFrameworkArduino.a(WString.cpp.o)
                0x000000000000a460                String::concat(char)
 *fill*         0x000000000000a476        0x2 
 .text.global_irq_SetPriority
                0x000000000000a478       0x20 .pio/build/cubecell_board/libFrameworkArduino.a(irq.c.o)
                0x000000000000a478                global_irq_SetPriority
 .text.global_irq_StartEx
                0x000000000000a498       0x24 .pio/build/cubecell_board/libFrameworkArduino.a(irq.c.o)
                0x000000000000a498                global_irq_StartEx
 .text.global_irq_Disable
                0x000000000000a4bc        0xc .pio/build/cubecell_board/libFrameworkArduino.a(irq.c.o)
                0x000000000000a4bc                global_irq_Disable
 .text.SX126xGetOperatingMode
                0x000000000000a4c8        0xc .pio/build/cubecell_board/libFrameworkArduino.a(sx126x.c.o)
                0x000000000000a4c8                SX126xGetOperatingMode
 .text.SX126xSetOperatingMode
                0x000000000000a4d4        0xc .pio/build/cubecell_board/libFrameworkArduino.a(sx126x.c.o)
                0x000000000000a4d4                SX126xSetOperatingMode
 .text.SX126xCheckDeviceReady
                0x000000000000a4e0       0x24 .pio/build/cubecell_board/libFrameworkArduino.a(sx126x.c.o)
                0x000000000000a4e0                SX126xCheckDeviceReady
 .text.SX126xSetPayload
                0x000000000000a504        0xe .pio/build/cubecell_board/libFrameworkArduino.a(sx126x.c.o)
                0x000000000000a504                SX126xSetPayload
 *fill*         0x000000000000a512        0x2 
 .text.SX126xSetSyncWord
                0x000000000000a514       0x3c .pio/build/cubecell_board/libFrameworkArduino.a(sx126x.c.o)
                0x000000000000a514                SX126xSetSyncWord
 .text.SX126xSetCrcSeed
                0x000000000000a550       0x24 .pio/build/cubecell_board/libFrameworkArduino.a(sx126x.c.o)
                0x000000000000a550                SX126xSetCrcSeed
 .text.SX126xSetCrcPolynomial
                0x000000000000a574       0x24 .pio/build/cubecell_board/libFrameworkArduino.a(sx126x.c.o)
                0x000000000000a574                SX126xSetCrcPolynomial
 .text.SX126xSetWhiteningSeed
                0x000000000000a598       0x3c .pio/build/cubecell_board/libFrameworkArduino.a(sx126x.c.o)
                0x000000000000a598                SX126xSetWhiteningSeed
 .text.SX126xSetSleep
                0x000000000000a5d4       0x20 .pio/build/cubecell_board/libFrameworkArduino.a(sx126x.c.o)
                0x000000000000a5d4                SX126xSetSleep
 .text.sx126xSleep
                0x000000000000a5f4       0x10 .pio/build/cubecell_board/libFrameworkArduino.a(sx126x.c.o)
                0x000000000000a5f4                sx126xSleep
 .text.SX126xSetStandby
                0x000000000000a604       0x28 .pio/build/cubecell_board/libFrameworkArduino.a(sx126x.c.o)
                0x000000000000a604                SX126xSetStandby
 .text.SX126xSetTx
                0x000000000000a62c       0x24 .pio/build/cubecell_board/libFrameworkArduino.a(sx126x.c.o)
                0x000000000000a62c                SX126xSetTx
 .text.SX126xSendPayload
                0x000000000000a650       0x10 .pio/build/cubecell_board/libFrameworkArduino.a(sx126x.c.o)
                0x000000000000a650                SX126xSendPayload
 .text.SX126xSetRx
                0x000000000000a660       0x24 .pio/build/cubecell_board/libFrameworkArduino.a(sx126x.c.o)
                0x000000000000a660                SX126xSetRx
 .text.SX126xSetRxBoosted
                0x000000000000a684       0x30 .pio/build/cubecell_board/libFrameworkArduino.a(sx126x.c.o)
                0x000000000000a684                SX126xSetRxBoosted
 .text.SX126xSetRxDutyCycle
                0x000000000000a6b4       0x2c .pio/build/cubecell_board/libFrameworkArduino.a(sx126x.c.o)
                0x000000000000a6b4                SX126xSetRxDutyCycle
 .text.SX126xSetCad
                0x000000000000a6e0       0x18 .pio/build/cubecell_board/libFrameworkArduino.a(sx126x.c.o)
                0x000000000000a6e0                SX126xSetCad
 .text.SX126xSetTxContinuousWave
                0x000000000000a6f8        0xe .pio/build/cubecell_board/libFrameworkArduino.a(sx126x.c.o)
                0x000000000000a6f8                SX126xSetTxContinuousWave
 .text.SX126xSetStopRxTimerOnPreambleDetect
                0x000000000000a706       0x12 .pio/build/cubecell_board/libFrameworkArduino.a(sx126x.c.o)
                0x000000000000a706                SX126xSetStopRxTimerOnPreambleDetect
 .text.SX126xSetLoRaSymbNumTimeout
                0x000000000000a718       0x12 .pio/build/cubecell_board/libFrameworkArduino.a(sx126x.c.o)
                0x000000000000a718                SX126xSetLoRaSymbNumTimeout
 .text.SX126xSetRegulatorMode
                0x000000000000a72a       0x12 .pio/build/cubecell_board/libFrameworkArduino.a(sx126x.c.o)
                0x000000000000a72a                SX126xSetRegulatorMode
 .text.SX126xCalibrate
                0x000000000000a73c       0x10 .pio/build/cubecell_board/libFrameworkArduino.a(sx126x.c.o)
                0x000000000000a73c                SX126xCalibrate
 .text.SX126xCalibrateImage
                0x000000000000a74c       0x68 .pio/build/cubecell_board/libFrameworkArduino.a(sx126x.c.o)
                0x000000000000a74c                SX126xCalibrateImage
 .text.SX126xSetPaConfig
                0x000000000000a7b4       0x18 .pio/build/cubecell_board/libFrameworkArduino.a(sx126x.c.o)
                0x000000000000a7b4                SX126xSetPaConfig
 .text.SX126xSetDioIrqParams
                0x000000000000a7cc       0x20 .pio/build/cubecell_board/libFrameworkArduino.a(sx126x.c.o)
                0x000000000000a7cc                SX126xSetDioIrqParams
 .text.SX126xGetIrqStatus
                0x000000000000a7ec       0x1a .pio/build/cubecell_board/libFrameworkArduino.a(sx126x.c.o)
                0x000000000000a7ec                SX126xGetIrqStatus
 .text.SX126xSetDio2AsRfSwitchCtrl
                0x000000000000a806       0x12 .pio/build/cubecell_board/libFrameworkArduino.a(sx126x.c.o)
                0x000000000000a806                SX126xSetDio2AsRfSwitchCtrl
 .text.SX126xSetDio3AsTcxoCtrl
                0x000000000000a818       0x1e .pio/build/cubecell_board/libFrameworkArduino.a(sx126x.c.o)
                0x000000000000a818                SX126xSetDio3AsTcxoCtrl
 *fill*         0x000000000000a836        0x2 
 .text.SX126xInit
                0x000000000000a838       0x4c .pio/build/cubecell_board/libFrameworkArduino.a(sx126x.c.o)
                0x000000000000a838                SX126xInit
 .text.SX126xSetRfFrequency
                0x000000000000a884       0x40 .pio/build/cubecell_board/libFrameworkArduino.a(sx126x.c.o)
                0x000000000000a884                SX126xSetRfFrequency
 .text.SX126xSetPacketType
                0x000000000000a8c4       0x1c .pio/build/cubecell_board/libFrameworkArduino.a(sx126x.c.o)
                0x000000000000a8c4                SX126xSetPacketType
 .text.SX126xGetPacketType
                0x000000000000a8e0        0xc .pio/build/cubecell_board/libFrameworkArduino.a(sx126x.c.o)
                0x000000000000a8e0                SX126xGetPacketType
 .text.SX126xSetTxParams
                0x000000000000a8ec       0xb4 .pio/build/cubecell_board/libFrameworkArduino.a(sx126x.c.o)
                0x000000000000a8ec                SX126xSetTxParams
 .text.SX126xSetModulationParams
                0x000000000000a9a0       0xa0 .pio/build/cubecell_board/libFrameworkArduino.a(sx126x.c.o)
                0x000000000000a9a0                SX126xSetModulationParams
 .text.SX126xSetPacketParams
                0x000000000000aa40       0xa8 .pio/build/cubecell_board/libFrameworkArduino.a(sx126x.c.o)
                0x000000000000aa40                SX126xSetPacketParams
 .text.SX126xSetCadParams
                0x000000000000aae8       0x30 .pio/build/cubecell_board/libFrameworkArduino.a(sx126x.c.o)
                0x000000000000aae8                SX126xSetCadParams
 .text.SX126xSetBufferBaseAddress
                0x000000000000ab18       0x14 .pio/build/cubecell_board/libFrameworkArduino.a(sx126x.c.o)
                0x000000000000ab18                SX126xSetBufferBaseAddress
 .text.SX126xGetRssiInst
                0x000000000000ab2c       0x16 .pio/build/cubecell_board/libFrameworkArduino.a(sx126x.c.o)
                0x000000000000ab2c                SX126xGetRssiInst
 *fill*         0x000000000000ab42        0x2 
 .text.SX126xGetRxBufferStatus
                0x000000000000ab44       0x4c .pio/build/cubecell_board/libFrameworkArduino.a(sx126x.c.o)
                0x000000000000ab44                SX126xGetRxBufferStatus
 .text.SX126xGetPayload
                0x000000000000ab90       0x2c .pio/build/cubecell_board/libFrameworkArduino.a(sx126x.c.o)
                0x000000000000ab90                SX126xGetPayload
 .text.SX126xGetPacketStatus
                0x000000000000abbc       0x7c .pio/build/cubecell_board/libFrameworkArduino.a(sx126x.c.o)
                0x000000000000abbc                SX126xGetPacketStatus
 .text.SX126xClearIrqStatus
                0x000000000000ac38       0x12 .pio/build/cubecell_board/libFrameworkArduino.a(sx126x.c.o)
                0x000000000000ac38                SX126xClearIrqStatus
 .text.xor_block
                0x000000000000ac4a       0x82 .pio/build/cubecell_board/libFrameworkArduino.a(aes.c.o)
 .text.copy_and_key
                0x000000000000accc       0x84 .pio/build/cubecell_board/libFrameworkArduino.a(aes.c.o)
 .text.aes_set_key
                0x000000000000ad50      0x10c .pio/build/cubecell_board/libFrameworkArduino.a(aes.c.o)
                0x000000000000ad50                aes_set_key
 .text.aes_encrypt
                0x000000000000ae5c      0x28c .pio/build/cubecell_board/libFrameworkArduino.a(aes.c.o)
                0x000000000000ae5c                aes_encrypt
 .text.AES_CMAC_Init
                0x000000000000b0e8       0x1e .pio/build/cubecell_board/libFrameworkArduino.a(cmac.c.o)
                0x000000000000b0e8                AES_CMAC_Init
 .text.AES_CMAC_SetKey
                0x000000000000b106       0x12 .pio/build/cubecell_board/libFrameworkArduino.a(cmac.c.o)