Archive member included to satisfy reference by file (symbol)

/home/rjmendez/.platformio/packages/framework-arduinoasrmicro650x/cores/asr650x/projects/CubeCellLib.a(timeServer.o)
                              .pio/build/cubecell_board/src/main.cpp.o (TimerInit)
/home/rjmendez/.platformio/packages/framework-arduinoasrmicro650x/cores/asr650x/projects/CubeCellLib.a(asr_timer.o)
                              /home/rjmendez/.platformio/packages/framework-arduinoasrmicro650x/cores/asr650x/projects/CubeCellLib.a(timeServer.o) (Asr_Timer_RegisterAlarmCallback)
/home/rjmendez/.platformio/packages/framework-arduinoasrmicro650x/cores/asr650x/projects/CubeCellLib.a(AT_Command.o)
                              .pio/build/cubecell_board/src/main.cpp.o (printDevParam)
/home/rjmendez/.platformio/packages/framework-arduinoasrmicro650x/cores/asr650x/projects/CubeCellLib.a(ASR_Arduino.o)
                              /home/rjmendez/.platformio/packages/framework-arduinoasrmicro650x/cores/asr650x/projects/CubeCellLib.a(AT_Command.o) (getID)
/home/rjmendez/.platformio/packages/framework-arduinoasrmicro650x/cores/asr650x/projects/CubeCellLib.a(UART_1.o)
                              /home/rjmendez/.platformio/packages/framework-arduinoasrmicro650x/cores/asr650x/projects/CubeCellLib.a(ASR_Arduino.o) (UART_1_initVar)
/home/rjmendez/.platformio/packages/framework-arduinoasrmicro650x/cores/asr650x/projects/CubeCellLib.a(cyfitter_cfg.o)
                              /home/rjmendez/.platformio/packages/framework-arduinoasrmicro650x/cores/asr650x/projects/CubeCellLib.a(ASR_Arduino.o) (systime)
.pio/build/cubecell_board/lib839/libLoraWan102.a(LoRaMac.c.o)
                              /home/rjmendez/.platformio/packages/framework-arduinoasrmicro650x/cores/asr650x/projects/CubeCellLib.a(AT_Command.o) (OnRadioRxDone)
.pio/build/cubecell_board/lib839/libLoraWan102.a(LoRaMacClassB.c.o)
                              .pio/build/cubecell_board/lib839/libLoraWan102.a(LoRaMac.c.o) (LoRaMacClassBInit)
.pio/build/cubecell_board/lib839/libLoraWan102.a(LoRaMacConfirmQueue.c.o)
                              .pio/build/cubecell_board/lib839/libLoraWan102.a(LoRaMac.c.o) (LoRaMacConfirmQueueInit)
.pio/build/cubecell_board/lib839/libLoraWan102.a(LoRaMacCrypto.c.o)
                              .pio/build/cubecell_board/lib839/libLoraWan102.a(LoRaMac.c.o) (LoRaMacComputeMic)
.pio/build/cubecell_board/lib839/libLoraWan102.a(Region.c.o)
                              .pio/build/cubecell_board/lib839/libLoraWan102.a(LoRaMac.c.o) (RegionIsActive)
.pio/build/cubecell_board/lib839/libLoraWan102.a(RegionUS915.c.o)
                              .pio/build/cubecell_board/lib839/libLoraWan102.a(Region.c.o) (RegionUS915GetPhyParam)
.pio/build/cubecell_board/lib839/libLoraWan102.a(radio.c.o)
                              /home/rjmendez/.platformio/packages/framework-arduinoasrmicro650x/cores/asr650x/projects/CubeCellLib.a(AT_Command.o) (Radio)
.pio/build/cubecell_board/lib839/libLoraWan102.a(RegionCommon.c.o)
                              .pio/build/cubecell_board/lib839/libLoraWan102.a(RegionUS915.c.o) (RegionCommonGetJoinDc)
.pio/build/cubecell_board/libaa9/libLoRa.a(LoRaWan_APP.cpp.o)
                              /home/rjmendez/.platformio/packages/framework-arduinoasrmicro650x/cores/asr650x/projects/CubeCellLib.a(AT_Command.o) (lwan_dev_params_update)
.pio/build/cubecell_board/libaa9/libLoRa.a(LoRa_APP.cpp.o)
                              /home/rjmendez/.platformio/packages/framework-arduinoasrmicro650x/cores/asr650x/projects/CubeCellLib.a(AT_Command.o) (LoraRxTimeout)
.pio/build/cubecell_board/lib3c7/libRadSens.a(radSens1v2.cpp.o)
                              .pio/build/cubecell_board/src/main.cpp.o (ClimateGuard_RadSens1v2::ClimateGuard_RadSens1v2(unsigned char))
.pio/build/cubecell_board/libFrameworkArduino.a(HardwareSerial.cpp.o)
                              .pio/build/cubecell_board/src/main.cpp.o (HardwareSerial::begin(unsigned long, unsigned long, int, int, bool, unsigned long))
.pio/build/cubecell_board/libFrameworkArduino.a(Wire.cpp.o)
                              .pio/build/cubecell_board/lib3c7/libRadSens.a(radSens1v2.cpp.o) (TwoWire::read())
.pio/build/cubecell_board/libFrameworkArduino.a(basic.cpp.o)
                              .pio/build/cubecell_board/src/main.cpp.o (getBatteryVoltage())
.pio/build/cubecell_board/libFrameworkArduino.a(asr_board.c.o)
                              .pio/build/cubecell_board/lib839/libLoraWan102.a(radio.c.o) (SX126x)
.pio/build/cubecell_board/libFrameworkArduino.a(gpio.c.o)
                              .pio/build/cubecell_board/libFrameworkArduino.a(asr_board.c.o) (GpioInit)
.pio/build/cubecell_board/libFrameworkArduino.a(spi-board.c.o)
                              .pio/build/cubecell_board/libFrameworkArduino.a(asr_board.c.o) (SpiInit)
.pio/build/cubecell_board/libFrameworkArduino.a(ADC_SAR_Seq.c.o)
[...]
Memory Configuration

Name             Origin             Length             Attributes
rom              0x0000000000000000 0x0000000000020000 xr
ram              0x0000000020000000 0x0000000000004000 xrw
*default*        0x0000000000000000 0xffffffffffffffff

Linker script and memory map

LOAD /home/rjmendez/.platformio/packages/toolchain-gccarmnoneeabi/bin/../lib/gcc/arm-none-eabi/9.2.1/thumb/v6-m/nofp/crti.o
LOAD /home/rjmendez/.platformio/packages/toolchain-gccarmnoneeabi/bin/../lib/gcc/arm-none-eabi/9.2.1/thumb/v6-m/nofp/crtbegin.o
LOAD /home/rjmendez/.platformio/packages/toolchain-gccarmnoneeabi/bin/../lib/gcc/arm-none-eabi/9.2.1/../../../../arm-none-eabi/lib/thumb/v6-m/nofp/crt0.o
LOAD .pio/build/cubecell_board/src/main.cpp.o
START GROUP
LOAD /home/rjmendez/.platformio/packages/framework-arduinoasrmicro650x/cores/asr650x/projects/CubeCellLib.a
LOAD .pio/build/cubecell_board/lib839/libLoraWan102.a
LOAD .pio/build/cubecell_board/lib0c7/libRGB.a
LOAD .pio/build/cubecell_board/lib8da/libDISPLAY.a
LOAD .pio/build/cubecell_board/libaa9/libLoRa.a
LOAD .pio/build/cubecell_board/lib3c7/libRadSens.a
LOAD .pio/build/cubecell_board/libFrameworkArduinoVariant.a
LOAD .pio/build/cubecell_board/libFrameworkArduino.a
LOAD /home/rjmendez/.platformio/packages/toolchain-gccarmnoneeabi/bin/../lib/gcc/arm-none-eabi/9.2.1/../../../../arm-none-eabi/lib/thumb/v6-m/nofp/libstdc++_nano.a
END GROUP
LOAD /home/rjmendez/.platformio/packages/toolchain-gccarmnoneeabi/bin/../lib/gcc/arm-none-eabi/9.2.1/../../../../arm-none-eabi/lib/thumb/v6-m/nofp/libstdc++_nano.a
LOAD /home/rjmendez/.platformio/packages/toolchain-gccarmnoneeabi/bin/../lib/gcc/arm-none-eabi/9.2.1/../../../../arm-none-eabi/lib/thumb/v6-m/nofp/libm.a
START GROUP
LOAD /home/rjmendez/.platformio/packages/toolchain-gccarmnoneeabi/bin/../lib/gcc/arm-none-eabi/9.2.1/thumb/v6-m/nofp/libgcc.a
LOAD /home/rjmendez/.platformio/packages/toolchain-gccarmnoneeabi/bin/../lib/gcc/arm-none-eabi/9.2.1/../../../../arm-none-eabi/lib/thumb/v6-m/nofp/libc_nano.a
END GROUP
START GROUP
LOAD /home/rjmendez/.platformio/packages/toolchain-gccarmnoneeabi/bin/../lib/gcc/arm-none-eabi/9.2.1/thumb/v6-m/nofp/libgcc.a
LOAD /home/rjmendez/.platformio/packages/toolchain-gccarmnoneeabi/bin/../lib/gcc/arm-none-eabi/9.2.1/../../../../arm-none-eabi/lib/thumb/v6-m/nofp/libc_nano.a
END GROUP
LOAD /home/rjmendez/.platformio/packages/toolchain-gccarmnoneeabi/bin/../lib/gcc/arm-none-eabi/9.2.1/thumb/v6-m/nofp/crtend.o
LOAD /home/rjmendez/.platformio/packages/toolchain-gccarmnoneeabi/bin/../lib/gcc/arm-none-eabi/9.2.1/thumb/v6-m/nofp/crtn.o
START GROUP
LOAD /home/rjmendez/.platformio/packages/toolchain-gccarmnoneeabi/bin/../lib/gcc/arm-none-eabi/9.2.1/thumb/v6-m/nofp/libgcc.a
LOAD /home/rjmendez/.platformio/packages/toolchain-gccarmnoneeabi/bin/../lib/gcc/arm-none-eabi/9.2.1/../../../../arm-none-eabi/lib/thumb/v6-m/nofp/libc.a
LOAD /home/rjmendez/.platformio/packages/toolchain-gccarmnoneeabi/bin/../lib/gcc/arm-none-eabi/9.2.1/../../../../arm-none-eabi/lib/thumb/v6-m/nofp/libnosys.a
END GROUP
                0x0000000000000000                CY_APPL_ORIGIN = 0x0
                0x0000000000000100                CY_FLASH_ROW_SIZE = 0x100
                0x0000000000000001                CY_APPL_NUM = 0x1
                0x0000000000000001                CY_APPL_MAX = 0x1
                0x0000000000000040                CY_METADATA_SIZE = 0x40
                0x0000000000000001                CY_APPL_LOADABLE = 0x1
                0x0000000000000000                CY_CHECKSUM_EXCLUDE_SIZE = ALIGN (0x0, CY_FLASH_ROW_SIZE)
                0x0000000000000000                CY_APP_FOR_STACK_AND_COPIER = 0x0
                [!provide]                        PROVIDE (__cy_heap_start = _end)
                0x0000000000000001                PROVIDE (__cy_region_num = ((__cy_regions_end - __cy_regions) / 0x10))
                0x0000000020004000                PROVIDE (__cy_stack = (ORIGIN (ram) + LENGTH (ram)))
                [!provide]                        PROVIDE (__cy_heap_end = (__cy_stack - 0x800))

.cybootloader   0x0000000000000000     0x2200
 *(.cybootloader)
 .cybootloader  0x0000000000000000     0x2200 .pio/build/cubecell_board/libFrameworkArduino.a(cybootloader.c.o)
                0x0000000000000000                cy_bootloader
                0x0000000000002200                appl1_start = CY_APPL_ORIGIN?CY_APPL_ORIGIN:ALIGN (CY_FLASH_ROW_SIZE)
                0x0000000000011000                appl2_start = (appl1_start + ALIGN ((((LENGTH (rom) - appl1_start) - (0x2 * CY_FLASH_ROW_SIZE)) / 0x2), CY_FLASH_ROW_SIZE))
                0x0000000000002200                appl_start = (CY_APPL_NUM == 0x1)?appl1_start:appl2_start
                0x0000000000000000                cy_project_type_bootloader = (appl_start == 0x0)?0x1:0x0
                0x0000000000000000                cy_project_type_app_for_stack_and_copier = (CY_APP_FOR_STACK_AND_COPIER == 0x1)?0x1:0x0

.text           0x0000000000002200     0xf484
 CREATE_OBJECT_SYMBOLS
                0x0000000000002200                PROVIDE (__cy_interrupt_vector = RomVectors)
 *(.romvectors)
 .romvectors    0x0000000000002200       0x10 .pio/build/cubecell_board/libFrameworkArduino.a(Cm0plusStart.c.o)
                0x0000000000002200                RomVectors
                0x0000000000000001                ASSERT ((. != __cy_interrupt_vector), No interrupt vector)
                0x0000000000000001                ASSERT (CY_APPL_ORIGIN?(SIZEOF (.cybootloader) <= CY_APPL_ORIGIN):0x1, Wrong image location)
                0x0000000000002210                PROVIDE (__cy_reset = Reset)
 *(.text.Reset)
 .text.Reset    0x0000000000002210       0x18 .pio/build/cubecell_board/libFrameworkArduino.a(Cm0plusStart.c.o)
                0x0000000000002210                Reset
                0x0000000000000001                ASSERT ((. != __cy_reset), No reset code)
 *(.psocinit)
 .psocinit      0x0000000000002228      0x1b8 /home/rjmendez/.platformio/packages/framework-arduinoasrmicro650x/cores/asr650x/projects/CubeCellLib.a(cyfitter_cfg.o)
                0x0000000000002228                cyfitter_cfg
                0x00000000000023e0                . = MAX (., 0x100)
 *(.text .text.* .gnu.linkonce.t.*)
 .text.__do_global_dtors_aux
                0x00000000000023e0       0x28 /home/rjmendez/.platformio/packages/toolchain-gccarmnoneeabi/bin/../lib/gcc/arm-none-eabi/9.2.1/thumb/v6-m/nofp/crtbegin.o
 .text.frame_dummy
                0x0000000000002408       0x20 /home/rjmendez/.platformio/packages/toolchain-gccarmnoneeabi/bin/../lib/gcc/arm-none-eabi/9.2.1/thumb/v6-m/nofp/crtbegin.o
 .text._ZL6wakeUpv
                0x0000000000002428        0xc .pio/build/cubecell_board/src/main.cpp.o
 .text._Z14prepareTxFrameh
                0x0000000000002434      0x174 .pio/build/cubecell_board/src/main.cpp.o
                0x0000000000002434                prepareTxFrame(unsigned char)
 .text._Z5setupv
                0x00000000000025a8       0xc0 .pio/build/cubecell_board/src/main.cpp.o
                0x00000000000025a8                setup()
 .text._Z4loopv
                0x0000000000002668       0xc4 .pio/build/cubecell_board/src/main.cpp.o
                0x0000000000002668                loop()
 .text.startup._GLOBAL__sub_I_radSens
                0x000000000000272c       0x24 .pio/build/cubecell_board/src/main.cpp.o
 .text.RTC_Update_ASR
                0x0000000000002750       0x2c /home/rjmendez/.platformio/packages/framework-arduinoasrmicro650x/cores/asr650x/projects/CubeCellLib.a(timeServer.o)
 .text.TimerInit
                0x000000000000277c        0xe /home/rjmendez/.platformio/packages/framework-arduinoasrmicro650x/cores/asr650x/projects/CubeCellLib.a(timeServer.o)
                0x000000000000277c                TimerInit
 *fill*         0x000000000000278a        0x2 
 .text.RtcGetTimerValue
                0x000000000000278c       0x50 /home/rjmendez/.platformio/packages/framework-arduinoasrmicro650x/cores/asr650x/projects/CubeCellLib.a(timeServer.o)
                0x000000000000278c                RtcGetTimerValue
 .text.RtcGetElapsedTime
                0x00000000000027dc       0x18 /home/rjmendez/.platformio/packages/framework-arduinoasrmicro650x/cores/asr650x/projects/CubeCellLib.a(timeServer.o)
 .text.TimerSetTimeout
                0x00000000000027f4       0x40 /home/rjmendez/.platformio/packages/framework-arduinoasrmicro650x/cores/asr650x/projects/CubeCellLib.a(timeServer.o)
 .text.TimerInsertNewHeadTimer
                0x0000000000002834       0x1c /home/rjmendez/.platformio/packages/framework-arduinoasrmicro650x/cores/asr650x/projects/CubeCellLib.a(timeServer.o)
 .text.TimeStampsUpdate
                0x0000000000002850       0x34 /home/rjmendez/.platformio/packages/framework-arduinoasrmicro650x/cores/asr650x/projects/CubeCellLib.a(timeServer.o)
 .text.TimerStart
                0x0000000000002884       0x8c /home/rjmendez/.platformio/packages/framework-arduinoasrmicro650x/cores/asr650x/projects/CubeCellLib.a(timeServer.o)
                0x0000000000002884                TimerStart
 .text.TimerStop
                0x0000000000002910       0x60 /home/rjmendez/.platformio/packages/framework-arduinoasrmicro650x/cores/asr650x/projects/CubeCellLib.a(timeServer.o)
                0x0000000000002910                TimerStop
 .text.TimerSetValue
                0x0000000000002970       0x16 /home/rjmendez/.platformio/packages/framework-arduinoasrmicro650x/cores/asr650x/projects/CubeCellLib.a(timeServer.o)
                0x0000000000002970                TimerSetValue
 *fill*         0x0000000000002986        0x2 
 .text.TimerIrqHandler
                0x0000000000002988       0x58 /home/rjmendez/.platformio/packages/framework-arduinoasrmicro650x/cores/asr650x/projects/CubeCellLib.a(timeServer.o)
                0x0000000000002988                TimerIrqHandler
 .text.TimerGetCurrentTime
                0x00000000000029e0       0x18 /home/rjmendez/.platformio/packages/framework-arduinoasrmicro650x/cores/asr650x/projects/CubeCellLib.a(timeServer.o)
                0x00000000000029e0                TimerGetCurrentTime
 .text.TimerGetElapsedTime
                0x00000000000029f8       0x10 /home/rjmendez/.platformio/packages/framework-arduinoasrmicro650x/cores/asr650x/projects/CubeCellLib.a(timeServer.o)
                0x00000000000029f8                TimerGetElapsedTime
 .text.TimerSetSysTime
                0x0000000000002a08       0x3c /home/rjmendez/.platformio/packages/framework-arduinoasrmicro650x/cores/asr650x/projects/CubeCellLib.a(timeServer.o)
                0x0000000000002a08                TimerSetSysTime
 .text.TimerGetSysTime
                0x0000000000002a44       0x2c /home/rjmendez/.platformio/packages/framework-arduinoasrmicro650x/cores/asr650x/projects/CubeCellLib.a(timeServer.o)
                0x0000000000002a44                TimerGetSysTime
 .text.RtcInit  0x0000000000002a70       0x3c /home/rjmendez/.platformio/packages/framework-arduinoasrmicro650x/cores/asr650x/projects/CubeCellLib.a(timeServer.o)
                0x0000000000002a70                RtcInit
 .text.Asr_Timer_RegisterAlarmCallback
                0x0000000000002aac       0x10 /home/rjmendez/.platformio/packages/framework-arduinoasrmicro650x/cores/asr650x/projects/CubeCellLib.a(asr_timer.o)
                0x0000000000002aac                Asr_Timer_RegisterAlarmCallback
 .text.Asr_SetTimeout
                0x0000000000002abc       0xc8 /home/rjmendez/.platformio/packages/framework-arduinoasrmicro650x/cores/asr650x/projects/CubeCellLib.a(asr_timer.o)
                0x0000000000002abc                Asr_SetTimeout
 .text.Asr_Timer_Init
                0x0000000000002b84       0x68 /home/rjmendez/.platformio/packages/framework-arduinoasrmicro650x/cores/asr650x/projects/CubeCellLib.a(asr_timer.o)
                0x0000000000002b84                Asr_Timer_Init
 .text.Asr_Timer_Disable
                0x0000000000002bec       0x18 /home/rjmendez/.platformio/packages/framework-arduinoasrmicro650x/cores/asr650x/projects/CubeCellLib.a(asr_timer.o)
                0x0000000000002bec                Asr_Timer_Disable
 .text.Timer0IsrCallback
                0x0000000000002c04       0x1c /home/rjmendez/.platformio/packages/framework-arduinoasrmicro650x/cores/asr650x/projects/CubeCellLib.a(asr_timer.o)
                0x0000000000002c04                Timer0IsrCallback
 .text.Timer1IsrCallback
                0x0000000000002c20       0x30 /home/rjmendez/.platformio/packages/framework-arduinoasrmicro650x/cores/asr650x/projects/CubeCellLib.a(asr_timer.o)
                0x0000000000002c20                Timer1IsrCallback
 .text.print_para_1
                0x0000000000002c50       0x20 /home/rjmendez/.platformio/packages/framework-arduinoasrmicro650x/cores/asr650x/projects/CubeCellLib.a(AT_Command.o)
                0x0000000000002c50                print_para_1
 .text.netInfoDisable
                0x0000000000002c70       0x1a /home/rjmendez/.platformio/packages/framework-arduinoasrmicro650x/cores/asr650x/projects/CubeCellLib.a(AT_Command.o)
                0x0000000000002c70                netInfoDisable
 *fill*         0x0000000000002c8a        0x2 
 .text.saveNetInfo
                0x0000000000002c8c       0x58 /home/rjmendez/.platformio/packages/framework-arduinoasrmicro650x/cores/asr650x/projects/CubeCellLib.a(AT_Command.o)
                0x0000000000002c8c                saveNetInfo
 .text.checkNetInfo
                0x0000000000002ce4       0x34 /home/rjmendez/.platformio/packages/framework-arduinoasrmicro650x/cores/asr650x/projects/CubeCellLib.a(AT_Command.o)
                0x0000000000002ce4                checkNetInfo
 .text.saveDownCnt
                0x0000000000002d18       0x40 /home/rjmendez/.platformio/packages/framework-arduinoasrmicro650x/cores/asr650x/projects/CubeCellLib.a(AT_Command.o)
                0x0000000000002d18                saveDownCnt
 .text.getNetInfo
                0x0000000000002d58      0x120 /home/rjmendez/.platformio/packages/framework-arduinoasrmicro650x/cores/asr650x/projects/CubeCellLib.a(AT_Command.o)
                0x0000000000002d58                getNetInfo
 .text.printDevParam
                0x0000000000002e78      0x224 /home/rjmendez/.platformio/packages/framework-arduinoasrmicro650x/cores/asr650x/projects/CubeCellLib.a(AT_Command.o)
                0x0000000000002e78                printDevParam
 .text.__pinMode
                0x000000000000309c       0x74 /home/rjmendez/.platformio/packages/framework-arduinoasrmicro650x/cores/asr650x/projects/CubeCellLib.a(ASR_Arduino.o)
 .text.globalGpioIsrEntry
                0x0000000000003110       0x90 /home/rjmendez/.platformio/packages/framework-arduinoasrmicro650x/cores/asr650x/projects/CubeCellLib.a(ASR_Arduino.o)
                0x0000000000003110                globalGpioIsrEntry
 .text.getID    0x00000000000031a0       0x18 /home/rjmendez/.platformio/packages/framework-arduinoasrmicro650x/cores/asr650x/projects/CubeCellLib.a(ASR_Arduino.o)
                0x00000000000031a0                getID
 .text.license_check
                0x00000000000031b8      0x268 /home/rjmendez/.platformio/packages/framework-arduinoasrmicro650x/cores/asr650x/projects/CubeCellLib.a(ASR_Arduino.o)
                0x00000000000031b8                license_check
 .text.pinMode  0x0000000000003420       0x1a /home/rjmendez/.platformio/packages/framework-arduinoasrmicro650x/cores/asr650x/projects/CubeCellLib.a(ASR_Arduino.o)
                0x0000000000003420                pinMode
 *fill*         0x000000000000343a        0x2 
 .text.digitalWrite
                0x000000000000343c       0x68 /home/rjmendez/.platformio/packages/framework-arduinoasrmicro650x/cores/asr650x/projects/CubeCellLib.a(ASR_Arduino.o)
                0x000000000000343c                digitalWrite
 .text.digitalRead
                0x00000000000034a4       0x20 /home/rjmendez/.platformio/packages/framework-arduinoasrmicro650x/cores/asr650x/projects/CubeCellLib.a(ASR_Arduino.o)
                0x00000000000034a4                digitalRead
 .text.ClearPinInterrupt
                0x00000000000034c4       0x1c /home/rjmendez/.platformio/packages/framework-arduinoasrmicro650x/cores/asr650x/projects/CubeCellLib.a(ASR_Arduino.o)
                0x00000000000034c4                ClearPinInterrupt
 .text.attachInterrupt
                0x00000000000034e0       0x80 /home/rjmendez/.platformio/packages/framework-arduinoasrmicro650x/cores/asr650x/projects/CubeCellLib.a(ASR_Arduino.o)
                0x00000000000034e0                attachInterrupt
 .text.detachInterrupt
                0x0000000000003560       0x78 /home/rjmendez/.platformio/packages/framework-arduinoasrmicro650x/cores/asr650x/projects/CubeCellLib.a(ASR_Arduino.o)
                0x0000000000003560                detachInterrupt
 .text.analogRead
                0x00000000000035d8       0x60 /home/rjmendez/.platformio/packages/framework-arduinoasrmicro650x/cores/asr650x/projects/CubeCellLib.a(ASR_Arduino.o)
                0x00000000000035d8                analogRead
 .text.analogReadmV
                0x0000000000003638       0x20 /home/rjmendez/.platformio/packages/framework-arduinoasrmicro650x/cores/asr650x/projects/CubeCellLib.a(ASR_Arduino.o)
                0x0000000000003638                analogReadmV
 .text.delay    0x0000000000003658        0x8 /home/rjmendez/.platformio/packages/framework-arduinoasrmicro650x/cores/asr650x/projects/CubeCellLib.a(ASR_Arduino.o)
                0x0000000000003658                delay
 .text.millis   0x0000000000003660        0x8 /home/rjmendez/.platformio/packages/framework-arduinoasrmicro650x/cores/asr650x/projects/CubeCellLib.a(ASR_Arduino.o)
                0x0000000000003660                millis
 .text.UART_1_Enable
                0x0000000000003668       0x20 /home/rjmendez/.platformio/packages/framework-arduinoasrmicro650x/cores/asr650x/projects/CubeCellLib.a(UART_1.o)
                0x0000000000003668                UART_1_Enable
 .text.UART_1_Start
                0x0000000000003688       0x54 /home/rjmendez/.platformio/packages/framework-arduinoasrmicro650x/cores/asr650x/projects/CubeCellLib.a(UART_1.o)
                0x0000000000003688                UART_1_Start
 .text.systemTimer
                0x00000000000036dc       0x10 /home/rjmendez/.platformio/packages/framework-arduinoasrmicro650x/cores/asr650x/projects/CubeCellLib.a(cyfitter_cfg.o)
                0x00000000000036dc                systemTimer
 .text.SetAnalogRoutingPumps
                0x00000000000036ec       0x1c /home/rjmendez/.platformio/packages/framework-arduinoasrmicro650x/cores/asr650x/projects/CubeCellLib.a(cyfitter_cfg.o)
                0x00000000000036ec                SetAnalogRoutingPumps
 .text.SetMlmeScheduleUplinkIndication
                0x0000000000003708       0x1c .pio/build/cubecell_board/lib839/libLoraWan102.a(LoRaMac.c.o)
 .text.AddMacCommand
                0x0000000000003724      0x1b8 .pio/build/cubecell_board/lib839/libLoraWan102.a(LoRaMac.c.o)
 .text.ResetMacParameters
                0x00000000000038dc       0xe0 .pio/build/cubecell_board/lib839/libLoraWan102.a(LoRaMac.c.o)
 .text.OnAckTimeoutTimerEvent
                0x00000000000039bc       0x4c .pio/build/cubecell_board/lib839/libLoraWan102.a(LoRaMac.c.o)
 .text.ValidatePayloadLength
                0x0000000000003a08       0x5c .pio/build/cubecell_board/lib839/libLoraWan102.a(LoRaMac.c.o)
 .text.PrepareRxDoneAbort
                0x0000000000003a64       0x48 .pio/build/cubecell_board/lib839/libLoraWan102.a(LoRaMac.c.o)
 .text.ProcessMacCommands
                0x0000000000003aac      0x42c .pio/build/cubecell_board/lib839/libLoraWan102.a(LoRaMac.c.o)
 .text.OnRadioRxDone
                0x0000000000003ed8      0x610 .pio/build/cubecell_board/lib839/libLoraWan102.a(LoRaMac.c.o)
                0x0000000000003ed8                OnRadioRxDone
 .text.ScheduleTx
                0x00000000000044e8      0x254 .pio/build/cubecell_board/lib839/libLoraWan102.a(LoRaMac.c.o)
 .text.OnRadioCadDone
                0x000000000000473c       0xd0 .pio/build/cubecell_board/lib839/libLoraWan102.a(LoRaMac.c.o)
 .text.Onwota_CadTimer
                0x000000000000480c       0x88 .pio/build/cubecell_board/lib839/libLoraWan102.a(LoRaMac.c.o)
                0x000000000000480c                Onwota_CadTimer
 .text.RxWindowSetup
                0x0000000000004894       0x18 .pio/build/cubecell_board/lib839/libLoraWan102.a(LoRaMac.c.o)
 .text.OnRxWindow2TimerEvent
                0x00000000000048ac       0x78 .pio/build/cubecell_board/lib839/libLoraWan102.a(LoRaMac.c.o)
 .text.OpenContinuousRx2Window
                0x0000000000004924       0x14 .pio/build/cubecell_board/lib839/libLoraWan102.a(LoRaMac.c.o)
 .text.OnRadioTxTimeout
                0x0000000000004938       0x64 .pio/build/cubecell_board/lib839/libLoraWan102.a(LoRaMac.c.o)
 .text.OnRadioRxTimeout
                0x000000000000499c      0x100 .pio/build/cubecell_board/lib839/libLoraWan102.a(LoRaMac.c.o)
 .text.OnRadioRxError
                0x0000000000004a9c      0x100 .pio/build/cubecell_board/lib839/libLoraWan102.a(LoRaMac.c.o)
 .text.OnRadioTxDone
                0x0000000000004b9c      0x160 .pio/build/cubecell_board/lib839/libLoraWan102.a(LoRaMac.c.o)
 .text.OnRxWindow1TimerEvent
                0x0000000000004cfc       0x7c .pio/build/cubecell_board/lib839/libLoraWan102.a(LoRaMac.c.o)
 .text.PrepareFrame
                0x0000000000004d78      0x36c .pio/build/cubecell_board/lib839/libLoraWan102.a(LoRaMac.c.o)
                0x0000000000004d78                PrepareFrame
 .text.Send     0x00000000000050e4       0x4c .pio/build/cubecell_board/lib839/libLoraWan102.a(LoRaMac.c.o)
                0x00000000000050e4                Send
 .text.OnTxDelayedTimerEvent
                0x0000000000005130       0x80 .pio/build/cubecell_board/lib839/libLoraWan102.a(LoRaMac.c.o)
 .text.OnMacStateCheckTimerEvent
                0x00000000000051b0      0x34c .pio/build/cubecell_board/lib839/libLoraWan102.a(LoRaMac.c.o)
 .text.SendFrameOnChannel
                0x00000000000054fc      0x120 .pio/build/cubecell_board/lib839/libLoraWan102.a(LoRaMac.c.o)
                0x00000000000054fc                SendFrameOnChannel
 .text.OnTxImmediateTimerEvent
                0x000000000000561c       0x1c .pio/build/cubecell_board/lib839/libLoraWan102.a(LoRaMac.c.o)
 .text.SetTxContinuousWave
                0x0000000000005638       0x64 .pio/build/cubecell_board/lib839/libLoraWan102.a(LoRaMac.c.o)
                0x0000000000005638                SetTxContinuousWave
 .text.SetTxContinuousWave1
                0x000000000000569c       0x3c .pio/build/cubecell_board/lib839/libLoraWan102.a(LoRaMac.c.o)
                0x000000000000569c                SetTxContinuousWave1
 .text.LoRaMacInitialization
                0x00000000000056d8      0x334 .pio/build/cubecell_board/lib839/libLoraWan102.a(LoRaMac.c.o)
                0x00000000000056d8                LoRaMacInitialization
 .text.LoRaMacQueryTxPossible
                0x0000000000005a0c      0x16c .pio/build/cubecell_board/lib839/libLoraWan102.a(LoRaMac.c.o)
                0x0000000000005a0c                LoRaMacQueryTxPossible
 .text.LoRaMacMibGetRequestConfirm
                0x0000000000005b78      0x13c .pio/build/cubecell_board/lib839/libLoraWan102.a(LoRaMac.c.o)
                0x0000000000005b78                LoRaMacMibGetRequestConfirm
 .text.LoRaMacMulticastChannelLink
                0x0000000000005cb4       0x44 .pio/build/cubecell_board/lib839/libLoraWan102.a(LoRaMac.c.o)
                0x0000000000005cb4                LoRaMacMulticastChannelLink
 .text.LoRaMacMulticastChannelUnlink
                0x0000000000005cf8       0x44 .pio/build/cubecell_board/lib839/libLoraWan102.a(LoRaMac.c.o)
                0x0000000000005cf8                LoRaMacMulticastChannelUnlink
 .text.LoRaMacMibSetRequestConfirm
                0x0000000000005d3c      0x360 .pio/build/cubecell_board/lib839/libLoraWan102.a(LoRaMac.c.o)
                0x0000000000005d3c                LoRaMacMibSetRequestConfirm
 .text.LoRaMacMlmeRequest
                0x000000000000609c      0x23c .pio/build/cubecell_board/lib839/libLoraWan102.a(LoRaMac.c.o)
                0x000000000000609c                LoRaMacMlmeRequest
 .text.LoRaMacMcpsRequest
                0x00000000000062d8      0x180 .pio/build/cubecell_board/lib839/libLoraWan102.a(LoRaMac.c.o)
                0x00000000000062d8                LoRaMacMcpsRequest
 .text.LoRaMacClassBInit
                0x0000000000006458        0x2 .pio/build/cubecell_board/lib839/libLoraWan102.a(LoRaMacClassB.c.o)
                0x0000000000006458                LoRaMacClassBInit
 .text.LoRaMacClassBSetBeaconState
                0x000000000000645a        0x2 .pio/build/cubecell_board/lib839/libLoraWan102.a(LoRaMacClassB.c.o)
                0x000000000000645a                LoRaMacClassBSetBeaconState
 .text.LoRaMacClassBSetPingSlotState
                0x000000000000645c        0x2 .pio/build/cubecell_board/lib839/libLoraWan102.a(LoRaMacClassB.c.o)
                0x000000000000645c                LoRaMacClassBSetPingSlotState
 .text.LoRaMacClassBSetMulticastSlotState
                0x000000000000645e        0x2 .pio/build/cubecell_board/lib839/libLoraWan102.a(LoRaMacClassB.c.o)
                0x000000000000645e                LoRaMacClassBSetMulticastSlotState
 .text.LoRaMacClassBIsAcquisitionInProgress
                0x0000000000006460        0x4 .pio/build/cubecell_board/lib839/libLoraWan102.a(LoRaMacClassB.c.o)
                0x0000000000006460                LoRaMacClassBIsAcquisitionInProgress
 .text.LoRaMacClassBBeaconTimerEvent
                0x0000000000006464        0x2 .pio/build/cubecell_board/lib839/libLoraWan102.a(LoRaMacClassB.c.o)
                0x0000000000006464                LoRaMacClassBBeaconTimerEvent
 .text.LoRaMacClassBPingSlotTimerEvent
                0x0000000000006466        0x2 .pio/build/cubecell_board/lib839/libLoraWan102.a(LoRaMacClassB.c.o)
                0x0000000000006466                LoRaMacClassBPingSlotTimerEvent
 .text.LoRaMacClassBMulticastSlotTimerEvent
                0x0000000000006468        0x2 .pio/build/cubecell_board/lib839/libLoraWan102.a(LoRaMacClassB.c.o)
                0x0000000000006468                LoRaMacClassBMulticastSlotTimerEvent
 .text.LoRaMacClassBRxBeacon
                0x000000000000646a        0x4 .pio/build/cubecell_board/lib839/libLoraWan102.a(LoRaMacClassB.c.o)
                0x000000000000646a                LoRaMacClassBRxBeacon
 .text.LoRaMacClassBIsBeaconExpected
                0x000000000000646e        0x4 .pio/build/cubecell_board/lib839/libLoraWan102.a(LoRaMacClassB.c.o)
                0x000000000000646e                LoRaMacClassBIsBeaconExpected
 .text.LoRaMacClassBIsPingExpected
                0x0000000000006472        0x4 .pio/build/cubecell_board/lib839/libLoraWan102.a(LoRaMacClassB.c.o)
                0x0000000000006472                LoRaMacClassBIsPingExpected
 .text.LoRaMacClassBIsMulticastExpected
                0x0000000000006476        0x4 .pio/build/cubecell_board/lib839/libLoraWan102.a(LoRaMacClassB.c.o)
                0x0000000000006476                LoRaMacClassBIsMulticastExpected
 .text.LoRaMacClassBIsBeaconModeActive
                0x000000000000647a        0x4 .pio/build/cubecell_board/lib839/libLoraWan102.a(LoRaMacClassB.c.o)
                0x000000000000647a                LoRaMacClassBIsBeaconModeActive
 .text.LoRaMacClassBSetPingSlotInfo
                0x000000000000647e        0x2 .pio/build/cubecell_board/lib839/libLoraWan102.a(LoRaMacClassB.c.o)
                0x000000000000647e                LoRaMacClassBSetPingSlotInfo
 .text.LoRaMacClassBHaltBeaconing
                0x0000000000006480        0x2 .pio/build/cubecell_board/lib839/libLoraWan102.a(LoRaMacClassB.c.o)
                0x0000000000006480                LoRaMacClassBHaltBeaconing
 .text.LoRaMacClassBResumeBeaconing
                0x0000000000006482        0x2 .pio/build/cubecell_board/lib839/libLoraWan102.a(LoRaMacClassB.c.o)
                0x0000000000006482                LoRaMacClassBResumeBeaconing
 .text.LoRaMacClassBSwitchClass
                0x0000000000006484        0x4 .pio/build/cubecell_board/lib839/libLoraWan102.a(LoRaMacClassB.c.o)
                0x0000000000006484                LoRaMacClassBSwitchClass
 .text.LoRaMacClassBMibGetRequestConfirm
                0x0000000000006488        0x4 .pio/build/cubecell_board/lib839/libLoraWan102.a(LoRaMacClassB.c.o)
                0x0000000000006488                LoRaMacClassBMibGetRequestConfirm
 .text.LoRaMacMibClassBSetRequestConfirm
                0x000000000000648c        0x4 .pio/build/cubecell_board/lib839/libLoraWan102.a(LoRaMacClassB.c.o)
                0x000000000000648c                LoRaMacMibClassBSetRequestConfirm
 .text.LoRaMacClassBPingSlotInfoAns
                0x0000000000006490        0x2 .pio/build/cubecell_board/lib839/libLoraWan102.a(LoRaMacClassB.c.o)
                0x0000000000006490                LoRaMacClassBPingSlotInfoAns
 .text.LoRaMacClassBPingSlotChannelReq
                0x0000000000006492        0x4 .pio/build/cubecell_board/lib839/libLoraWan102.a(LoRaMacClassB.c.o)
                0x0000000000006492                LoRaMacClassBPingSlotChannelReq
 .text.LoRaMacClassBBeaconTimingAns
                0x0000000000006496        0x2 .pio/build/cubecell_board/lib839/libLoraWan102.a(LoRaMacClassB.c.o)
                0x0000000000006496                LoRaMacClassBBeaconTimingAns
 .text.LoRaMacClassBDeviceTimeAns
                0x0000000000006498       0x16 .pio/build/cubecell_board/lib839/libLoraWan102.a(LoRaMacClassB.c.o)
                0x0000000000006498                LoRaMacClassBDeviceTimeAns
 .text.LoRaMacClassBBeaconFreqReq
                0x00000000000064ae        0x4 .pio/build/cubecell_board/lib839/libLoraWan102.a(LoRaMacClassB.c.o)
                0x00000000000064ae                LoRaMacClassBBeaconFreqReq
 .text.LoRaMacClassBIsUplinkCollision
                0x00000000000064b2        0x6 .pio/build/cubecell_board/lib839/libLoraWan102.a(LoRaMacClassB.c.o)
                0x00000000000064b2                LoRaMacClassBIsUplinkCollision
 .text.LoRaMacClassBStopRxSlots
                0x00000000000064b8        0x2 .pio/build/cubecell_board/lib839/libLoraWan102.a(LoRaMacClassB.c.o)
                0x00000000000064b8                LoRaMacClassBStopRxSlots
 .text.LoRaMacClassBSetMulticastPeriodicity
                0x00000000000064ba        0x2 .pio/build/cubecell_board/lib839/libLoraWan102.a(LoRaMacClassB.c.o)
                0x00000000000064ba                LoRaMacClassBSetMulticastPeriodicity
 .text.LoRaMacConfirmQueueInit
                0x00000000000064bc       0x40 .pio/build/cubecell_board/lib839/libLoraWan102.a(LoRaMacConfirmQueue.c.o)
                0x00000000000064bc                LoRaMacConfirmQueueInit
 .text.LoRaMacConfirmQueueAdd
                0x00000000000064fc       0x44 .pio/build/cubecell_board/lib839/libLoraWan102.a(LoRaMacConfirmQueue.c.o)
                0x00000000000064fc                LoRaMacConfirmQueueAdd
 .text.LoRaMacConfirmQueueRemoveLast
                0x0000000000006540       0x30 .pio/build/cubecell_board/lib839/libLoraWan102.a(LoRaMacConfirmQueue.c.o)
                0x0000000000006540                LoRaMacConfirmQueueRemoveLast
 .text.LoRaMacConfirmQueueRemoveFirst
                0x0000000000006570       0x30 .pio/build/cubecell_board/lib839/libLoraWan102.a(LoRaMacConfirmQueue.c.o)
                0x0000000000006570                LoRaMacConfirmQueueRemoveFirst
 .text.LoRaMacConfirmQueueSetStatus
                0x00000000000065a0       0x48 .pio/build/cubecell_board/lib839/libLoraWan102.a(LoRaMacConfirmQueue.c.o)
                0x00000000000065a0                LoRaMacConfirmQueueSetStatus
 .text.LoRaMacConfirmQueueGetStatus
                0x00000000000065e8       0x48 .pio/build/cubecell_board/lib839/libLoraWan102.a(LoRaMacConfirmQueue.c.o)
                0x00000000000065e8                LoRaMacConfirmQueueGetStatus
 .text.LoRaMacConfirmQueueSetStatusCmn
                0x0000000000006630       0x4c .pio/build/cubecell_board/lib839/libLoraWan102.a(LoRaMacConfirmQueue.c.o)
                0x0000000000006630                LoRaMacConfirmQueueSetStatusCmn
 .text.LoRaMacConfirmQueueGetStatusCmn
                0x000000000000667c        0xc .pio/build/cubecell_board/lib839/libLoraWan102.a(LoRaMacConfirmQueue.c.o)
                0x000000000000667c                LoRaMacConfirmQueueGetStatusCmn
 .text.LoRaMacConfirmQueueIsCmdActive
                0x0000000000006688       0x38 .pio/build/cubecell_board/lib839/libLoraWan102.a(LoRaMacConfirmQueue.c.o)
                0x0000000000006688                LoRaMacConfirmQueueIsCmdActive
 .text.LoRaMacConfirmQueueHandleCb
                0x00000000000066c0       0x58 .pio/build/cubecell_board/lib839/libLoraWan102.a(LoRaMacConfirmQueue.c.o)
                0x00000000000066c0                LoRaMacConfirmQueueHandleCb
 .text.LoRaMacConfirmQueueGetCnt
                0x0000000000006718        0xc .pio/build/cubecell_board/lib839/libLoraWan102.a(LoRaMacConfirmQueue.c.o)
                0x0000000000006718                LoRaMacConfirmQueueGetCnt
 .text.LoRaMacConfirmQueueIsFull
                0x0000000000006724       0x14 .pio/build/cubecell_board/lib839/libLoraWan102.a(LoRaMacConfirmQueue.c.o)
                0x0000000000006724                LoRaMacConfirmQueueIsFull
 .text.LoRaMacComputeMic
                0x0000000000006738       0x84 .pio/build/cubecell_board/lib839/libLoraWan102.a(LoRaMacCrypto.c.o)
                0x0000000000006738                LoRaMacComputeMic
 .text.LoRaMacPayloadEncrypt
                0x00000000000067bc       0xd8 .pio/build/cubecell_board/lib839/libLoraWan102.a(LoRaMacCrypto.c.o)
                0x00000000000067bc                LoRaMacPayloadEncrypt
 .text.LoRaMacPayloadDecrypt
                0x0000000000006894       0x1a .pio/build/cubecell_board/lib839/libLoraWan102.a(LoRaMacCrypto.c.o)
                0x0000000000006894                LoRaMacPayloadDecrypt
 *fill*         0x00000000000068ae        0x2 
 .text.LoRaMacJoinComputeMic
                0x00000000000068b0       0x50 .pio/build/cubecell_board/lib839/libLoraWan102.a(LoRaMacCrypto.c.o)
                0x00000000000068b0                LoRaMacJoinComputeMic
 .text.LoRaMacJoinDecrypt
                0x0000000000006900       0x44 .pio/build/cubecell_board/lib839/libLoraWan102.a(LoRaMacCrypto.c.o)
                0x0000000000006900                LoRaMacJoinDecrypt
 .text.LoRaMacJoinComputeSKeys
                0x0000000000006944       0x9c .pio/build/cubecell_board/lib839/libLoraWan102.a(LoRaMacCrypto.c.o)
                0x0000000000006944                LoRaMacJoinComputeSKeys
 .text.RegionIsActive
                0x00000000000069e0        0xa .pio/build/cubecell_board/lib839/libLoraWan102.a(Region.c.o)
                0x00000000000069e0                RegionIsActive
 .text.RegionGetPhyParam
                0x00000000000069ea       0x18 .pio/build/cubecell_board/lib839/libLoraWan102.a(Region.c.o)
                0x00000000000069ea                RegionGetPhyParam
 .text.RegionSetBandTxDone
                0x0000000000006a02        0xe .pio/build/cubecell_board/lib839/libLoraWan102.a(Region.c.o)
                0x0000000000006a02                RegionSetBandTxDone
 .text.RegionInitDefaults
                0x0000000000006a10        0xe .pio/build/cubecell_board/lib839/libLoraWan102.a(Region.c.o)
                0x0000000000006a10                RegionInitDefaults
 .text.RegionVerify
                0x0000000000006a1e       0x18 .pio/build/cubecell_board/lib839/libLoraWan102.a(Region.c.o)
                0x0000000000006a1e                RegionVerify
 .text.RegionApplyCFList
                0x0000000000006a36        0xe .pio/build/cubecell_board/lib839/libLoraWan102.a(Region.c.o)
                0x0000000000006a36                RegionApplyCFList
 .text.RegionChanMaskSet
                0x0000000000006a44       0x14 .pio/build/cubecell_board/lib839/libLoraWan102.a(Region.c.o)
                0x0000000000006a44                RegionChanMaskSet
 .text.RegionAdrNext
                0x0000000000006a58       0x1c .pio/build/cubecell_board/lib839/libLoraWan102.a(Region.c.o)
                0x0000000000006a58                RegionAdrNext
 .text.RegionComputeRxWindowParameters
                0x0000000000006a74       0x16 .pio/build/cubecell_board/lib839/libLoraWan102.a(Region.c.o)
                0x0000000000006a74                RegionComputeRxWindowParameters
 .text.RegionRxConfig
                0x0000000000006a8a       0x18 .pio/build/cubecell_board/lib839/libLoraWan102.a(Region.c.o)
                0x0000000000006a8a                RegionRxConfig
 .text.RegionTxConfig
                0x0000000000006aa2       0x1a .pio/build/cubecell_board/lib839/libLoraWan102.a(Region.c.o)
                0x0000000000006aa2                RegionTxConfig
 .text.RegionLinkAdrReq
                0x0000000000006abc       0x20 .pio/build/cubecell_board/lib839/libLoraWan102.a(Region.c.o)
                0x0000000000006abc                RegionLinkAdrReq
 .text.RegionRxParamSetupReq
                0x0000000000006adc       0x14 .pio/build/cubecell_board/lib839/libLoraWan102.a(Region.c.o)
                0x0000000000006adc                RegionRxParamSetupReq
 .text.RegionNewChannelReq
                0x0000000000006af0       0x14 .pio/build/cubecell_board/lib839/libLoraWan102.a(Region.c.o)
                0x0000000000006af0                RegionNewChannelReq
 .text.RegionTxParamSetupReq
                0x0000000000006b04       0x14 .pio/build/cubecell_board/lib839/libLoraWan102.a(Region.c.o)
                0x0000000000006b04                RegionTxParamSetupReq
 .text.RegionDlChannelReq
                0x0000000000006b18       0x14 .pio/build/cubecell_board/lib839/libLoraWan102.a(Region.c.o)
                0x0000000000006b18                RegionDlChannelReq
 .text.RegionAlternateDr
                0x0000000000006b2c       0x14 .pio/build/cubecell_board/lib839/libLoraWan102.a(Region.c.o)
                0x0000000000006b2c                RegionAlternateDr
 .text.RegionCalcBackOff
                0x0000000000006b40        0xe .pio/build/cubecell_board/lib839/libLoraWan102.a(Region.c.o)
                0x0000000000006b40                RegionCalcBackOff
 .text.RegionNextChannel
                0x0000000000006b4e       0x1c .pio/build/cubecell_board/lib839/libLoraWan102.a(Region.c.o)
                0x0000000000006b4e                RegionNextChannel
 .text.RegionSetContinuousWave
                0x0000000000006b6a        0xe .pio/build/cubecell_board/lib839/libLoraWan102.a(Region.c.o)
                0x0000000000006b6a                RegionSetContinuousWave
 .text.RegionApplyDrOffset
                0x0000000000006b78       0x1a .pio/build/cubecell_board/lib839/libLoraWan102.a(Region.c.o)
                0x0000000000006b78                RegionApplyDrOffset
 *fill*         0x0000000000006b92        0x2 
 .text.RegionUS915GetPhyParam
                0x0000000000006b94      0x10c .pio/build/cubecell_board/lib839/libLoraWan102.a(RegionUS915.c.o)
                0x0000000000006b94                RegionUS915GetPhyParam
 .text.RegionUS915SetBandTxDone
                0x0000000000006ca0       0x28 .pio/build/cubecell_board/lib839/libLoraWan102.a(RegionUS915.c.o)
                0x0000000000006ca0                RegionUS915SetBandTxDone
 .text.RegionUS915InitDefaults
                0x0000000000006cc8       0xb8 .pio/build/cubecell_board/lib839/libLoraWan102.a(RegionUS915.c.o)
                0x0000000000006cc8                RegionUS915InitDefaults
 .text.RegionUS915Verify
                0x0000000000006d80       0x52 .pio/build/cubecell_board/lib839/libLoraWan102.a(RegionUS915.c.o)
                0x0000000000006d80                RegionUS915Verify
 .text.RegionUS915ApplyCFList
                0x0000000000006dd2        0x2 .pio/build/cubecell_board/lib839/libLoraWan102.a(RegionUS915.c.o)
                0x0000000000006dd2                RegionUS915ApplyCFList
 .text.RegionUS915ChanMaskSet
                0x0000000000006dd4       0x5c .pio/build/cubecell_board/lib839/libLoraWan102.a(RegionUS915.c.o)
                0x0000000000006dd4                RegionUS915ChanMaskSet
 .text.RegionUS915AdrNext
                0x0000000000006e30       0x80 .pio/build/cubecell_board/lib839/libLoraWan102.a(RegionUS915.c.o)
                0x0000000000006e30                RegionUS915AdrNext
 .text.RegionUS915ComputeRxWindowParameters
                0x0000000000006eb0       0x78 .pio/build/cubecell_board/lib839/libLoraWan102.a(RegionUS915.c.o)
                0x0000000000006eb0                RegionUS915ComputeRxWindowParameters
 .text.RegionUS915RxConfig
                0x0000000000006f28       0xac .pio/build/cubecell_board/lib839/libLoraWan102.a(RegionUS915.c.o)
                0x0000000000006f28                RegionUS915RxConfig
 .text.RegionUS915TxConfig
                0x0000000000006fd4      0x11c .pio/build/cubecell_board/lib839/libLoraWan102.a(RegionUS915.c.o)
                0x0000000000006fd4                RegionUS915TxConfig
 .text.RegionUS915LinkAdrReq
                0x00000000000070f0      0x150 .pio/build/cubecell_board/lib839/libLoraWan102.a(RegionUS915.c.o)
                0x00000000000070f0                RegionUS915LinkAdrReq
 .text.RegionUS915RxParamSetupReq
                0x0000000000007240       0x84 .pio/build/cubecell_board/lib839/libLoraWan102.a(RegionUS915.c.o)
                0x0000000000007240                RegionUS915RxParamSetupReq
 .text.RegionUS915NewChannelReq
                0x00000000000072c4        0x4 .pio/build/cubecell_board/lib839/libLoraWan102.a(RegionUS915.c.o)
                0x00000000000072c4                RegionUS915NewChannelReq
 .text.RegionUS915TxParamSetupReq
                0x00000000000072c8        0x6 .pio/build/cubecell_board/lib839/libLoraWan102.a(RegionUS915.c.o)
                0x00000000000072c8                RegionUS915TxParamSetupReq
 .text.RegionUS915DlChannelReq
                0x00000000000072ce        0x4 .pio/build/cubecell_board/lib839/libLoraWan102.a(RegionUS915.c.o)
                0x00000000000072ce                RegionUS915DlChannelReq
 .text.RegionUS915AlternateDr
                0x00000000000072d2        0xa .pio/build/cubecell_board/lib839/libLoraWan102.a(RegionUS915.c.o)
                0x00000000000072d2                RegionUS915AlternateDr
 .text.RegionUS915CalcBackOff
                0x00000000000072dc       0x64 .pio/build/cubecell_board/lib839/libLoraWan102.a(RegionUS915.c.o)
                0x00000000000072dc                RegionUS915CalcBackOff
 .text.RegionUS915NextChannel
                0x0000000000007340      0x168 .pio/build/cubecell_board/lib839/libLoraWan102.a(RegionUS915.c.o)
                0x0000000000007340                RegionUS915NextChannel
 .text.RegionUS915SetContinuousWave
                0x00000000000074a8       0x88 .pio/build/cubecell_board/lib839/libLoraWan102.a(RegionUS915.c.o)
                0x00000000000074a8                RegionUS915SetContinuousWave
 .text.RegionUS915ApplyDrOffset
                0x0000000000007530       0x18 .pio/build/cubecell_board/lib839/libLoraWan102.a(RegionUS915.c.o)
                0x0000000000007530                RegionUS915ApplyDrOffset
 .text.RadioCheckRfFrequency
                0x0000000000007548        0x4 .pio/build/cubecell_board/lib839/libLoraWan102.a(radio.c.o)
                0x0000000000007548                RadioCheckRfFrequency
 .text.RadioStandby
                0x000000000000754c        0xa .pio/build/cubecell_board/lib839/libLoraWan102.a(radio.c.o)
                0x000000000000754c                RadioStandby
 *fill*         0x0000000000007556        0x2 
 .text.RadioInit
                0x0000000000007558       0x78 .pio/build/cubecell_board/lib839/libLoraWan102.a(radio.c.o)
                0x0000000000007558                RadioInit
 .text.RadioGetStatus
                0x00000000000075d0       0x1a .pio/build/cubecell_board/lib839/libLoraWan102.a(radio.c.o)
                0x00000000000075d0                RadioGetStatus
 .text.RadioSetChannel
                0x00000000000075ea        0x8 .pio/build/cubecell_board/lib839/libLoraWan102.a(radio.c.o)
                0x00000000000075ea                RadioSetChannel
 .text.RadioRssi
                0x00000000000075f2        0xa .pio/build/cubecell_board/lib839/libLoraWan102.a(radio.c.o)
                0x00000000000075f2                RadioRssi
 .text.RadioSyncWord
                0x00000000000075fc       0x10 .pio/build/cubecell_board/lib839/libLoraWan102.a(radio.c.o)
                0x00000000000075fc                RadioSyncWord
 .text.RadioSend
                0x000000000000760c       0x5c .pio/build/cubecell_board/lib839/libLoraWan102.a(radio.c.o)
                0x000000000000760c                RadioSend
 .text.RadioSleep
                0x0000000000007668       0x10 .pio/build/cubecell_board/lib839/libLoraWan102.a(radio.c.o)
                0x0000000000007668                RadioSleep
 .text.RadioSetRxDutyCycle
                0x0000000000007678        0x8 .pio/build/cubecell_board/lib839/libLoraWan102.a(radio.c.o)
                0x0000000000007678                RadioSetRxDutyCycle
 .text.RadioStartCad
                0x0000000000007680       0x64 .pio/build/cubecell_board/lib839/libLoraWan102.a(radio.c.o)
                0x0000000000007680                RadioStartCad
 .text.RadioSetTxContinuousWave
                0x00000000000076e4       0x40 .pio/build/cubecell_board/lib839/libLoraWan102.a(radio.c.o)
                0x00000000000076e4                RadioSetTxContinuousWave
 .text.RadioWrite
                0x0000000000007724        0x8 .pio/build/cubecell_board/lib839/libLoraWan102.a(radio.c.o)
                0x0000000000007724                RadioWrite
 .text.RadioRead
                0x000000000000772c        0x8 .pio/build/cubecell_board/lib839/libLoraWan102.a(radio.c.o)
                0x000000000000772c                RadioRead
 .text.RadioWriteBuffer
                0x0000000000007734        0x8 .pio/build/cubecell_board/lib839/libLoraWan102.a(radio.c.o)
                0x0000000000007734                RadioWriteBuffer
 .text.RadioReadBuffer
                0x000000000000773c        0x8 .pio/build/cubecell_board/lib839/libLoraWan102.a(radio.c.o)
                0x000000000000773c                RadioReadBuffer
 .text.RadioGetWakeupTime
                0x0000000000007744        0xa .pio/build/cubecell_board/lib839/libLoraWan102.a(radio.c.o)
                0x0000000000007744                RadioGetWakeupTime
 *fill*         0x000000000000774e        0x2 
 .text.RadioOnTxTimeoutIrq
                0x0000000000007750       0x20 .pio/build/cubecell_board/lib839/libLoraWan102.a(radio.c.o)
                0x0000000000007750                RadioOnTxTimeoutIrq
 .text.RadioOnRxTimeoutIrq
                0x0000000000007770       0x20 .pio/build/cubecell_board/lib839/libLoraWan102.a(radio.c.o)
                0x0000000000007770                RadioOnRxTimeoutIrq
 .text.RadioOnCadTimeoutIrq
                0x0000000000007790       0x20 .pio/build/cubecell_board/lib839/libLoraWan102.a(radio.c.o)
                0x0000000000007790                RadioOnCadTimeoutIrq
 .text.RadioGetFskBandwidthRegValue
                0x00000000000077b0       0x34 .pio/build/cubecell_board/lib839/libLoraWan102.a(radio.c.o)
 .text.RadioSetMaxPayloadLength
                0x00000000000077e4       0x38 .pio/build/cubecell_board/lib839/libLoraWan102.a(radio.c.o)
                0x00000000000077e4                RadioSetMaxPayloadLength
 .text.RadioRx  0x000000000000781c       0x58 .pio/build/cubecell_board/lib839/libLoraWan102.a(radio.c.o)
                0x000000000000781c                RadioRx
 .text.RadioRxBoosted
                0x0000000000007874       0x4c .pio/build/cubecell_board/lib839/libLoraWan102.a(radio.c.o)
                0x0000000000007874                RadioRxBoosted
 .text.RadioIrqProcess
                0x00000000000078c0      0x150 .pio/build/cubecell_board/lib839/libLoraWan102.a(radio.c.o)
                0x00000000000078c0                RadioIrqProcess
 .text.RadioOnDioIrq
                0x0000000000007a10       0x14 .pio/build/cubecell_board/lib839/libLoraWan102.a(radio.c.o)
                0x0000000000007a10                RadioOnDioIrq
 .text.RadioSetPublicNetwork
                0x0000000000007a24       0x3c .pio/build/cubecell_board/lib839/libLoraWan102.a(radio.c.o)
                0x0000000000007a24                RadioSetPublicNetwork
 .text.RadioSetModem.part.0
                0x0000000000007a60       0x20 .pio/build/cubecell_board/lib839/libLoraWan102.a(radio.c.o)
 .text.RadioSetModem
                0x0000000000007a80       0x20 .pio/build/cubecell_board/lib839/libLoraWan102.a(radio.c.o)
                0x0000000000007a80                RadioSetModem
 .text.RadioIsChannelFree
                0x0000000000007aa0       0x50 .pio/build/cubecell_board/lib839/libLoraWan102.a(radio.c.o)
                0x0000000000007aa0                RadioIsChannelFree
 .text.RadioRandom
                0x0000000000007af0       0x38 .pio/build/cubecell_board/lib839/libLoraWan102.a(radio.c.o)
                0x0000000000007af0                RadioRandom
 .text.RadioSymbTime
                0x0000000000007b28       0x2c .pio/build/cubecell_board/lib839/libLoraWan102.a(radio.c.o)
                0x0000000000007b28                RadioSymbTime
 .text.RadioSetRxConfig
                0x0000000000007b54      0x21c .pio/build/cubecell_board/lib839/libLoraWan102.a(radio.c.o)
                0x0000000000007b54                RadioSetRxConfig
 .text.RadioSetTxConfig
                0x0000000000007d70      0x1a0 .pio/build/cubecell_board/lib839/libLoraWan102.a(radio.c.o)
                0x0000000000007d70                RadioSetTxConfig
 .text.RadioTimeOnAir
                0x0000000000007f10      0x198 .pio/build/cubecell_board/lib839/libLoraWan102.a(radio.c.o)
                0x0000000000007f10                RadioTimeOnAir
 .text.RegionCommonGetJoinDc
                0x00000000000080a8       0x24 .pio/build/cubecell_board/lib839/libLoraWan102.a(RegionCommon.c.o)
                0x00000000000080a8                RegionCommonGetJoinDc
 .text.RegionCommonChanVerifyDr
                0x00000000000080cc       0x7e .pio/build/cubecell_board/lib839/libLoraWan102.a(RegionCommon.c.o)
                0x00000000000080cc                RegionCommonChanVerifyDr
 .text.RegionCommonValueInRange
                0x000000000000814a       0x14 .pio/build/cubecell_board/lib839/libLoraWan102.a(RegionCommon.c.o)
                0x000000000000814a                RegionCommonValueInRange
 .text.RegionCommonChanDisable
                0x000000000000815e       0x28 .pio/build/cubecell_board/lib839/libLoraWan102.a(RegionCommon.c.o)
                0x000000000000815e                RegionCommonChanDisable
 .text.RegionCommonCountChannels
                0x0000000000008186       0x60 .pio/build/cubecell_board/lib839/libLoraWan102.a(RegionCommon.c.o)
                0x0000000000008186                RegionCommonCountChannels
 .text.RegionCommonChanMaskCopy
                0x00000000000081e6       0x1c .pio/build/cubecell_board/lib839/libLoraWan102.a(RegionCommon.c.o)
                0x00000000000081e6                RegionCommonChanMaskCopy
 .text.RegionCommonSetBandTxDone
                0x0000000000008202       0x10 .pio/build/cubecell_board/lib839/libLoraWan102.a(RegionCommon.c.o)
                0x0000000000008202                RegionCommonSetBandTxDone
 .text.RegionCommonUpdateBandTimeOff
                0x0000000000008212      0x114 .pio/build/cubecell_board/lib839/libLoraWan102.a(RegionCommon.c.o)
                0x0000000000008212                RegionCommonUpdateBandTimeOff
 .text.RegionCommonParseLinkAdrReq
                0x0000000000008326       0x36 .pio/build/cubecell_board/lib839/libLoraWan102.a(RegionCommon.c.o)
                0x0000000000008326                RegionCommonParseLinkAdrReq
 .text.RegionCommonComputeSymbolTimeLoRa
                0x000000000000835c       0x34 .pio/build/cubecell_board/lib839/libLoraWan102.a(RegionCommon.c.o)
                0x000000000000835c                RegionCommonComputeSymbolTimeLoRa
 .text.RegionCommonComputeSymbolTimeFsk
                0x0000000000008390       0x18 .pio/build/cubecell_board/lib839/libLoraWan102.a(RegionCommon.c.o)
                0x0000000000008390                RegionCommonComputeSymbolTimeFsk
 .text.RegionCommonComputeRxWindowParameters
                0x00000000000083a8       0xb4 .pio/build/cubecell_board/lib839/libLoraWan102.a(RegionCommon.c.o)
                0x00000000000083a8                RegionCommonComputeRxWindowParameters
 .text.RegionCommonComputeTxPower
                0x000000000000845c       0x2a .pio/build/cubecell_board/lib839/libLoraWan102.a(RegionCommon.c.o)
                0x000000000000845c                RegionCommonComputeTxPower
 *fill*         0x0000000000008486        0x2 
 .text._ZL11McpsConfirmP12sMcpsConfirm
                0x0000000000008488        0xc .pio/build/cubecell_board/libaa9/libLoRa.a(LoRaWan_APP.cpp.o)
 .text._ZL24OnTxNextPacketTimerEventv
                0x0000000000008494       0x6c .pio/build/cubecell_board/libaa9/libLoRa.a(LoRaWan_APP.cpp.o)
 .text._ZL14MlmeIndicationP15sMlmeIndication
                0x0000000000008500        0xe .pio/build/cubecell_board/libaa9/libLoRa.a(LoRaWan_APP.cpp.o)
 .text.downLinkAckHandle
                0x000000000000850e        0x2 .pio/build/cubecell_board/libaa9/libLoRa.a(LoRaWan_APP.cpp.o)
                0x000000000000850e                downLinkAckHandle
 .text.downLinkDataHandle
                0x0000000000008510       0x58 .pio/build/cubecell_board/libaa9/libLoRa.a(LoRaWan_APP.cpp.o)
                0x0000000000008510                downLinkDataHandle
 .text._ZL14McpsIndicationP15sMcpsIndication
                0x0000000000008568       0x88 .pio/build/cubecell_board/libaa9/libLoRa.a(LoRaWan_APP.cpp.o)
 .text.dev_time_updated
                0x00000000000085f0       0x10 .pio/build/cubecell_board/libaa9/libLoRa.a(LoRaWan_APP.cpp.o)
                0x00000000000085f0                dev_time_updated
 .text._ZL11MlmeConfirmP12sMlmeConfirm
                0x0000000000008600       0x78 .pio/build/cubecell_board/libaa9/libLoRa.a(LoRaWan_APP.cpp.o)
 .text.lwan_dev_params_update
                0x0000000000008678       0x28 .pio/build/cubecell_board/libaa9/libLoRa.a(LoRaWan_APP.cpp.o)
                0x0000000000008678                lwan_dev_params_update
 .text.SendFrame
                0x00000000000086a0       0xa0 .pio/build/cubecell_board/libaa9/libLoRa.a(LoRaWan_APP.cpp.o)
                0x00000000000086a0                SendFrame
 .text._ZN12LoRaWanClass4initE12eDeviceClass16eLoRaMacRegion_t
                0x0000000000008740      0x150 .pio/build/cubecell_board/libaa9/libLoRa.a(LoRaWan_APP.cpp.o)
                0x0000000000008740                LoRaWanClass::init(eDeviceClass, eLoRaMacRegion_t)
 .text._ZN12LoRaWanClass4joinEv
                0x0000000000008890       0xb0 .pio/build/cubecell_board/libaa9/libLoRa.a(LoRaWan_APP.cpp.o)
                0x0000000000008890                LoRaWanClass::join()
 .text._ZN12LoRaWanClass4sendEv
                0x0000000000008940       0x3c .pio/build/cubecell_board/libaa9/libLoRa.a(LoRaWan_APP.cpp.o)
                0x0000000000008940                LoRaWanClass::send()
 .text._ZN12LoRaWanClass5cycleEm
                0x000000000000897c       0x18 .pio/build/cubecell_board/libaa9/libLoRa.a(LoRaWan_APP.cpp.o)
                0x000000000000897c                LoRaWanClass::cycle(unsigned long)
 .text._ZN12LoRaWanClass5sleepEv
                0x0000000000008994        0x8 .pio/build/cubecell_board/libaa9/libLoRa.a(LoRaWan_APP.cpp.o)
                0x0000000000008994                LoRaWanClass::sleep()
 .text._ZN12LoRaWanClass10ifskipjoinEv
                0x000000000000899c       0xfc .pio/build/cubecell_board/libaa9/libLoRa.a(LoRaWan_APP.cpp.o)
                0x000000000000899c                LoRaWanClass::ifskipjoin()
 .text._ZN7TwoWire5writeEi
                0x0000000000008a98        0xc .pio/build/cubecell_board/lib3c7/libRadSens.a(radSens1v2.cpp.o)
                0x0000000000008a98                TwoWire::write(int)
 .text._ZN23ClimateGuard_RadSens1v2C2Eh
                0x0000000000008aa4       0x22 .pio/build/cubecell_board/lib3c7/libRadSens.a(radSens1v2.cpp.o)
                0x0000000000008aa4                ClimateGuard_RadSens1v2::ClimateGuard_RadSens1v2(unsigned char)
                0x0000000000008aa4                ClimateGuard_RadSens1v2::ClimateGuard_RadSens1v2(unsigned char)
 .text._ZN23ClimateGuard_RadSens1v2D2Ev
                0x0000000000008ac6        0x2 .pio/build/cubecell_board/lib3c7/libRadSens.a(radSens1v2.cpp.o)
                0x0000000000008ac6                ClimateGuard_RadSens1v2::~ClimateGuard_RadSens1v2()
                0x0000000000008ac6                ClimateGuard_RadSens1v2::~ClimateGuard_RadSens1v2()
 .text._ZN23ClimateGuard_RadSens1v29getChipIdEv
                0x0000000000008ac8        0x8 .pio/build/cubecell_board/lib3c7/libRadSens.a(radSens1v2.cpp.o)
                0x0000000000008ac8                ClimateGuard_RadSens1v2::getChipId()
 .text._ZN23ClimateGuard_RadSens1v218getFirmwareVersionEv
                0x0000000000008ad0        0x8 .pio/build/cubecell_board/lib3c7/libRadSens.a(radSens1v2.cpp.o)
                0x0000000000008ad0                ClimateGuard_RadSens1v2::getFirmwareVersion()
 .text._ZN23ClimateGuard_RadSens1v219setHVGeneratorStateEb
                0x0000000000008ad8       0x38 .pio/build/cubecell_board/lib3c7/libRadSens.a(radSens1v2.cpp.o)
                0x0000000000008ad8                ClimateGuard_RadSens1v2::setHVGeneratorState(bool)
 .text._ZN23ClimateGuard_RadSens1v214setSensitivityEh
                0x0000000000008b10       0x34 .pio/build/cubecell_board/lib3c7/libRadSens.a(radSens1v2.cpp.o)
                0x0000000000008b10                ClimateGuard_RadSens1v2::setSensitivity(unsigned char)
 .text._ZN23ClimateGuard_RadSens1v210updateDataEv
                0x0000000000008b44       0x40 .pio/build/cubecell_board/lib3c7/libRadSens.a(radSens1v2.cpp.o)
                0x0000000000008b44                ClimateGuard_RadSens1v2::updateData()
 .text._ZN23ClimateGuard_RadSens1v212radSens_initEv
                0x0000000000008b84       0x48 .pio/build/cubecell_board/lib3c7/libRadSens.a(radSens1v2.cpp.o)
                0x0000000000008b84                ClimateGuard_RadSens1v2::radSens_init()
 .text._ZN23ClimateGuard_RadSens1v220getRadIntensyDyanmicEv
                0x0000000000008bcc       0x34 .pio/build/cubecell_board/lib3c7/libRadSens.a(radSens1v2.cpp.o)
                0x0000000000008bcc                ClimateGuard_RadSens1v2::getRadIntensyDyanmic()
 .text._ZN23ClimateGuard_RadSens1v219getRadIntensyStaticEv
                0x0000000000008c00       0x34 .pio/build/cubecell_board/lib3c7/libRadSens.a(radSens1v2.cpp.o)
                0x0000000000008c00                ClimateGuard_RadSens1v2::getRadIntensyStatic()
 .text._ZN23ClimateGuard_RadSens1v217getNumberOfPulsesEv
                0x0000000000008c34       0x14 .pio/build/cubecell_board/lib3c7/libRadSens.a(radSens1v2.cpp.o)
                0x0000000000008c34                ClimateGuard_RadSens1v2::getNumberOfPulses()
 .text._ZN6Stream9readBytesEPhj
                0x0000000000008c48        0xa .pio/build/cubecell_board/libFrameworkArduino.a(HardwareSerial.cpp.o)
                0x0000000000008c48                Stream::readBytes(unsigned char*, unsigned int)
 .text._ZN14HardwareSerial4peekEv
                0x0000000000008c52        0x4 .pio/build/cubecell_board/libFrameworkArduino.a(HardwareSerial.cpp.o)
                0x0000000000008c52                HardwareSerial::peek()
 .text._ZN14HardwareSerialD2Ev
                0x0000000000008c56        0x2 .pio/build/cubecell_board/libFrameworkArduino.a(HardwareSerial.cpp.o)
                0x0000000000008c56                HardwareSerial::~HardwareSerial()
                0x0000000000008c56                HardwareSerial::~HardwareSerial()
 .text._ZN14HardwareSerial9availableEv
                0x0000000000008c58       0x18 .pio/build/cubecell_board/libFrameworkArduino.a(HardwareSerial.cpp.o)
                0x0000000000008c58                HardwareSerial::available()
 .text._ZN14HardwareSerial4readEv
                0x0000000000008c70       0x28 .pio/build/cubecell_board/libFrameworkArduino.a(HardwareSerial.cpp.o)
                0x0000000000008c70                HardwareSerial::read()
 .text._ZN14HardwareSerial5writeEh
                0x0000000000008c98       0x1c .pio/build/cubecell_board/libFrameworkArduino.a(HardwareSerial.cpp.o)
                0x0000000000008c98                HardwareSerial::write(unsigned char)
 .text._ZN14HardwareSerial5writeEPKhj
                0x0000000000008cb4       0x2a .pio/build/cubecell_board/libFrameworkArduino.a(HardwareSerial.cpp.o)
                0x0000000000008cb4                HardwareSerial::write(unsigned char const*, unsigned int)
 .text._ZN14HardwareSerialD0Ev
                0x0000000000008cde        0xe .pio/build/cubecell_board/libFrameworkArduino.a(HardwareSerial.cpp.o)
                0x0000000000008cde                HardwareSerial::~HardwareSerial()
 .text._ZN14HardwareSerial5flushEv
                0x0000000000008cec       0x2e .pio/build/cubecell_board/libFrameworkArduino.a(HardwareSerial.cpp.o)
                0x0000000000008cec                HardwareSerial::flush()
 *fill*         0x0000000000008d1a        0x2 
 .text._ZN14HardwareSerialC2Ea
                0x0000000000008d1c       0x20 .pio/build/cubecell_board/libFrameworkArduino.a(HardwareSerial.cpp.o)
                0x0000000000008d1c                HardwareSerial::HardwareSerial(signed char)
                0x0000000000008d1c                HardwareSerial::HardwareSerial(signed char)
 .text._ZN14HardwareSerial5beginEmmiibm
                0x0000000000008d3c      0x108 .pio/build/cubecell_board/libFrameworkArduino.a(HardwareSerial.cpp.o)
                0x0000000000008d3c                HardwareSerial::begin(unsigned long, unsigned long, int, int, bool, unsigned long)
 .text.startup._GLOBAL__sub_I_Serial
                0x0000000000008e44       0x40 .pio/build/cubecell_board/libFrameworkArduino.a(HardwareSerial.cpp.o)
 .text._ZN7TwoWireD2Ev
                0x0000000000008e84        0x2 .pio/build/cubecell_board/libFrameworkArduino.a(Wire.cpp.o)
                0x0000000000008e84                TwoWire::~TwoWire()
                0x0000000000008e84                TwoWire::~TwoWire()
 .text._ZN7TwoWire5writeEPKhj
                0x0000000000008e86       0x24 .pio/build/cubecell_board/libFrameworkArduino.a(Wire.cpp.o)
                0x0000000000008e86                TwoWire::write(unsigned char const*, unsigned int)
 .text._ZN7TwoWire9availableEv
                0x0000000000008eaa        0xe .pio/build/cubecell_board/libFrameworkArduino.a(Wire.cpp.o)
                0x0000000000008eaa                TwoWire::available()
 .text._ZN7TwoWire4readEv
                0x0000000000008eb8       0x20 .pio/build/cubecell_board/libFrameworkArduino.a(Wire.cpp.o)
                0x0000000000008eb8                TwoWire::read()
 .text._ZN7TwoWire4peekEv
                0x0000000000008ed8       0x1c .pio/build/cubecell_board/libFrameworkArduino.a(Wire.cpp.o)
                0x0000000000008ed8                TwoWire::peek()
 .text._ZN7TwoWireD0Ev
                0x0000000000008ef4       0x10 .pio/build/cubecell_board/libFrameworkArduino.a(Wire.cpp.o)
                0x0000000000008ef4                TwoWire::~TwoWire()
 .text._ZN7TwoWire5writeEh
                0x0000000000008f04       0x40 .pio/build/cubecell_board/libFrameworkArduino.a(Wire.cpp.o)
                0x0000000000008f04                TwoWire::write(unsigned char)
 .text._ZN7TwoWire5flushEv
                0x0000000000008f44       0x78 .pio/build/cubecell_board/libFrameworkArduino.a(Wire.cpp.o)
                0x0000000000008f44                TwoWire::flush()
 .text._ZN7TwoWireC2Ea
                0x0000000000008fbc       0x40 .pio/build/cubecell_board/libFrameworkArduino.a(Wire.cpp.o)
                0x0000000000008fbc                TwoWire::TwoWire(signed char)
                0x0000000000008fbc                TwoWire::TwoWire(signed char)
 .text._ZN7TwoWire5beginEiim
                0x0000000000008ffc       0x84 .pio/build/cubecell_board/libFrameworkArduino.a(Wire.cpp.o)
                0x0000000000008ffc                TwoWire::begin(int, int, unsigned long)
 .text._ZN7TwoWire17writeTransmissionEtPhtb
                0x0000000000009080       0xc0 .pio/build/cubecell_board/libFrameworkArduino.a(Wire.cpp.o)
                0x0000000000009080                TwoWire::writeTransmission(unsigned short, unsigned char*, unsigned short, bool)
 .text._ZN7TwoWire16readTransmissionEtPhtbPm
                0x0000000000009140       0xd2 .pio/build/cubecell_board/libFrameworkArduino.a(Wire.cpp.o)
                0x0000000000009140                TwoWire::readTransmission(unsigned short, unsigned char*, unsigned short, bool, unsigned long*)
 .text._ZN7TwoWire15endTransmissionEb
                0x0000000000009212       0x68 .pio/build/cubecell_board/libFrameworkArduino.a(Wire.cpp.o)
                0x0000000000009212                TwoWire::endTransmission(bool)
 .text._ZN7TwoWire11requestFromEthb
                0x000000000000927a       0x74 .pio/build/cubecell_board/libFrameworkArduino.a(Wire.cpp.o)
                0x000000000000927a                TwoWire::requestFrom(unsigned short, unsigned char, bool)
 .text._ZN7TwoWire11requestFromEii
                0x00000000000092ee        0xe .pio/build/cubecell_board/libFrameworkArduino.a(Wire.cpp.o)
                0x00000000000092ee                TwoWire::requestFrom(int, int)
 .text._ZN7TwoWire17beginTransmissionEi
                0x00000000000092fc       0x12 .pio/build/cubecell_board/libFrameworkArduino.a(Wire.cpp.o)
                0x00000000000092fc                TwoWire::beginTransmission(int)
 .text._ZN7TwoWire17beginTransmissionEh
                0x000000000000930e       0x12 .pio/build/cubecell_board/libFrameworkArduino.a(Wire.cpp.o)
                0x000000000000930e                TwoWire::beginTransmission(unsigned char)
 .text.startup._GLOBAL__sub_I__ZN7TwoWireC2Ea
                0x0000000000009320       0x40 .pio/build/cubecell_board/libFrameworkArduino.a(Wire.cpp.o)
 .text._Z17getBatteryVoltagev
                0x0000000000009360       0x4c .pio/build/cubecell_board/libFrameworkArduino.a(basic.cpp.o)
                0x0000000000009360                getBatteryVoltage()
 .text._Z20BoardGetBatteryLevelv
                0x00000000000093ac       0x7c .pio/build/cubecell_board/libFrameworkArduino.a(basic.cpp.o)
                0x00000000000093ac                BoardGetBatteryLevel()
 .text.SX126xIoInit
                0x0000000000009428       0x44 .pio/build/cubecell_board/libFrameworkArduino.a(asr_board.c.o)
                0x0000000000009428                SX126xIoInit
 .text.SX126xIoIrqInit
                0x000000000000946c       0x14 .pio/build/cubecell_board/libFrameworkArduino.a(asr_board.c.o)
                0x000000000000946c                SX126xIoIrqInit
 .text.SX126xGetBoardTcxoWakeupTime
                0x0000000000009480        0x4 .pio/build/cubecell_board/libFrameworkArduino.a(asr_board.c.o)
                0x0000000000009480                SX126xGetBoardTcxoWakeupTime
 .text.SX126xReset
                0x0000000000009484       0x50 .pio/build/cubecell_board/libFrameworkArduino.a(asr_board.c.o)
                0x0000000000009484                SX126xReset
 .text.SX126xWaitOnBusy
                0x00000000000094d4       0x14 .pio/build/cubecell_board/libFrameworkArduino.a(asr_board.c.o)
                0x00000000000094d4                SX126xWaitOnBusy
 .text.SX126xWakeup
                0x00000000000094e8       0x38 .pio/build/cubecell_board/libFrameworkArduino.a(asr_board.c.o)
                0x00000000000094e8                SX126xWakeup
 .text.SX126xWriteCommand
                0x0000000000009520       0x50 .pio/build/cubecell_board/libFrameworkArduino.a(asr_board.c.o)
                0x0000000000009520                SX126xWriteCommand
 .text.SX126xReadCommand
                0x0000000000009570       0x54 .pio/build/cubecell_board/libFrameworkArduino.a(asr_board.c.o)
                0x0000000000009570                SX126xReadCommand
 .text.SX126xWriteRegisters
                0x00000000000095c4       0x5c .pio/build/cubecell_board/libFrameworkArduino.a(asr_board.c.o)
                0x00000000000095c4                SX126xWriteRegisters
 .text.SX126xWriteRegister
                0x0000000000009620       0x12 .pio/build/cubecell_board/libFrameworkArduino.a(asr_board.c.o)
                0x0000000000009620                SX126xWriteRegister
 *fill*         0x0000000000009632        0x2 
 .text.SX126xReadRegisters
                0x0000000000009634       0x64 .pio/build/cubecell_board/libFrameworkArduino.a(asr_board.c.o)
                0x0000000000009634                SX126xReadRegisters
 .text.SX126xReadRegister
                0x0000000000009698       0x12 .pio/build/cubecell_board/libFrameworkArduino.a(asr_board.c.o)
                0x0000000000009698                SX126xReadRegister
 *fill*         0x00000000000096aa        0x2 
 .text.SX126xWriteBuffer
                0x00000000000096ac       0x54 .pio/build/cubecell_board/libFrameworkArduino.a(asr_board.c.o)
                0x00000000000096ac                SX126xWriteBuffer
 .text.SX126xReadBuffer
                0x0000000000009700       0x5c .pio/build/cubecell_board/libFrameworkArduino.a(asr_board.c.o)
                0x0000000000009700                SX126xReadBuffer
 .text.SX126xSetRfTxPower
                0x000000000000975c        0xa .pio/build/cubecell_board/libFrameworkArduino.a(asr_board.c.o)
                0x000000000000975c                SX126xSetRfTxPower
 .text.SX126xGetPaSelect
                0x0000000000009766        0x4 .pio/build/cubecell_board/libFrameworkArduino.a(asr_board.c.o)
                0x0000000000009766                SX126xGetPaSelect
 .text.SX126xAntSwOn
                0x000000000000976a        0x2 .pio/build/cubecell_board/libFrameworkArduino.a(asr_board.c.o)
                0x000000000000976a                SX126xAntSwOn
 .text.SX126xAntSwOff
                0x000000000000976c        0x2 .pio/build/cubecell_board/libFrameworkArduino.a(asr_board.c.o)
                0x000000000000976c                SX126xAntSwOff
 .text.BoardDisableIrq
                0x000000000000976e        0x4 .pio/build/cubecell_board/libFrameworkArduino.a(asr_board.c.o)
                0x000000000000976e                BoardDisableIrq
 .text.BoardEnableIrq
                0x0000000000009772        0x4 .pio/build/cubecell_board/libFrameworkArduino.a(asr_board.c.o)
                0x0000000000009772                BoardEnableIrq
 *fill*         0x0000000000009776        0x2 
 .text.boardInitMcu
                0x0000000000009778       0x4c .pio/build/cubecell_board/libFrameworkArduino.a(asr_board.c.o)
                0x0000000000009778                boardInitMcu
 .text.GpioInit
                0x00000000000097c4       0x12 .pio/build/cubecell_board/libFrameworkArduino.a(gpio.c.o)
                0x00000000000097c4                GpioInit
 .text.GpioSetInterrupt
                0x00000000000097d6        0x8 .pio/build/cubecell_board/libFrameworkArduino.a(gpio.c.o)
                0x00000000000097d6                GpioSetInterrupt
 .text.GpioWrite
                0x00000000000097de        0x8 .pio/build/cubecell_board/libFrameworkArduino.a(gpio.c.o)
                0x00000000000097de                GpioWrite
 .text.GpioRead
                0x00000000000097e6        0x8 .pio/build/cubecell_board/libFrameworkArduino.a(gpio.c.o)
                0x00000000000097e6                GpioRead
 *fill*         0x00000000000097ee        0x2 
 .text.SpiInit  0x00000000000097f0       0x14 .pio/build/cubecell_board/libFrameworkArduino.a(spi-board.c.o)
                0x00000000000097f0                SpiInit
 .text.SpiInOut
                0x0000000000009804       0x34 .pio/build/cubecell_board/libFrameworkArduino.a(spi-board.c.o)
                0x0000000000009804                SpiInOut
 .text.ADC_SAR_Seq_Init
                0x0000000000009838       0xdc .pio/build/cubecell_board/libFrameworkArduino.a(ADC_SAR_Seq.c.o)
                0x0000000000009838                ADC_SAR_Seq_Init
 .text.ADC_SAR_Seq_Enable
                0x0000000000009914       0x2c .pio/build/cubecell_board/libFrameworkArduino.a(ADC_SAR_Seq.c.o)
                0x0000000000009914                ADC_SAR_Seq_Enable
 .text.ADC_SAR_Seq_Start
                0x0000000000009940       0x1c .pio/build/cubecell_board/libFrameworkArduino.a(ADC_SAR_Seq.c.o)
                0x0000000000009940                ADC_SAR_Seq_Start
 .text.ADC_SAR_Seq_Stop
                0x000000000000995c       0x10 .pio/build/cubecell_board/libFrameworkArduino.a(ADC_SAR_Seq.c.o)
                0x000000000000995c                ADC_SAR_Seq_Stop
 .text.ADC_SAR_Seq_StartConvert
                0x000000000000996c        0xc .pio/build/cubecell_board/libFrameworkArduino.a(ADC_SAR_Seq.c.o)
                0x000000000000996c                ADC_SAR_Seq_StartConvert
 .text.ADC_SAR_Seq_StopConvert
                0x0000000000009978        0x2 .pio/build/cubecell_board/libFrameworkArduino.a(ADC_SAR_Seq.c.o)
                0x0000000000009978                ADC_SAR_Seq_StopConvert
 *fill*         0x000000000000997a        0x2 
 .text.ADC_SAR_Seq_IsEndConversion
                0x000000000000997c       0x2c .pio/build/cubecell_board/libFrameworkArduino.a(ADC_SAR_Seq.c.o)
                0x000000000000997c                ADC_SAR_Seq_IsEndConversion
 .text.ADC_SAR_Seq_GetResult16
                0x00000000000099a8       0x20 .pio/build/cubecell_board/libFrameworkArduino.a(ADC_SAR_Seq.c.o)
                0x00000000000099a8                ADC_SAR_Seq_GetResult16
 .text.ADC_SAR_Seq_CountsTo_mVolts
                0x00000000000099c8       0x8c .pio/build/cubecell_board/libFrameworkArduino.a(ADC_SAR_Seq.c.o)
                0x00000000000099c8                ADC_SAR_Seq_CountsTo_mVolts
 .text.ADC_SAR_Seq_ISR
                0x0000000000009a54        0xc .pio/build/cubecell_board/libFrameworkArduino.a(ADC_SAR_Seq_INT.c.o)
                0x0000000000009a54                ADC_SAR_Seq_ISR
 .text.I2C_1_I2CMasterHandleStatus
                0x0000000000009a60       0x94 .pio/build/cubecell_board/libFrameworkArduino.a(I2C_1_I2C_MASTER.c.o)
 .text.I2C_1_I2CMasterWaitOneUnit
                0x0000000000009af4       0x24 .pio/build/cubecell_board/libFrameworkArduino.a(I2C_1_I2C_MASTER.c.o)
 .text.I2C_1_I2CMasterSendStart
                0x0000000000009b18       0xbc .pio/build/cubecell_board/libFrameworkArduino.a(I2C_1_I2C_MASTER.c.o)
                0x0000000000009b18                I2C_1_I2CMasterSendStart
 .text.I2C_1_I2CMasterSendStop
                0x0000000000009bd4       0x54 .pio/build/cubecell_board/libFrameworkArduino.a(I2C_1_I2C_MASTER.c.o)
                0x0000000000009bd4                I2C_1_I2CMasterSendStop
 .text.I2C_1_I2CMasterWriteByte
                0x0000000000009c28       0x44 .pio/build/cubecell_board/libFrameworkArduino.a(I2C_1_I2C_MASTER.c.o)
                0x0000000000009c28                I2C_1_I2CMasterWriteByte
 .text.I2C_1_I2CMasterReadByte
                0x0000000000009c6c       0x78 .pio/build/cubecell_board/libFrameworkArduino.a(I2C_1_I2C_MASTER.c.o)
                0x0000000000009c6c                I2C_1_I2CMasterReadByte
 .text.I2C_1_I2CMasterClearReadBuf
                0x0000000000009ce4       0x28 .pio/build/cubecell_board/libFrameworkArduino.a(I2C_1_I2C_MASTER.c.o)
                0x0000000000009ce4                I2C_1_I2CMasterClearReadBuf
 .text.I2C_1_I2CMasterClearWriteBuf
                0x0000000000009d0c       0x28 .pio/build/cubecell_board/libFrameworkArduino.a(I2C_1_I2C_MASTER.c.o)
                0x0000000000009d0c                I2C_1_I2CMasterClearWriteBuf
 .text.I2C_1_I2CMasterClearStatus
                0x0000000000009d34       0x20 .pio/build/cubecell_board/libFrameworkArduino.a(I2C_1_I2C_MASTER.c.o)
                0x0000000000009d34                I2C_1_I2CMasterClearStatus
 .text.I2C_1_I2CReStartGeneration
                0x0000000000009d54       0x24 .pio/build/cubecell_board/libFrameworkArduino.a(I2C_1_I2C_MASTER.c.o)
                0x0000000000009d54                I2C_1_I2CReStartGeneration
 .text.I2C_1_I2CMasterSendRestart
                0x0000000000009d78       0x60 .pio/build/cubecell_board/libFrameworkArduino.a(I2C_1_I2C_MASTER.c.o)
                0x0000000000009d78                I2C_1_I2CMasterSendRestart
 .text.I2C_I2CMasterHandleStatus
                0x0000000000009dd8       0x94 .pio/build/cubecell_board/libFrameworkArduino.a(I2C_I2C_MASTER.c.o)
 .text.I2C_I2CMasterWaitOneUnit
                0x0000000000009e6c       0x24 .pio/build/cubecell_board/libFrameworkArduino.a(I2C_I2C_MASTER.c.o)
 .text.I2C_I2CMasterSendStart
                0x0000000000009e90       0xbc .pio/build/cubecell_board/libFrameworkArduino.a(I2C_I2C_MASTER.c.o)
                0x0000000000009e90                I2C_I2CMasterSendStart
 .text.I2C_I2CMasterSendStop
                0x0000000000009f4c       0x54 .pio/build/cubecell_board/libFrameworkArduino.a(I2C_I2C_MASTER.c.o)
                0x0000000000009f4c                I2C_I2CMasterSendStop
 .text.I2C_I2CMasterWriteByte
                0x0000000000009fa0       0x44 .pio/build/cubecell_board/libFrameworkArduino.a(I2C_I2C_MASTER.c.o)
                0x0000000000009fa0                I2C_I2CMasterWriteByte
 .text.I2C_I2CMasterReadByte
                0x0000000000009fe4       0x78 .pio/build/cubecell_board/libFrameworkArduino.a(I2C_I2C_MASTER.c.o)
                0x0000000000009fe4                I2C_I2CMasterReadByte
 .text.I2C_I2CMasterClearReadBuf
                0x000000000000a05c       0x28 .pio/build/cubecell_board/libFrameworkArduino.a(I2C_I2C_MASTER.c.o)
                0x000000000000a05c                I2C_I2CMasterClearReadBuf
 .text.I2C_I2CMasterClearWriteBuf
                0x000000000000a084       0x28 .pio/build/cubecell_board/libFrameworkArduino.a(I2C_I2C_MASTER.c.o)
                0x000000000000a084                I2C_I2CMasterClearWriteBuf
 .text.I2C_I2CMasterClearStatus
                0x000000000000a0ac       0x20 .pio/build/cubecell_board/libFrameworkArduino.a(I2C_I2C_MASTER.c.o)
                0x000000000000a0ac                I2C_I2CMasterClearStatus
 .text.I2C_I2CReStartGeneration
                0x000000000000a0cc       0x24 .pio/build/cubecell_board/libFrameworkArduino.a(I2C_I2C_MASTER.c.o)
                0x000000000000a0cc                I2C_I2CReStartGeneration
 .text.I2C_I2CMasterSendRestart
                0x000000000000a0f0       0x60 .pio/build/cubecell_board/libFrameworkArduino.a(I2C_I2C_MASTER.c.o)
                0x000000000000a0f0                I2C_I2CMasterSendRestart
 .text.PWM1_Stop
                0x000000000000a150       0x34 .pio/build/cubecell_board/libFrameworkArduino.a(PWM1.c.o)
                0x000000000000a150                PWM1_Stop
 .text.PWM2_Stop
                0x000000000000a184       0x34 .pio/build/cubecell_board/libFrameworkArduino.a(PWM2.c.o)
                0x000000000000a184                PWM2_Stop
 .text._ZN5Print5writeEPKc
                0x000000000000a1b8       0x1c .pio/build/cubecell_board/libFrameworkArduino.a(Print.cpp.o)
                0x000000000000a1b8                Print::write(char const*)
 .text._ZN5Print6printfEPKcz
                0x000000000000a1d4       0x5a .pio/build/cubecell_board/libFrameworkArduino.a(Print.cpp.o)
                0x000000000000a1d4                Print::printf(char const*, ...)
 .text._ZN5Print5printEPKc
                0x000000000000a22e        0x8 .pio/build/cubecell_board/libFrameworkArduino.a(Print.cpp.o)
                0x000000000000a22e                Print::print(char const*)
 .text._ZN5Print5printEc
                0x000000000000a236        0xa .pio/build/cubecell_board/libFrameworkArduino.a(Print.cpp.o)
                0x000000000000a236                Print::print(char)
 .text._ZN5Print7printlnEv
                0x000000000000a240       0x10 .pio/build/cubecell_board/libFrameworkArduino.a(Print.cpp.o)
                0x000000000000a240                Print::println()
 .text._ZN5Print7printlnEPKc
                0x000000000000a250       0x14 .pio/build/cubecell_board/libFrameworkArduino.a(Print.cpp.o)
                0x000000000000a250                Print::println(char const*)
 .text._ZN5Print11printNumberEmh
                0x000000000000a264       0x4e .pio/build/cubecell_board/libFrameworkArduino.a(Print.cpp.o)
                0x000000000000a264                Print::printNumber(unsigned long, unsigned char)
 .text._ZN5Print5printEli
                0x000000000000a2b2       0x3e .pio/build/cubecell_board/libFrameworkArduino.a(Print.cpp.o)
                0x000000000000a2b2                Print::print(long, int)
 .text._ZN5Print7printlnEii
                0x000000000000a2f0       0x14 .pio/build/cubecell_board/libFrameworkArduino.a(Print.cpp.o)
                0x000000000000a2f0                Print::println(int, int)
 .text._ZN5Print5printEmi
                0x000000000000a304       0x18 .pio/build/cubecell_board/libFrameworkArduino.a(Print.cpp.o)
                0x000000000000a304                Print::print(unsigned long, int)
 .text._ZN5Print7printlnEhi
                0x000000000000a31c       0x14 .pio/build/cubecell_board/libFrameworkArduino.a(Print.cpp.o)
                0x000000000000a31c                Print::println(unsigned char, int)
 .text._ZN5Print7printlnEmi
                0x000000000000a330       0x14 .pio/build/cubecell_board/libFrameworkArduino.a(Print.cpp.o)
                0x000000000000a330                Print::println(unsigned long, int)
 .text._ZN6Stream9timedReadEv
                0x000000000000a344       0x2a .pio/build/cubecell_board/libFrameworkArduino.a(Stream.cpp.o)
                0x000000000000a344                Stream::timedRead()
 .text._ZN6Stream9readBytesEPcj
                0x000000000000a36e       0x22 .pio/build/cubecell_board/libFrameworkArduino.a(Stream.cpp.o)
                0x000000000000a36e                Stream::readBytes(char*, unsigned int)
 .text._ZN6Stream10readStringEv
                0x000000000000a390       0x28 .pio/build/cubecell_board/libFrameworkArduino.a(Stream.cpp.o)
                0x000000000000a390                Stream::readString()
 .text._ZN6String10invalidateEv
                0x000000000000a3b8       0x18 .pio/build/cubecell_board/libFrameworkArduino.a(WString.cpp.o)
                0x000000000000a3b8                String::invalidate()
 .text._ZN6String12changeBufferEj
                0x000000000000a3d0       0x3a .pio/build/cubecell_board/libFrameworkArduino.a(WString.cpp.o)
                0x000000000000a3d0                String::changeBuffer(unsigned int)
 .text._ZN6String7reserveEj
                0x000000000000a40a       0x2a .pio/build/cubecell_board/libFrameworkArduino.a(WString.cpp.o)
                0x000000000000a40a                String::reserve(unsigned int)
 .text._ZN6String4copyEPKcj
                0x000000000000a434       0x28 .pio/build/cubecell_board/libFrameworkArduino.a(WString.cpp.o)
                0x000000000000a434                String::copy(char const*, unsigned int)
 .text._ZN6StringC2EPKc
                0x000000000000a45c       0x26 .pio/build/cubecell_board/libFrameworkArduino.a(WString.cpp.o)
                0x000000000000a45c                String::String(char const*)
                0x000000000000a45c                String::String(char const*)
 .text._ZN6String6concatEPKcj
                0x000000000000a482       0x32 .pio/build/cubecell_board/libFrameworkArduino.a(WString.cpp.o)
                0x000000000000a482                String::concat(char const*, unsigned int)
 .text._ZN6String6concatEc
                0x000000000000a4b4       0x16 .pio/build/cubecell_board/libFrameworkArduino.a(WString.cpp.o)
                0x000000000000a4b4                String::concat(char)
 *fill*         0x000000000000a4ca        0x2 
 .text.global_irq_SetPriority
                0x000000000000a4cc       0x20 .pio/build/cubecell_board/libFrameworkArduino.a(irq.c.o)
                0x000000000000a4cc                global_irq_SetPriority
 .text.global_irq_StartEx
                0x000000000000a4ec       0x24 .pio/build/cubecell_board/libFrameworkArduino.a(irq.c.o)
                0x000000000000a4ec                global_irq_StartEx
 .text.global_irq_Disable
                0x000000000000a510        0xc .pio/build/cubecell_board/libFrameworkArduino.a(irq.c.o)
                0x000000000000a510                global_irq_Disable
 .text.SX126xGetOperatingMode
                0x000000000000a51c        0xc .pio/build/cubecell_board/libFrameworkArduino.a(sx126x.c.o)
                0x000000000000a51c                SX126xGetOperatingMode
 .text.SX126xSetOperatingMode
                0x000000000000a528        0xc .pio/build/cubecell_board/libFrameworkArduino.a(sx126x.c.o)
                0x000000000000a528                SX126xSetOperatingMode
 .text.SX126xCheckDeviceReady
                0x000000000000a534       0x24 .pio/build/cubecell_board/libFrameworkArduino.a(sx126x.c.o)
                0x000000000000a534                SX126xCheckDeviceReady
 .text.SX126xSetPayload
                0x000000000000a558        0xe .pio/build/cubecell_board/libFrameworkArduino.a(sx126x.c.o)
                0x000000000000a558                SX126xSetPayload
 *fill*         0x000000000000a566        0x2 
 .text.SX126xSetSyncWord
                0x000000000000a568       0x3c .pio/build/cubecell_board/libFrameworkArduino.a(sx126x.c.o)
                0x000000000000a568                SX126xSetSyncWord
 .text.SX126xSetCrcSeed
                0x000000000000a5a4       0x24 .pio/build/cubecell_board/libFrameworkArduino.a(sx126x.c.o)
                0x000000000000a5a4                SX126xSetCrcSeed
 .text.SX126xSetCrcPolynomial
                0x000000000000a5c8       0x24 .pio/build/cubecell_board/libFrameworkArduino.a(sx126x.c.o)
                0x000000000000a5c8                SX126xSetCrcPolynomial
 .text.SX126xSetWhiteningSeed
                0x000000000000a5ec       0x3c .pio/build/cubecell_board/libFrameworkArduino.a(sx126x.c.o)
                0x000000000000a5ec                SX126xSetWhiteningSeed
 .text.SX126xSetSleep
                0x000000000000a628       0x20 .pio/build/cubecell_board/libFrameworkArduino.a(sx126x.c.o)
                0x000000000000a628                SX126xSetSleep
 .text.sx126xSleep
                0x000000000000a648       0x10 .pio/build/cubecell_board/libFrameworkArduino.a(sx126x.c.o)
                0x000000000000a648                sx126xSleep
 .text.SX126xSetStandby
                0x000000000000a658       0x28 .pio/build/cubecell_board/libFrameworkArduino.a(sx126x.c.o)
                0x000000000000a658                SX126xSetStandby
 .text.SX126xSetTx
                0x000000000000a680       0x24 .pio/build/cubecell_board/libFrameworkArduino.a(sx126x.c.o)
                0x000000000000a680                SX126xSetTx
 .text.SX126xSendPayload
                0x000000000000a6a4       0x10 .pio/build/cubecell_board/libFrameworkArduino.a(sx126x.c.o)
                0x000000000000a6a4                SX126xSendPayload
 .text.SX126xSetRx
                0x000000000000a6b4       0x24 .pio/build/cubecell_board/libFrameworkArduino.a(sx126x.c.o)
                0x000000000000a6b4                SX126xSetRx
 .text.SX126xSetRxBoosted
                0x000000000000a6d8       0x30 .pio/build/cubecell_board/libFrameworkArduino.a(sx126x.c.o)
                0x000000000000a6d8                SX126xSetRxBoosted
 .text.SX126xSetRxDutyCycle
                0x000000000000a708       0x2c .pio/build/cubecell_board/libFrameworkArduino.a(sx126x.c.o)
                0x000000000000a708                SX126xSetRxDutyCycle
 .text.SX126xSetCad
                0x000000000000a734       0x18 .pio/build/cubecell_board/libFrameworkArduino.a(sx126x.c.o)
                0x000000000000a734                SX126xSetCad
 .text.SX126xSetTxContinuousWave
                0x000000000000a74c        0xe .pio/build/cubecell_board/libFrameworkArduino.a(sx126x.c.o)
                0x000000000000a74c                SX126xSetTxContinuousWave
 .text.SX126xSetStopRxTimerOnPreambleDetect
                0x000000000000a75a       0x12 .pio/build/cubecell_board/libFrameworkArduino.a(sx126x.c.o)
                0x000000000000a75a                SX126xSetStopRxTimerOnPreambleDetect
 .text.SX126xSetLoRaSymbNumTimeout
                0x000000000000a76c       0x12 .pio/build/cubecell_board/libFrameworkArduino.a(sx126x.c.o)
                0x000000000000a76c                SX126xSetLoRaSymbNumTimeout
 .text.SX126xSetRegulatorMode
                0x000000000000a77e       0x12 .pio/build/cubecell_board/libFrameworkArduino.a(sx126x.c.o)
                0x000000000000a77e                SX126xSetRegulatorMode
 .text.SX126xCalibrate
                0x000000000000a790       0x10 .pio/build/cubecell_board/libFrameworkArduino.a(sx126x.c.o)
                0x000000000000a790                SX126xCalibrate
 .text.SX126xCalibrateImage
                0x000000000000a7a0       0x68 .pio/build/cubecell_board/libFrameworkArduino.a(sx126x.c.o)
                0x000000000000a7a0                SX126xCalibrateImage
 .text.SX126xSetPaConfig
                0x000000000000a808       0x18 .pio/build/cubecell_board/libFrameworkArduino.a(sx126x.c.o)
                0x000000000000a808                SX126xSetPaConfig
 .text.SX126xSetDioIrqParams
                0x000000000000a820       0x20 .pio/build/cubecell_board/libFrameworkArduino.a(sx126x.c.o)
                0x000000000000a820                SX126xSetDioIrqParams
 .text.SX126xGetIrqStatus
                0x000000000000a840       0x1a .pio/build/cubecell_board/libFrameworkArduino.a(sx126x.c.o)
                0x000000000000a840                SX126xGetIrqStatus
 .text.SX126xSetDio2AsRfSwitchCtrl
                0x000000000000a85a       0x12 .pio/build/cubecell_board/libFrameworkArduino.a(sx126x.c.o)
                0x000000000000a85a                SX126xSetDio2AsRfSwitchCtrl
 .text.SX126xSetDio3AsTcxoCtrl
                0x000000000000a86c       0x1e .pio/build/cubecell_board/libFrameworkArduino.a(sx126x.c.o)
                0x000000000000a86c                SX126xSetDio3AsTcxoCtrl
 *fill*         0x000000000000a88a        0x2 
 .text.SX126xInit
                0x000000000000a88c       0x4c .pio/build/cubecell_board/libFrameworkArduino.a(sx126x.c.o)
                0x000000000000a88c                SX126xInit
 .text.SX126xSetRfFrequency
                0x000000000000a8d8       0x40 .pio/build/cubecell_board/libFrameworkArduino.a(sx126x.c.o)
                0x000000000000a8d8                SX126xSetRfFrequency
 .text.SX126xSetPacketType
                0x000000000000a918       0x1c .pio/build/cubecell_board/libFrameworkArduino.a(sx126x.c.o)
                0x000000000000a918                SX126xSetPacketType
 .text.SX126xGetPacketType
                0x000000000000a934        0xc .pio/build/cubecell_board/libFrameworkArduino.a(sx126x.c.o)
                0x000000000000a934                SX126xGetPacketType
 .text.SX126xSetTxParams
                0x000000000000a940       0xb4 .pio/build/cubecell_board/libFrameworkArduino.a(sx126x.c.o)
                0x000000000000a940                SX126xSetTxParams
 .text.SX126xSetModulationParams
                0x000000000000a9f4       0xa0 .pio/build/cubecell_board/libFrameworkArduino.a(sx126x.c.o)
                0x000000000000a9f4                SX126xSetModulationParams
 .text.SX126xSetPacketParams
                0x000000000000aa94       0xa8 .pio/build/cubecell_board/libFrameworkArduino.a(sx126x.c.o)
                0x000000000000aa94                SX126xSetPacketParams
 .text.SX126xSetCadParams
                0x000000000000ab3c       0x30 .pio/build/cubecell_board/libFrameworkArduino.a(sx126x.c.o)
                0x000000000000ab3c                SX126xSetCadParams
 .text.SX126xSetBufferBaseAddress
                0x000000000000ab6c       0x14 .pio/build/cubecell_board/libFrameworkArduino.a(sx126x.c.o)
                0x000000000000ab6c                SX126xSetBufferBaseAddress
 .text.SX126xGetRssiInst
                0x000000000000ab80       0x16 .pio/build/cubecell_board/libFrameworkArduino.a(sx126x.c.o)
                0x000000000000ab80                SX126xGetRssiInst
 *fill*         0x000000000000ab96        0x2 
 .text.SX126xGetRxBufferStatus
                0x000000000000ab98       0x4c .pio/build/cubecell_board/libFrameworkArduino.a(sx126x.c.o)
                0x000000000000ab98                SX126xGetRxBufferStatus
 .text.SX126xGetPayload
                0x000000000000abe4       0x2c .pio/build/cubecell_board/libFrameworkArduino.a(sx126x.c.o)
                0x000000000000abe4                SX126xGetPayload
 .text.SX126xGetPacketStatus
                0x000000000000ac10       0x7c .pio/build/cubecell_board/libFrameworkArduino.a(sx126x.c.o)
                0x000000000000ac10                SX126xGetPacketStatus
 .text.SX126xClearIrqStatus
                0x000000000000ac8c       0x12 .pio/build/cubecell_board/libFrameworkArduino.a(sx126x.c.o)
                0x000000000000ac8c                SX126xClearIrqStatus
 .text.xor_block
                0x000000000000ac9e       0x82 .pio/build/cubecell_board/libFrameworkArduino.a(aes.c.o)
 .text.copy_and_key
                0x000000000000ad20       0x84 .pio/build/cubecell_board/libFrameworkArduino.a(aes.c.o)
 .text.aes_set_key
                0x000000000000ada4      0x10c .pio/build/cubecell_board/libFrameworkArduino.a(aes.c.o)
                0x000000000000ada4                aes_set_key
 .text.aes_encrypt
                0x000000000000aeb0      0x28c .pio/build/cubecell_board/libFrameworkArduino.a(aes.c.o)
                0x000000000000aeb0                aes_encrypt
 .text.AES_CMAC_Init
                0x000000000000b13c       0x1e .pio/build/cubecell_board/libFrameworkArduino.a(cmac.c.o)
                0x000000000000b13c                AES_CMAC_Init
 .text.AES_CMAC_SetKey
                0x000000000000b15a       0x12 .pio/build/cubecell_board/libFrameworkArduino.a(cmac.c.o)